Component: ARM Compiler 5.06 update 1 (build 61) Tool: armlink [4d35a8]

==============================================================================

Section Cross References

    app.o(.text) refers to bsp_ili9341_lcd.o(.text) for LCD_SetFont
    app.o(.text) refers to os_time.o(.text) for OSTimeDlyHMSM
    app.o(.text) refers to os_mbox.o(.text) for OSMboxPend
    app.o(.text) refers to modbus_m.o(.text) for MasterAnalyService
    app.o(.text) refers to stm32f10x_rcc.o(.text) for RCC_APB1PeriphClockCmd
    app.o(.text) refers to os_task.o(.text) for OSTaskCreate
    app.o(.text) refers to fonts.o(.data) for Font8x16
    app.o(.text) refers to bsp_ili9341_lcd.o(.data) for LCD_Y_LENGTH
    app.o(.text) refers to modbus_m.o(.bss) for RX_BUFF
    app.o(.text) refers to modbus_m.o(.data) for EXCEPTION_CODE
    app.o(.text) refers to app.o(.data) for Tim7_Analysis_Mbox
    app.o(.text) refers to stm32f10x_it.o(.data) for time
    app.o(.text) refers to app.o(.bss) for send_task_stk
    bsp.o(.text) refers to system_stm32f10x.o(.text) for SystemInit
    bsp.o(.text) refers to bsp_led.o(.text) for LED_GPIO_Config
    bsp.o(.text) refers to bsp_tim.o(.text) for TIM7Init
    bsp.o(.text) refers to bsp_ili9341_lcd.o(.text) for ILI9341_Init
    bsp.o(.text) refers to bsp_usart.o(.text) for USART_Config
    bsp.o(.text) refers to system_stm32f10x.o(.data) for SystemCoreClock
    fonts.o(.data) refers to fonts.o(.constdata) for ASCII8x16_Table
    bsp_ili9341_lcd.o(.text) refers to stm32f10x_rcc.o(.text) for RCC_APB2PeriphClockCmd
    bsp_ili9341_lcd.o(.text) refers to stm32f10x_gpio.o(.text) for GPIO_Init
    bsp_ili9341_lcd.o(.text) refers to stm32f10x_fsmc.o(.text) for FSMC_NORSRAMInit
    bsp_ili9341_lcd.o(.text) refers to bsp_ili9341_lcd.o(i.ILI9341_Write_Cmd) for ILI9341_Write_Cmd
    bsp_ili9341_lcd.o(.text) refers to bsp_ili9341_lcd.o(i.ILI9341_Write_Data) for ILI9341_Write_Data
    bsp_ili9341_lcd.o(.text) refers to bsp_ili9341_lcd.o(i.ILI9341_Read_Data) for ILI9341_Read_Data
    bsp_ili9341_lcd.o(.text) refers to bsp_ili9341_lcd.o(.data) for LCD_SCAN_MODE
    bsp_ili9341_lcd.o(.text) refers to printf3.o(i.__0sprintf$3) for __2sprintf
    bsp_ili9341_lcd.o(.text) refers to fonts.o(.data) for Font16x24
    bsp_ili9341_lcd.o(.data) refers to fonts.o(.data) for Font8x16
    bsp_led.o(.text) refers to stm32f10x_rcc.o(.text) for RCC_APB2PeriphClockCmd
    bsp_led.o(.text) refers to stm32f10x_gpio.o(.text) for GPIO_Init
    bsp_usart.o(.text) refers to misc.o(.text) for NVIC_PriorityGroupConfig
    bsp_usart.o(.text) refers to stm32f10x_rcc.o(.text) for RCC_APB2PeriphClockCmd
    bsp_usart.o(.text) refers to stm32f10x_gpio.o(.text) for GPIO_Init
    bsp_usart.o(.text) refers to stm32f10x_usart.o(.text) for USART_Init
    crc.o(.text) refers to crc.o(.constdata) for auchCRCHi
    modbus_m.o(.text) refers to crc.o(.text) for CRCCompute
    modbus_m.o(.text) refers to bsp_usart.o(.text) for Usart_SendArray
    modbus_m.o(.text) refers to modbus_m.o(.bss) for TX_BUFF
    modbus_m.o(.text) refers to modbus_m.o(.data) for i
    modbus_m.o(.text) refers to app.o(.data) for RX_CNT
    bsp_tim.o(.text) refers to misc.o(.text) for NVIC_PriorityGroupConfig
    bsp_tim.o(.text) refers to stm32f10x_rcc.o(.text) for RCC_APB1PeriphClockCmd
    bsp_tim.o(.text) refers to stm32f10x_tim.o(.text) for TIM_TimeBaseInit
    os_cpu_c.o(.text) refers to os_cpu_a.o(.text) for OS_CPU_SR_Save
    os_cpu_c.o(.text) refers to os_core.o(.text) for OSTimeTick
    os_cpu_c.o(.text) refers to os_core.o(.data) for OSIntNesting
    os_cpu_a.o(.text) refers to os_core.o(.data) for OSRunning
    os_cpu_a.o(.text) refers to os_cpu_c.o(.text) for OSTaskSwHook
    os_core.o(.text) refers to os_cpu_a.o(.text) for OS_CPU_SR_Save
    os_core.o(.text) refers to os_task.o(.text) for OSTaskStkChk
    os_core.o(.text) refers to os_time.o(.text) for OSTimeDly
    os_core.o(.text) refers to os_cpu_c.o(.text) for OSTaskStatHook
    os_core.o(.text) refers to os_core.o(.data) for OSIntNesting
    os_core.o(.text) refers to os_core.o(.bss) for OSTCBPrioTbl
    os_core.o(.text) refers to os_core.o(.constdata) for OSUnMapTbl
    os_mbox.o(.text) refers to os_cpu_a.o(.text) for OS_CPU_SR_Save
    os_mbox.o(.text) refers to os_core.o(.text) for OS_EventWaitListInit
    os_mbox.o(.text) refers to os_core.o(.data) for OSIntNesting
    os_task.o(.text) refers to os_cpu_a.o(.text) for OS_CPU_SR_Save
    os_task.o(.text) refers to os_core.o(.text) for OS_Sched
    os_task.o(.text) refers to os_cpu_c.o(.text) for OSTaskStkInit
    os_task.o(.text) refers to os_core.o(.bss) for OSTCBPrioTbl
    os_task.o(.text) refers to os_core.o(.data) for OSTCBCur
    os_time.o(.text) refers to os_cpu_a.o(.text) for OS_CPU_SR_Save
    os_time.o(.text) refers to os_core.o(.text) for OS_Sched
    os_time.o(.text) refers to os_core.o(.data) for OSIntNesting
    os_time.o(.text) refers to os_core.o(.bss) for OSTCBPrioTbl
    main.o(.text) refers to bsp.o(.text) for BSPInit
[...]
    printf3.o(i.__0vsprintf$3) refers to printf3.o(i._printf_core) for _printf_core
    printf3.o(i.__0vsprintf$3) refers to printf3.o(i._sputc) for _sputc
    printf3.o(i._printf_core) refers to uidiv.o(.text) for __aeabi_uidivmod
    printf4.o(i.__0fprintf$4) refers to printf4.o(i._printf_core) for _printf_core
    printf4.o(i.__0fprintf$4) refers to bsp_usart.o(.text) for fputc
    printf4.o(i.__0printf$4) refers to printf4.o(i._printf_core) for _printf_core
    printf4.o(i.__0printf$4) refers to bsp_usart.o(.text) for fputc
    printf4.o(i.__0printf$4) refers to stdout.o(.data) for __stdout
    printf4.o(i.__0snprintf$4) refers to printf4.o(i._printf_core) for _printf_core
    printf4.o(i.__0snprintf$4) refers to printf4.o(i._snputc) for _snputc
    printf4.o(i.__0sprintf$4) refers to printf4.o(i._printf_core) for _printf_core
    printf4.o(i.__0sprintf$4) refers to printf4.o(i._sputc) for _sputc
    printf4.o(i.__0vfprintf$4) refers to printf4.o(i._printf_core) for _printf_core
    printf4.o(i.__0vfprintf$4) refers to bsp_usart.o(.text) for fputc
    printf4.o(i.__0vprintf$4) refers to printf4.o(i._printf_core) for _printf_core
    printf4.o(i.__0vprintf$4) refers to bsp_usart.o(.text) for fputc
    printf4.o(i.__0vprintf$4) refers to stdout.o(.data) for __stdout
    printf4.o(i.__0vsnprintf$4) refers to printf4.o(i._printf_core) for _printf_core
    printf4.o(i.__0vsnprintf$4) refers to printf4.o(i._snputc) for _snputc
    printf4.o(i.__0vsprintf$4) refers to printf4.o(i._printf_core) for _printf_core
    printf4.o(i.__0vsprintf$4) refers to printf4.o(i._sputc) for _sputc
    printf4.o(i._printf_core) refers to uldiv.o(.text) for __aeabi_uldivmod
    printf5.o(i.__0fprintf$5) refers to printf5.o(i._printf_core) for _printf_core
    printf5.o(i.__0fprintf$5) refers to bsp_usart.o(.text) for fputc
    printf5.o(i.__0printf$5) refers to printf5.o(i._printf_core) for _printf_core
    printf5.o(i.__0printf$5) refers to bsp_usart.o(.text) for fputc
    printf5.o(i.__0printf$5) refers to stdout.o(.data) for __stdout
    printf5.o(i.__0snprintf$5) refers to printf5.o(i._printf_core) for _printf_core
    printf5.o(i.__0snprintf$5) refers to printf5.o(i._snputc) for _snputc
    printf5.o(i.__0sprintf$5) refers to printf5.o(i._printf_core) for _printf_core
    printf5.o(i.__0sprintf$5) refers to printf5.o(i._sputc) for _sputc
    printf5.o(i.__0vfprintf$5) refers to printf5.o(i._printf_core) for _printf_core
    printf5.o(i.__0vfprintf$5) refers to bsp_usart.o(.text) for fputc
    printf5.o(i.__0vprintf$5) refers to printf5.o(i._printf_core) for _printf_core
    printf5.o(i.__0vprintf$5) refers to bsp_usart.o(.text) for fputc
    printf5.o(i.__0vprintf$5) refers to stdout.o(.data) for __stdout
    printf5.o(i.__0vsnprintf$5) refers to printf5.o(i._printf_core) for _printf_core
    printf5.o(i.__0vsnprintf$5) refers to printf5.o(i._snputc) for _snputc
    printf5.o(i.__0vsprintf$5) refers to printf5.o(i._printf_core) for _printf_core
    printf5.o(i.__0vsprintf$5) refers to printf5.o(i._sputc) for _sputc
    printf5.o(i._printf_core) refers to uldiv.o(.text) for __aeabi_uldivmod
    printf6.o(i.__0fprintf$6) refers to printf6.o(i._printf_core) for _printf_core
    printf6.o(i.__0fprintf$6) refers to bsp_usart.o(.text) for fputc
    printf6.o(i.__0printf$6) refers to printf6.o(i._printf_core) for _printf_core
    printf6.o(i.__0printf$6) refers to bsp_usart.o(.text) for fputc
    printf6.o(i.__0printf$6) refers to stdout.o(.data) for __stdout
    printf6.o(i.__0snprintf$6) refers to printf6.o(i._printf_core) for _printf_core
    printf6.o(i.__0snprintf$6) refers to printf6.o(i._snputc) for _snputc
    printf6.o(i.__0sprintf$6) refers to printf6.o(i._printf_core) for _printf_core
    printf6.o(i.__0sprintf$6) refers to printf6.o(i._sputc) for _sputc
    printf6.o(i.__0vfprintf$6) refers to printf6.o(i._printf_core) for _printf_core
    printf6.o(i.__0vfprintf$6) refers to bsp_usart.o(.text) for fputc
    printf6.o(i.__0vprintf$6) refers to printf6.o(i._printf_core) for _printf_core
    printf6.o(i.__0vprintf$6) refers to bsp_usart.o(.text) for fputc
    printf6.o(i.__0vprintf$6) refers to stdout.o(.data) for __stdout
    printf6.o(i.__0vsnprintf$6) refers to printf6.o(i._printf_core) for _printf_core
    printf6.o(i.__0vsnprintf$6) refers to printf6.o(i._snputc) for _snputc
    printf6.o(i.__0vsprintf$6) refers to printf6.o(i._printf_core) for _printf_core
    printf6.o(i.__0vsprintf$6) refers to printf6.o(i._sputc) for _sputc
    printf6.o(i._printf_core) refers to printf6.o(i._printf_pre_padding) for _printf_pre_padding
    printf6.o(i._printf_core) refers to uidiv.o(.text) for __aeabi_uidivmod
    printf6.o(i._printf_core) refers to printf6.o(i._printf_post_padding) for _printf_post_padding
    printf7.o(i.__0fprintf$7) refers to printf7.o(i._printf_core) for _printf_core
    printf7.o(i.__0fprintf$7) refers to bsp_usart.o(.text) for fputc
    printf7.o(i.__0printf$7) refers to printf7.o(i._printf_core) for _printf_core
    printf7.o(i.__0printf$7) refers to bsp_usart.o(.text) for fputc
    printf7.o(i.__0printf$7) refers to stdout.o(.data) for __stdout
    printf7.o(i.__0snprintf$7) refers to printf7.o(i._printf_core) for _printf_core
    printf7.o(i.__0snprintf$7) refers to printf7.o(i._snputc) for _snputc
    printf7.o(i.__0sprintf$7) refers to printf7.o(i._printf_core) for _printf_core
    printf7.o(i.__0sprintf$7) refers to printf7.o(i._sputc) for _sputc
    printf7.o(i.__0vfprintf$7) refers to printf7.o(i._printf_core) for _printf_core
    printf7.o(i.__0vfprintf$7) refers to bsp_usart.o(.text) for fputc
    printf7.o(i.__0vprintf$7) refers to printf7.o(i._printf_core) for _printf_core
    printf7.o(i.__0vprintf$7) refers to bsp_usart.o(.text) for fputc
    printf7.o(i.__0vprintf$7) refers to stdout.o(.data) for __stdout
    printf7.o(i.__0vsnprintf$7) refers to printf7.o(i._printf_core) for _printf_core
    printf7.o(i.__0vsnprintf$7) refers to printf7.o(i._snputc) for _snputc
    printf7.o(i.__0vsprintf$7) refers to printf7.o(i._printf_core) for _printf_core
    printf7.o(i.__0vsprintf$7) refers to printf7.o(i._sputc) for _sputc
    printf7.o(i._printf_core) refers to printf7.o(i._printf_pre_padding) for _printf_pre_padding
    printf7.o(i._printf_core) refers to uldiv.o(.text) for __aeabi_uldivmod
    printf7.o(i._printf_core) refers to printf7.o(i._printf_post_padding) for _printf_post_padding
    printf8.o(i.__0fprintf$8) refers to printf8.o(i._printf_core) for _printf_core
    printf8.o(i.__0fprintf$8) refers to bsp_usart.o(.text) for fputc
    printf8.o(i.__0printf$8) refers to printf8.o(i._printf_core) for _printf_core
    printf8.o(i.__0printf$8) refers to bsp_usart.o(.text) for fputc
    printf8.o(i.__0printf$8) refers to stdout.o(.data) for __stdout
    printf8.o(i.__0snprintf$8) refers to printf8.o(i._printf_core) for _printf_core
    printf8.o(i.__0snprintf$8) refers to printf8.o(i._snputc) for _snputc
    printf8.o(i.__0sprintf$8) refers to printf8.o(i._printf_core) for _printf_core
    printf8.o(i.__0sprintf$8) refers to printf8.o(i._sputc) for _sputc
    printf8.o(i.__0vfprintf$8) refers to printf8.o(i._printf_core) for _printf_core
    printf8.o(i.__0vfprintf$8) refers to bsp_usart.o(.text) for fputc
    printf8.o(i.__0vprintf$8) refers to printf8.o(i._printf_core) for _printf_core
    printf8.o(i.__0vprintf$8) refers to bsp_usart.o(.text) for fputc
    printf8.o(i.__0vprintf$8) refers to stdout.o(.data) for __stdout
    printf8.o(i.__0vsnprintf$8) refers to printf8.o(i._printf_core) for _printf_core
    printf8.o(i.__0vsnprintf$8) refers to printf8.o(i._snputc) for _snputc
    printf8.o(i.__0vsprintf$8) refers to printf8.o(i._printf_core) for _printf_core
    printf8.o(i.__0vsprintf$8) refers to printf8.o(i._sputc) for _sputc
    printf8.o(i._printf_core) refers to printf8.o(i._printf_pre_padding) for _printf_pre_padding
    printf8.o(i._printf_core) refers to uldiv.o(.text) for __aeabi_uldivmod
    printf8.o(i._printf_core) refers to printf8.o(i._printf_post_padding) for _printf_post_padding
    printfa.o(i.__0fprintf) refers (Special) to iusefp.o(.text) for __I$use$fp
    printfa.o(i.__0fprintf) refers to printfa.o(i._printf_core) for _printf_core
    printfa.o(i.__0fprintf) refers to bsp_usart.o(.text) for fputc
    printfa.o(i.__0printf) refers (Special) to iusefp.o(.text) for __I$use$fp
    printfa.o(i.__0printf) refers to printfa.o(i._printf_core) for _printf_core
    printfa.o(i.__0printf) refers to bsp_usart.o(.text) for fputc
    printfa.o(i.__0printf) refers to stdout.o(.data) for __stdout
    printfa.o(i.__0snprintf) refers (Special) to iusefp.o(.text) for __I$use$fp
    printfa.o(i.__0snprintf) refers to printfa.o(i._printf_core) for _printf_core
    printfa.o(i.__0snprintf) refers to printfa.o(i._snputc) for _snputc
    printfa.o(i.__0sprintf) refers (Special) to iusefp.o(.text) for __I$use$fp
    printfa.o(i.__0sprintf) refers to printfa.o(i._printf_core) for _printf_core
    printfa.o(i.__0sprintf) refers to printfa.o(i._sputc) for _sputc
    printfa.o(i.__0vfprintf) refers (Special) to iusefp.o(.text) for __I$use$fp
    printfa.o(i.__0vfprintf) refers to printfa.o(i._printf_core) for _printf_core
    printfa.o(i.__0vfprintf) refers to bsp_usart.o(.text) for fputc
    printfa.o(i.__0vprintf) refers (Special) to iusefp.o(.text) for __I$use$fp
    printfa.o(i.__0vprintf) refers to printfa.o(i._printf_core) for _printf_core
    printfa.o(i.__0vprintf) refers to bsp_usart.o(.text) for fputc
    printfa.o(i.__0vprintf) refers to stdout.o(.data) for __stdout
    printfa.o(i.__0vsnprintf) refers (Special) to iusefp.o(.text) for __I$use$fp
    printfa.o(i.__0vsnprintf) refers to printfa.o(i._printf_core) for _printf_core
    printfa.o(i.__0vsnprintf) refers to printfa.o(i._snputc) for _snputc
    printfa.o(i.__0vsprintf) refers (Special) to iusefp.o(.text) for __I$use$fp
    printfa.o(i.__0vsprintf) refers to printfa.o(i._printf_core) for _printf_core
    printfa.o(i.__0vsprintf) refers to printfa.o(i._sputc) for _sputc
    printfa.o(i._fp_digits) refers (Special) to iusefp.o(.text) for __I$use$fp
    printfa.o(i._fp_digits) refers to dmul.o(.text) for __aeabi_dmul
    printfa.o(i._fp_digits) refers to ddiv.o(.text) for __aeabi_ddiv
    printfa.o(i._fp_digits) refers to cdrcmple.o(.text) for __aeabi_cdrcmple
    printfa.o(i._fp_digits) refers to dadd.o(.text) for __aeabi_dadd
    printfa.o(i._fp_digits) refers to dfixul.o(.text) for __aeabi_d2ulz
    printfa.o(i._fp_digits) refers to uldiv.o(.text) for __aeabi_uldivmod
    printfa.o(i._printf_core) refers (Special) to iusefp.o(.text) for __I$use$fp
    printfa.o(i._printf_core) refers to printfa.o(i._printf_pre_padding) for _printf_pre_padding
    printfa.o(i._printf_core) refers to uldiv.o(.text) for __aeabi_uldivmod
    printfa.o(i._printf_core) refers to printfa.o(i._printf_post_padding) for _printf_post_padding
    printfa.o(i._printf_core) refers to printfa.o(i._fp_digits) for _fp_digits
    printfa.o(i._printf_core) refers to uidiv.o(.text) for __aeabi_uidivmod
    printfa.o(i._printf_post_padding) refers (Special) to iusefp.o(.text) for __I$use$fp
    printfa.o(i._printf_pre_padding) refers (Special) to iusefp.o(.text) for __I$use$fp
    printfa.o(i._snputc) refers (Special) to iusefp.o(.text) for __I$use$fp
    printfa.o(i._sputc) refers (Special) to iusefp.o(.text) for __I$use$fp
    entry2.o(.ARM.Collect$$$$00000001) refers to entry2.o(.ARM.Collect$$$$00002712) for __lit__00000000
    entry2.o(.ARM.Collect$$$$00002712) refers to startup_stm32f10x_hd.o(STACK) for __initial_sp
    entry2.o(__vectab_stack_and_reset_area) refers to startup_stm32f10x_hd.o(STACK) for __initial_sp
    entry2.o(__vectab_stack_and_reset_area) refers to entry.o(.ARM.Collect$$$$00000000) for __main
    entry5.o(.ARM.Collect$$$$00000004) refers to init.o(.text) for __scatterload
    entry9a.o(.ARM.Collect$$$$0000000B) refers to main.o(.text) for main
    entry9b.o(.ARM.Collect$$$$0000000C) refers to main.o(.text) for main
    uldiv.o(.text) refers to llushr.o(.text) for __aeabi_llsr
    uldiv.o(.text) refers to llshl.o(.text) for __aeabi_llsl
    dadd.o(.text) refers to llshl.o(.text) for __aeabi_llsl
    dadd.o(.text) refers to llsshr.o(.text) for __aeabi_lasr
    dadd.o(.text) refers to depilogue.o(.text) for _double_epilogue
    dmul.o(.text) refers to depilogue.o(.text) for _double_epilogue
    ddiv.o(.text) refers to depilogue.o(.text) for _double_round
    dfixul.o(.text) refers to llushr.o(.text) for __aeabi_llsr
    dfixul.o(.text) refers to llshl.o(.text) for __aeabi_llsl
    init.o(.text) refers to entry5.o(.ARM.Collect$$$$00000004) for __main_after_scatterload
    depilogue.o(.text) refers to llshl.o(.text) for __aeabi_llsl
    depilogue.o(.text) refers to llushr.o(.text) for __aeabi_llsr


==============================================================================

Removing Unused input sections from the image.

    Removing os_dbg.o(.constdata), (2 bytes).
    Removing startup_stm32f10x_hd.o(HEAP), (512 bytes).
    Removing core_cm3.o(.emb_text), (32 bytes).
    Removing stm32f10x_adc.o(.text), (1102 bytes).
    Removing stm32f10x_bkp.o(.text), (196 bytes).
    Removing stm32f10x_can.o(.text), (2544 bytes).
    Removing stm32f10x_cec.o(.text), (288 bytes).
    Removing stm32f10x_crc.o(.text), (72 bytes).
    Removing stm32f10x_dac.o(.text), (396 bytes).
    Removing stm32f10x_dbgmcu.o(.text), (48 bytes).
    Removing stm32f10x_dma.o(.text), (596 bytes).
    Removing stm32f10x_exti.o(.text), (284 bytes).
    Removing stm32f10x_flash.o(.text), (1468 bytes).
    Removing stm32f10x_i2c.o(.text), (1028 bytes).
    Removing stm32f10x_iwdg.o(.text), (64 bytes).
    Removing stm32f10x_pwr.o(.text), (204 bytes).
    Removing stm32f10x_rtc.o(.text), (328 bytes).
    Removing stm32f10x_sdio.o(.text), (468 bytes).
    Removing stm32f10x_spi.o(.text), (780 bytes).
    Removing stm32f10x_wwdg.o(.text), (136 bytes).
    Removing dadd.o(.text), (334 bytes).
    Removing dmul.o(.text), (228 bytes).
    Removing ddiv.o(.text), (222 bytes).
    Removing dfixul.o(.text), (48 bytes).
    Removing cdrcmple.o(.text), (48 bytes).
    Removing depilogue.o(.text), (186 bytes).

26 unused section(s) (total 11614 bytes) removed from the image.

==============================================================================

Image Symbol Table

    Local Symbols

    Symbol Name                              Value     Ov Type        Size  Object(Section)

    ../clib/microlib/division.c              0x00000000   Number         0  uidiv.o ABSOLUTE
    ../clib/microlib/division.c              0x00000000   Number         0  uldiv.o ABSOLUTE
    ../clib/microlib/init/entry.s            0x00000000   Number         0  entry10a.o ABSOLUTE
    ../clib/microlib/init/entry.s            0x00000000   Number         0  entry11a.o ABSOLUTE
    ../clib/microlib/init/entry.s            0x00000000   Number         0  entry11b.o ABSOLUTE
    ../clib/microlib/init/entry.s            0x00000000   Number         0  entry10b.o ABSOLUTE
    ../clib/microlib/init/entry.s            0x00000000   Number         0  entry2.o ABSOLUTE
    ../clib/microlib/init/entry.s            0x00000000   Number         0  entry5.o ABSOLUTE
    ../clib/microlib/init/entry.s            0x00000000   Number         0  entry7a.o ABSOLUTE
    ../clib/microlib/init/entry.s            0x00000000   Number         0  entry.o ABSOLUTE
    ../clib/microlib/init/entry.s            0x00000000   Number         0  entry7b.o ABSOLUTE
    ../clib/microlib/init/entry.s            0x00000000   Number         0  entry8a.o ABSOLUTE
    ../clib/microlib/init/entry.s            0x00000000   Number         0  entry8b.o ABSOLUTE
    ../clib/microlib/init/entry.s            0x00000000   Number         0  entry9a.o ABSOLUTE
    ../clib/microlib/init/entry.s            0x00000000   Number         0  entry9b.o ABSOLUTE
    ../clib/microlib/longlong.c              0x00000000   Number         0  llsshr.o ABSOLUTE
    ../clib/microlib/longlong.c              0x00000000   Number         0  llushr.o ABSOLUTE
    ../clib/microlib/longlong.c              0x00000000   Number         0  llshl.o ABSOLUTE
    ../clib/microlib/printf/printf.c         0x00000000   Number         0  printf6.o ABSOLUTE
    ../clib/microlib/printf/printf.c         0x00000000   Number         0  printfb.o ABSOLUTE
    ../clib/microlib/printf/printf.c         0x00000000   Number         0  printf0.o ABSOLUTE
    ../clib/microlib/printf/printf.c         0x00000000   Number         0  printf1.o ABSOLUTE
    ../clib/microlib/printf/printf.c         0x00000000   Number         0  printf2.o ABSOLUTE
    ../clib/microlib/printf/printf.c         0x00000000   Number         0  printf3.o ABSOLUTE
    ../clib/microlib/printf/printf.c         0x00000000   Number         0  printf7.o ABSOLUTE
    ../clib/microlib/printf/printf.c         0x00000000   Number         0  printf8.o ABSOLUTE
    ../clib/microlib/printf/printf.c         0x00000000   Number         0  printfa.o ABSOLUTE
    ../clib/microlib/printf/printf.c         0x00000000   Number         0  printf4.o ABSOLUTE
    ../clib/microlib/printf/printf.c         0x00000000   Number         0  printf5.o ABSOLUTE
    ../clib/microlib/printf/stubs.s          0x00000000   Number         0  stubs.o ABSOLUTE
    ../clib/microlib/stdio/streams.c         0x00000000   Number         0  stdout.o ABSOLUTE
    ../clib/microlib/stubs.s                 0x00000000   Number         0  iusefp.o ABSOLUTE
    ../fplib/microlib/fpadd.c                0x00000000   Number         0  dadd.o ABSOLUTE
    ../fplib/microlib/fpdiv.c                0x00000000   Number         0  ddiv.o ABSOLUTE
    ../fplib/microlib/fpepilogue.c           0x00000000   Number         0  depilogue.o ABSOLUTE
    ../fplib/microlib/fpfix.c                0x00000000   Number         0  dfixul.o ABSOLUTE
    ../fplib/microlib/fpmul.c                0x00000000   Number         0  dmul.o ABSOLUTE
    ..\..\App\app.c                          0x00000000   Number         0  app.o ABSOLUTE
    ..\..\Bsp\BSP.c                          0x00000000   Number         0  bsp.o ABSOLUTE
    ..\..\Bsp\CRC\CRC.c                      0x00000000   Number         0  crc.o ABSOLUTE
    ..\..\Bsp\Modbus_master\Modbus_m.c       0x00000000   Number         0  modbus_m.o ABSOLUTE
    ..\..\Bsp\font\fonts.c                   0x00000000   Number         0  fonts.o ABSOLUTE
    ..\..\Bsp\lcd\bsp_ili9341_lcd.c          0x00000000   Number         0  bsp_ili9341_lcd.o ABSOLUTE
    ..\..\Bsp\led\bsp_led.c                  0x00000000   Number         0  bsp_led.o ABSOLUTE
    ..\..\Bsp\tim\bsp_Tim.c                  0x00000000   Number         0  bsp_tim.o ABSOLUTE
    ..\..\Bsp\usart\bsp_usart.c              0x00000000   Number         0  bsp_usart.o ABSOLUTE
    ..\..\Libraries\CMSIS\core_cm3.c         0x00000000   Number         0  core_cm3.o ABSOLUTE
    ..\..\Libraries\CMSIS\startup\startup_stm32f10x_hd.s 0x00000000   Number         0  startup_stm32f10x_hd.o ABSOLUTE
    ..\..\Libraries\CMSIS\system_stm32f10x.c 0x00000000   Number         0  system_stm32f10x.o ABSOLUTE
    ..\..\Libraries\FWlib\src\misc.c         0x00000000   Number         0  misc.o ABSOLUTE
    ..\..\Libraries\FWlib\src\stm32f10x_adc.c 0x00000000   Number         0  stm32f10x_adc.o ABSOLUTE
    ..\..\Libraries\FWlib\src\stm32f10x_bkp.c 0x00000000   Number         0  stm32f10x_bkp.o ABSOLUTE
    ..\..\Libraries\FWlib\src\stm32f10x_can.c 0x00000000   Number         0  stm32f10x_can.o ABSOLUTE
    ..\..\Libraries\FWlib\src\stm32f10x_cec.c 0x00000000   Number         0  stm32f10x_cec.o ABSOLUTE
    ..\..\Libraries\FWlib\src\stm32f10x_crc.c 0x00000000   Number         0  stm32f10x_crc.o ABSOLUTE
    ..\..\Libraries\FWlib\src\stm32f10x_dac.c 0x00000000   Number         0  stm32f10x_dac.o ABSOLUTE
    ..\..\Libraries\FWlib\src\stm32f10x_dbgmcu.c 0x00000000   Number         0  stm32f10x_dbgmcu.o ABSOLUTE
    ..\..\Libraries\FWlib\src\stm32f10x_dma.c 0x00000000   Number         0  stm32f10x_dma.o ABSOLUTE
    ..\..\Libraries\FWlib\src\stm32f10x_exti.c 0x00000000   Number         0  stm32f10x_exti.o ABSOLUTE
    ..\..\Libraries\FWlib\src\stm32f10x_flash.c 0x00000000   Number         0  stm32f10x_flash.o ABSOLUTE
    ..\..\Libraries\FWlib\src\stm32f10x_fsmc.c 0x00000000   Number         0  stm32f10x_fsmc.o ABSOLUTE
    ..\..\Libraries\FWlib\src\stm32f10x_gpio.c 0x00000000   Number         0  stm32f10x_gpio.o ABSOLUTE
    ..\..\Libraries\FWlib\src\stm32f10x_i2c.c 0x00000000   Number         0  stm32f10x_i2c.o ABSOLUTE
    ..\..\Libraries\FWlib\src\stm32f10x_iwdg.c 0x00000000   Number         0  stm32f10x_iwdg.o ABSOLUTE
    ..\..\Libraries\FWlib\src\stm32f10x_pwr.c 0x00000000   Number         0  stm32f10x_pwr.o ABSOLUTE
    ..\..\Libraries\FWlib\src\stm32f10x_rcc.c 0x00000000   Number         0  stm32f10x_rcc.o ABSOLUTE
    ..\..\Libraries\FWlib\src\stm32f10x_rtc.c 0x00000000   Number         0  stm32f10x_rtc.o ABSOLUTE
    ..\..\Libraries\FWlib\src\stm32f10x_sdio.c 0x00000000   Number         0  stm32f10x_sdio.o ABSOLUTE
    ..\..\Libraries\FWlib\src\stm32f10x_spi.c 0x00000000   Number         0  stm32f10x_spi.o ABSOLUTE
    ..\..\Libraries\FWlib\src\stm32f10x_tim.c 0x00000000   Number         0  stm32f10x_tim.o ABSOLUTE
    ..\..\Libraries\FWlib\src\stm32f10x_usart.c 0x00000000   Number         0  stm32f10x_usart.o ABSOLUTE
    ..\..\Libraries\FWlib\src\stm32f10x_wwdg.c 0x00000000   Number         0  stm32f10x_wwdg.o ABSOLUTE
    ..\..\Ucos-II\Ports\os_cpu_a.asm         0x00000000   Number         0  os_cpu_a.o ABSOLUTE
    ..\..\Ucos-II\Ports\os_cpu_c.c           0x00000000   Number         0  os_cpu_c.o ABSOLUTE
    ..\..\Ucos-II\Ports\os_dbg.c             0x00000000   Number         0  os_dbg.o ABSOLUTE
    ..\..\Ucos-II\Source\os_core.c           0x00000000   Number         0  os_core.o ABSOLUTE
    ..\..\Ucos-II\Source\os_flag.c           0x00000000   Number         0  os_flag.o ABSOLUTE
    ..\..\Ucos-II\Source\os_mbox.c           0x00000000   Number         0  os_mbox.o ABSOLUTE
    ..\..\Ucos-II\Source\os_mem.c            0x00000000   Number         0  os_mem.o ABSOLUTE
    ..\..\Ucos-II\Source\os_mutex.c          0x00000000   Number         0  os_mutex.o ABSOLUTE
    ..\..\Ucos-II\Source\os_q.c              0x00000000   Number         0  os_q.o ABSOLUTE
    ..\..\Ucos-II\Source\os_sem.c            0x00000000   Number         0  os_sem.o ABSOLUTE
    ..\..\Ucos-II\Source\os_task.c           0x00000000   Number         0  os_task.o ABSOLUTE
    ..\..\Ucos-II\Source\os_time.c           0x00000000   Number         0  os_time.o ABSOLUTE
    ..\..\Ucos-II\Source\os_tmr.c            0x00000000   Number         0  os_tmr.o ABSOLUTE
    ..\..\User\main.c                        0x00000000   Number         0  main.o ABSOLUTE
    ..\..\User\stm32f10x_it.c                0x00000000   Number         0  stm32f10x_it.o ABSOLUTE
    ..\\..\\Libraries\\CMSIS\\core_cm3.c     0x00000000   Number         0  core_cm3.o ABSOLUTE
    cdrcmple.s                               0x00000000   Number         0  cdrcmple.o ABSOLUTE
    dc.s                                     0x00000000   Number         0  dc.o ABSOLUTE
    handlers.s                               0x00000000   Number         0  handlers.o ABSOLUTE
    init.s                                   0x00000000   Number         0  init.o ABSOLUTE
    RESET                                    0x08000000   Section      304  startup_stm32f10x_hd.o(RESET)
    .ARM.Collect$$$$00000000                 0x08000130   Section        0  entry.o(.ARM.Collect$$$$00000000)
    .ARM.Collect$$$$00000001                 0x08000130   Section        4  entry2.o(.ARM.Collect$$$$00000001)
    .ARM.Collect$$$$00000004                 0x08000134   Section        4  entry5.o(.ARM.Collect$$$$00000004)
    .ARM.Collect$$$$00000008                 0x08000138   Section        0  entry7b.o(.ARM.Collect$$$$00000008)
    .ARM.Collect$$$$0000000A                 0x08000138   Section        0  entry8b.o(.ARM.Collect$$$$0000000A)
    .ARM.Collect$$$$0000000B                 0x08000138   Section        8  entry9a.o(.ARM.Collect$$$$0000000B)
    .ARM.Collect$$$$0000000D                 0x08000140   Section        0  entry10a.o(.ARM.Collect$$$$0000000D)
    .ARM.Collect$$$$0000000F                 0x08000140   Section        0  entry11a.o(.ARM.Collect$$$$0000000F)
    .ARM.Collect$$$$00002712                 0x08000140   Section        4  entry2.o(.ARM.Collect$$$$00002712)
    __lit__00000000                          0x08000140   Data           4  entry2.o(.ARM.Collect$$$$00002712)
    .text                                    0x08000144   Section        0  app.o(.text)
    .text                                    0x0800036c   Section        0  bsp.o(.text)
    .text                                    0x080003ec   Section        0  bsp_ili9341_lcd.o(.text)
    ILI9341_Delay                            0x080003ed   Thumb Code    18  bsp_ili9341_lcd.o(.text)
    ILI9341_GPIO_Config                      0x080003ff   Thumb Code   398  bsp_ili9341_lcd.o(.text)
    ILI9341_FSMC_Config                      0x0800058d   Thumb Code    94  bsp_ili9341_lcd.o(.text)
    ILI9341_REG_Config                       0x080005eb   Thumb Code   570  bsp_ili9341_lcd.o(.text)
    ILI9341_SetCursor                        0x08000995   Thumb Code    20  bsp_ili9341_lcd.o(.text)
    ILI9341_FillColor                        0x080009a9   Thumb Code    32  bsp_ili9341_lcd.o(.text)
    ILI9341_Read_PixelData                   0x08000a1b   Thumb Code    54  bsp_ili9341_lcd.o(.text)
    .text                                    0x08000f24   Section        0  bsp_led.o(.text)
    .text                                    0x08000f84   Section        0  bsp_usart.o(.text)
    NVIC_Configuration                       0x08000f85   Thumb Code    42  bsp_usart.o(.text)
    .text                                    0x08001134   Section        0  crc.o(.text)
    .text                                    0x0800116c   Section        0  modbus_m.o(.text)
    .text                                    0x080013d0   Section        0  bsp_tim.o(.text)
    BASIC_TIM7_NVIC_Config                   0x080013d1   Thumb Code    42  bsp_tim.o(.text)
    BASIC_TIM7_Mode_Config                   0x080013fb   Thumb Code    68  bsp_tim.o(.text)
    .text                                    0x08001450   Section        0  os_cpu_c.o(.text)
    .text                                    0x08001524   Section      164  os_cpu_a.o(.text)
    .text                                    0x080015c8   Section        0  os_core.o(.text)
    OS_InitTaskStat                          0x0800173d   Thumb Code    52  os_core.o(.text)
    OS_InitTaskIdle                          0x08001793   Thumb Code    52  os_core.o(.text)
    OS_InitEventList                         0x080017d9   Thumb Code    82  os_core.o(.text)
    OS_InitTCBList                           0x0800182b   Thumb Code   106  os_core.o(.text)
    OS_InitRdyList                           0x08001895   Thumb Code    44  os_core.o(.text)
    OS_InitMisc                              0x080018c1   Thumb Code    44  os_core.o(.text)
    OS_SchedNew                              0x0800192d   Thumb Code    26  os_core.o(.text)
    .text                                    0x08001f1c   Section        0  os_mbox.o(.text)
    .text                                    0x080022fc   Section        0  os_task.o(.text)
    .text                                    0x08002ab0   Section        0  os_time.o(.text)
    .text                                    0x08002c60   Section        0  main.o(.text)
    .text                                    0x08002c88   Section        0  stm32f10x_it.o(.text)
    .text                                    0x08002d38   Section       36  startup_stm32f10x_hd.o(.text)
    .text                                    0x08002d5c   Section        0  system_stm32f10x.o(.text)
    SetSysClockTo72                          0x08002d5d   Thumb Code   214  system_stm32f10x.o(.text)
    SetSysClock                              0x08002e33   Thumb Code     8  system_stm32f10x.o(.text)
    .text                                    0x08002f3c   Section        0  misc.o(.text)
    .text                                    0x08003018   Section        0  stm32f10x_fsmc.o(.text)
    .text                                    0x08003624   Section        0  stm32f10x_gpio.o(.text)
    .text                                    0x08003980   Section        0  stm32f10x_rcc.o(.text)
    .text                                    0x08003d24   Section        0  stm32f10x_tim.o(.text)
    TI4_Config                               0x080041cb   Thumb Code   130  stm32f10x_tim.o(.text)
    TI3_Config                               0x0800425f   Thumb Code   122  stm32f10x_tim.o(.text)
    TI2_Config                               0x080042f3   Thumb Code   130  stm32f10x_tim.o(.text)
    TI1_Config                               0x08004387   Thumb Code   108  stm32f10x_tim.o(.text)
    .text                                    0x08004b40   Section        0  stm32f10x_usart.o(.text)
    .text                                    0x08004f48   Section        0  uidiv.o(.text)
    .text                                    0x08004f74   Section       36  init.o(.text)
    i.ILI9341_Read_Data                      0x08004f98   Section        0  bsp_ili9341_lcd.o(i.ILI9341_Read_Data)
    i.ILI9341_Write_Cmd                      0x08004fa4   Section        0  bsp_ili9341_lcd.o(i.ILI9341_Write_Cmd)
    i.ILI9341_Write_Data                     0x08004fac   Section        0  bsp_ili9341_lcd.o(i.ILI9341_Write_Data)
    i.__0sprintf$3                           0x08004fb8   Section        0  printf3.o(i.__0sprintf$3)
    i.__scatterload_copy                     0x08004fe0   Section       14  handlers.o(i.__scatterload_copy)
    i.__scatterload_null                     0x08004fee   Section        2  handlers.o(i.__scatterload_null)
    i.__scatterload_zeroinit                 0x08004ff0   Section       14  handlers.o(i.__scatterload_zeroinit)
    i._printf_core                           0x08005000   Section        0  printf3.o(i._printf_core)
    _printf_core                             0x08005001   Thumb Code   436  printf3.o(i._printf_core)
    i._sputc                                 0x080051b8   Section        0  printf3.o(i._sputc)
    _sputc                                   0x080051b9   Thumb Code    10  printf3.o(i._sputc)
    .constdata                               0x080051c2   Section    15200  fonts.o(.constdata)
    .constdata                               0x08008d22   Section      512  crc.o(.constdata)
    .constdata                               0x08008f22   Section      256  os_core.o(.constdata)
    .data                                    0x20000000   Section       10  app.o(.data)
    .data                                    0x2000000c   Section       24  fonts.o(.data)
    .data                                    0x20000024   Section       16  bsp_ili9341_lcd.o(.data)
    LCD_Currentfonts                         0x2000002c   Data           4  bsp_ili9341_lcd.o(.data)
    CurrentTextColor                         0x20000030   Data           2  bsp_ili9341_lcd.o(.data)
    CurrentBackColor                         0x20000032   Data           2  bsp_ili9341_lcd.o(.data)
    .data                                    0x20000034   Section       11  modbus_m.o(.data)
    i                                        0x2000003e   Data           1  modbus_m.o(.data)
    .data                                    0x20000040   Section       64  os_core.o(.data)
    .data                                    0x20000080   Section        4  stm32f10x_it.o(.data)
    .data                                    0x20000084   Section       20  system_stm32f10x.o(.data)
    .data                                    0x20000098   Section       20  stm32f10x_rcc.o(.data)
    APBAHBPrescTable                         0x20000098   Data          16  stm32f10x_rcc.o(.data)
    ADCPrescTable                            0x200000a8   Data           4  stm32f10x_rcc.o(.data)
    .bss                                     0x200000ac   Section     1280  app.o(.bss)
    .bss                                     0x200005ac   Section     6096  modbus_m.o(.bss)
    .bss                                     0x20001d7c   Section     3192  os_core.o(.bss)
    .bss                                     0x200029f4   Section      320  main.o(.bss)
    STACK                                    0x20002b38   Section     1024  startup_stm32f10x_hd.o(STACK)

    Global Symbols

    Symbol Name                              Value     Ov Type        Size  Object(Section)

    BuildAttributes$$THM_ISAv4$P$D$K$B$S$PE$A:L22UL41UL21$X:L11$S22US41US21$IEEE1$IW$USESV6$~STKCKD$USESV7$~SHL$OSPACE$ROPI$EBA8$MICROLIB$REQ8$PRES8$EABIv2 0x00000000   Number         0  anon$$obj.o ABSOLUTE
    __ARM_use_no_argv                        0x00000000   Number         0  main.o ABSOLUTE
    _printf_a                                0x00000000   Number         0  stubs.o ABSOLUTE
    _printf_c                                0x00000000   Number         0  stubs.o ABSOLUTE
    _printf_charcount                        0x00000000   Number         0  stubs.o ABSOLUTE
    _printf_d                                0x00000000   Number         0  stubs.o ABSOLUTE
    _printf_e                                0x00000000   Number         0  stubs.o ABSOLUTE
    _printf_f                                0x00000000   Number         0  stubs.o ABSOLUTE
    _printf_flags                            0x00000000   Number         0  stubs.o ABSOLUTE
    _printf_fp_dec                           0x00000000   Number         0  stubs.o ABSOLUTE
    _printf_fp_hex                           0x00000000   Number         0  stubs.o ABSOLUTE
    _printf_g                                0x00000000   Number         0  stubs.o ABSOLUTE
    _printf_i                                0x00000000   Number         0  stubs.o ABSOLUTE
    _printf_int_dec                          0x00000000   Number         0  stubs.o ABSOLUTE
    _printf_l                                0x00000000   Number         0  stubs.o ABSOLUTE
    _printf_lc                               0x00000000   Number         0  stubs.o ABSOLUTE
    _printf_ll                               0x00000000   Number         0  stubs.o ABSOLUTE
    _printf_lld                              0x00000000   Number         0  stubs.o ABSOLUTE
    _printf_lli                              0x00000000   Number         0  stubs.o ABSOLUTE
    _printf_llo                              0x00000000   Number         0  stubs.o ABSOLUTE
    _printf_llu                              0x00000000   Number         0  stubs.o ABSOLUTE
    _printf_llx                              0x00000000   Number         0  stubs.o ABSOLUTE
    _printf_longlong_dec                     0x00000000   Number         0  stubs.o ABSOLUTE
    _printf_longlong_hex                     0x00000000   Number         0  stubs.o ABSOLUTE
    _printf_longlong_oct                     0x00000000   Number         0  stubs.o ABSOLUTE
    _printf_ls                               0x00000000   Number         0  stubs.o ABSOLUTE
    _printf_mbtowc                           0x00000000   Number         0  stubs.o ABSOLUTE
    _printf_n                                0x00000000   Number         0  stubs.o ABSOLUTE
    _printf_o                                0x00000000   Number         0  stubs.o ABSOLUTE
    _printf_p                                0x00000000   Number         0  stubs.o ABSOLUTE
    _printf_percent                          0x00000000   Number         0  stubs.o ABSOLUTE
    _printf_pre_padding                      0x00000000   Number         0  stubs.o ABSOLUTE
    _printf_return_value                     0x00000000   Number         0  stubs.o ABSOLUTE
    _printf_s                                0x00000000   Number         0  stubs.o ABSOLUTE
    _printf_sizespec                         0x00000000   Number         0  stubs.o ABSOLUTE
    _printf_str                              0x00000000   Number         0  stubs.o ABSOLUTE
    _printf_truncate_signed                  0x00000000   Number         0  stubs.o ABSOLUTE
    _printf_truncate_unsigned                0x00000000   Number         0  stubs.o ABSOLUTE
    _printf_u                                0x00000000   Number         0  stubs.o ABSOLUTE
    _printf_wc                               0x00000000   Number         0  stubs.o ABSOLUTE
    _printf_wctomb                           0x00000000   Number         0  stubs.o ABSOLUTE
    _printf_widthprec                        0x00000000   Number         0  stubs.o ABSOLUTE
    _printf_x                                0x00000000   Number         0  stubs.o ABSOLUTE
    __cpp_initialize__aeabi_                  - Undefined Weak Reference
    __cxa_finalize                            - Undefined Weak Reference
    __decompress                              - Undefined Weak Reference
    _clock_init                               - Undefined Weak Reference
    _microlib_exit                            - Undefined Weak Reference
    __Vectors_Size                           0x00000130   Number         0  startup_stm32f10x_hd.o ABSOLUTE
    __Vectors                                0x08000000   Data           4  startup_stm32f10x_hd.o(RESET)
    __Vectors_End                            0x08000130   Data           0  startup_stm32f10x_hd.o(RESET)
    __main                                   0x08000131   Thumb Code     0  entry.o(.ARM.Collect$$$$00000000)
    _main_stk                                0x08000131   Thumb Code     0  entry2.o(.ARM.Collect$$$$00000001)
    _main_scatterload                        0x08000135   Thumb Code     0  entry5.o(.ARM.Collect$$$$00000004)
    __main_after_scatterload                 0x08000139   Thumb Code     0  entry5.o(.ARM.Collect$$$$00000004)
    _main_clock                              0x08000139   Thumb Code     0  entry7b.o(.ARM.Collect$$$$00000008)
    _main_cpp_init                           0x08000139   Thumb Code     0  entry8b.o(.ARM.Collect$$$$0000000A)
    _main_init                               0x08000139   Thumb Code     0  entry9a.o(.ARM.Collect$$$$0000000B)
    __rt_final_cpp                           0x08000141   Thumb Code     0  entry10a.o(.ARM.Collect$$$$0000000D)
    __rt_final_exit                          0x08000141   Thumb Code     0  entry11a.o(.ARM.Collect$$$$0000000F)
    Task_Disp                                0x08000145   Thumb Code   246  app.o(.text)
    Task_Analysis                            0x0800023b   Thumb Code    22  app.o(.text)
    Task_Receive                             0x08000251   Thumb Code    84  app.o(.text)
    Task_Send                                0x080002a5   Thumb Code    20  app.o(.text)
    Task_Start                               0x080002b9   Thumb Code    88  app.o(.text)
    SysTick_init                             0x0800036d   Thumb Code    82  bsp.o(.text)
    BSPInit                                  0x080003bf   Thumb Code    34  bsp.o(.text)
    ILI9341_GramScan                         0x08000825   Thumb Code   172  bsp_ili9341_lcd.o(.text)
    ILI9341_Rst                              0x080008d1   Thumb Code    36  bsp_ili9341_lcd.o(.text)
    ILI9341_BackLed_Control                  0x080008f5   Thumb Code    30  bsp_ili9341_lcd.o(.text)
    ILI9341_Init                             0x08000913   Thumb Code    34  bsp_ili9341_lcd.o(.text)
    ILI9341_OpenWindow                       0x08000935   Thumb Code    96  bsp_ili9341_lcd.o(.text)
    ILI9341_Clear                            0x080009c9   Thumb Code    40  bsp_ili9341_lcd.o(.text)
    ILI9341_SetPointPixel                    0x080009f1   Thumb Code    42  bsp_ili9341_lcd.o(.text)
    ILI9341_GetPointPixel                    0x08000a51   Thumb Code    24  bsp_ili9341_lcd.o(.text)
    ILI9341_DrawLine                         0x08000a69   Thumb Code   160  bsp_ili9341_lcd.o(.text)
    ILI9341_DrawRectangle                    0x08000b09   Thumb Code   132  bsp_ili9341_lcd.o(.text)
    ILI9341_DrawCircle                       0x08000b8d   Thumb Code   344  bsp_ili9341_lcd.o(.text)
    ILI9341_DispChar_EN                      0x08000ce5   Thumb Code   138  bsp_ili9341_lcd.o(.text)
    ILI9341_DispStringLine_EN                0x08000d6f   Thumb Code    92  bsp_ili9341_lcd.o(.text)
    ILI9341_DispString_EN                    0x08000dcb   Thumb Code    92  bsp_ili9341_lcd.o(.text)
    ILI9341_DispString_EN_YDir               0x08000e27   Thumb Code    92  bsp_ili9341_lcd.o(.text)
    LCD_SetFont                              0x08000e83   Thumb Code     6  bsp_ili9341_lcd.o(.text)
    LCD_GetFont                              0x08000e89   Thumb Code     6  bsp_ili9341_lcd.o(.text)
    LCD_SetColors                            0x08000e8f   Thumb Code    10  bsp_ili9341_lcd.o(.text)
    LCD_GetColors                            0x08000e99   Thumb Code    14  bsp_ili9341_lcd.o(.text)
    LCD_SetTextColor                         0x08000ea7   Thumb Code     6  bsp_ili9341_lcd.o(.text)
    LCD_SetBackColor                         0x08000ead   Thumb Code     6  bsp_ili9341_lcd.o(.text)
    LCD_ClearLine                            0x08000eb3   Thumb Code    26  bsp_ili9341_lcd.o(.text)
    ILI9341_DispVariable_EN                  0x08000ecd   Thumb Code    54  bsp_ili9341_lcd.o(.text)
    LED_GPIO_Config                          0x08000f25   Thumb Code    90  bsp_led.o(.text)
    USART_Config                             0x08000faf   Thumb Code   142  bsp_usart.o(.text)
    Usart_SendByte                           0x0800103d   Thumb Code    30  bsp_usart.o(.text)
    Usart_SendArray                          0x0800105b   Thumb Code    48  bsp_usart.o(.text)
    Usart_SendString                         0x0800108b   Thumb Code    42  bsp_usart.o(.text)
    Usart_SendHalfWord                       0x080010b5   Thumb Code    60  bsp_usart.o(.text)
    fputc                                    0x080010f1   Thumb Code    32  bsp_usart.o(.text)
    fgetc                                    0x08001111   Thumb Code    26  bsp_usart.o(.text)
    CRCCompute                               0x08001135   Thumb Code    48  crc.o(.text)
    Master_06                                0x0800116d   Thumb Code    64  modbus_m.o(.text)
    Master_03                                0x080011ad   Thumb Code    64  modbus_m.o(.text)
    MasterTService                           0x080011ed   Thumb Code    54  modbus_m.o(.text)
    ModbusRTU                                0x08001223   Thumb Code    40  modbus_m.o(.text)
    Master_04                                0x0800124b   Thumb Code     2  modbus_m.o(.text)
    MasterAnaly06                            0x0800124d   Thumb Code   104  modbus_m.o(.text)
    MasterAnaly03                            0x080012b5   Thumb Code   154  modbus_m.o(.text)
    MasterAnalyService                       0x0800134f   Thumb Code    82  modbus_m.o(.text)
    MasterAnaly04                            0x080013a1   Thumb Code     2  modbus_m.o(.text)
    TIM7Init                                 0x0800143f   Thumb Code    12  bsp_tim.o(.text)
    OSInitHookBegin                          0x08001451   Thumb Code     2  os_cpu_c.o(.text)
    OSInitHookEnd                            0x08001453   Thumb Code     2  os_cpu_c.o(.text)
    OSTaskCreateHook                         0x08001455   Thumb Code     2  os_cpu_c.o(.text)
    OSTaskDelHook                            0x08001457   Thumb Code     2  os_cpu_c.o(.text)
    OSTaskIdleHook                           0x08001459   Thumb Code     2  os_cpu_c.o(.text)
    OSTaskStatHook                           0x0800145b   Thumb Code     2  os_cpu_c.o(.text)
    OSTaskStkInit                            0x0800145d   Thumb Code   154  os_cpu_c.o(.text)
    OSTaskSwHook                             0x080014f7   Thumb Code     2  os_cpu_c.o(.text)
    OSTCBInitHook                            0x080014f9   Thumb Code     2  os_cpu_c.o(.text)
    OSTimeTickHook                           0x080014fb   Thumb Code     2  os_cpu_c.o(.text)
    OS_CPU_SysTickHandler                    0x080014fd   Thumb Code    34  os_cpu_c.o(.text)
    OSTaskReturnHook                         0x0800151f   Thumb Code     2  os_cpu_c.o(.text)
    OS_CPU_SR_Save                           0x08001525   Thumb Code     0  os_cpu_a.o(.text)
    OS_CPU_SR_Restore                        0x0800152d   Thumb Code     0  os_cpu_a.o(.text)
    OSStartHighRdy                           0x08001533   Thumb Code     0  os_cpu_a.o(.text)
    OSCtxSw                                  0x08001553   Thumb Code     0  os_cpu_a.o(.text)
    OSIntCtxSw                               0x0800155d   Thumb Code     0  os_cpu_a.o(.text)
    OS_CPU_PendSVHandler                     0x08001567   Thumb Code     0  os_cpu_a.o(.text)
    OS_StrLen                                0x080015c9   Thumb Code    20  os_core.o(.text)
    OSEventNameGet                           0x080015dd   Thumb Code    98  os_core.o(.text)
    OSEventNameSet                           0x0800163f   Thumb Code    84  os_core.o(.text)
    OS_TaskStatStkChk                        0x08001693   Thumb Code    54  os_core.o(.text)
    OS_TaskStat                              0x080016c9   Thumb Code   116  os_core.o(.text)
    OS_TaskIdle                              0x08001771   Thumb Code    34  os_core.o(.text)
    OS_MemClr                                0x080017c7   Thumb Code    18  os_core.o(.text)
    OSInit                                   0x080018ed   Thumb Code    36  os_core.o(.text)
    OSIntEnter                               0x08001911   Thumb Code    28  os_core.o(.text)
    OSIntExit                                0x08001947   Thumb Code   112  os_core.o(.text)
    OSSchedLock                              0x080019b7   Thumb Code   204  os_core.o(.text)
    OS_Sched                                 0x08001a83   Thumb Code    88  os_core.o(.text)
    OSSchedUnlock                            0x08001adb   Thumb Code    82  os_core.o(.text)
    OSStart                                  0x08001b2d   Thumb Code    48  os_core.o(.text)
    OSStatInit                               0x08001b5d   Thumb Code    62  os_core.o(.text)
    OSTimeTick                               0x08001b9b   Thumb Code   210  os_core.o(.text)
    OSVersion                                0x08001c6d   Thumb Code     6  os_core.o(.text)
    OS_Dummy                                 0x08001c73   Thumb Code     2  os_core.o(.text)
    OS_EventTaskRemove                       0x08001c75   Thumb Code    42  os_core.o(.text)
    OS_EventTaskRdy                          0x08001c9f   Thumb Code   114  os_core.o(.text)
    OS_EventTaskWait                         0x08001d11   Thumb Code   112  os_core.o(.text)
    OS_EventWaitListInit                     0x08001d81   Thumb Code    28  os_core.o(.text)
    OS_MemCopy                               0x08001d9d   Thumb Code    20  os_core.o(.text)
    OS_TCBInit                               0x08001db1   Thumb Code   352  os_core.o(.text)
    OSMboxAccept                             0x08001f1d   Thumb Code    38  os_mbox.o(.text)
    OSMboxCreate                             0x08001f43   Thumb Code    72  os_mbox.o(.text)
    OSMboxDel                                0x08001f8b   Thumb Code   210  os_mbox.o(.text)
    OSMboxPend                               0x0800205d   Thumb Code   246  os_mbox.o(.text)
    OSMboxPendAbort                          0x08002153   Thumb Code   128  os_mbox.o(.text)
    OSMboxPost                               0x080021d3   Thumb Code    80  os_mbox.o(.text)
    OSMboxPostOpt                            0x08002223   Thumb Code   120  os_mbox.o(.text)
    OSMboxQuery                              0x0800229b   Thumb Code    76  os_mbox.o(.text)
    OSTaskChangePrio                         0x080022fd   Thumb Code   308  os_task.o(.text)
    OSTaskCreate                             0x08002431   Thumb Code   148  os_task.o(.text)
    OS_TaskStkClr                            0x080024c5   Thumb Code    26  os_task.o(.text)
    OSTaskCreateExt                          0x080024df   Thumb Code   170  os_task.o(.text)
    OSTaskDel                                0x08002589   Thumb Code   280  os_task.o(.text)
    OSTaskDelReq                             0x080026a1   Thumb Code   144  os_task.o(.text)
    OSTaskNameGet                            0x08002731   Thumb Code   114  os_task.o(.text)
    OSTaskNameSet                            0x080027a3   Thumb Code    98  os_task.o(.text)
    OSTaskResume                             0x08002805   Thumb Code   154  os_task.o(.text)
    OSTaskStkChk                             0x0800289f   Thumb Code   132  os_task.o(.text)
    OSTaskSuspend                            0x08002923   Thumb Code   152  os_task.o(.text)
    OSTaskQuery                              0x080029bb   Thumb Code    82  os_task.o(.text)
    OSTaskRegGet                             0x08002a0d   Thumb Code    60  os_task.o(.text)
    OSTaskRegSet                             0x08002a49   Thumb Code    62  os_task.o(.text)
    OS_TaskReturn                            0x08002a87   Thumb Code    18  os_task.o(.text)
    OSTimeDly                                0x08002ab1   Thumb Code   100  os_time.o(.text)
    OSTimeDlyHMSM                            0x08002b15   Thumb Code    86  os_time.o(.text)
    OSTimeDlyResume                          0x08002b6b   Thumb Code   168  os_time.o(.text)
    OSTimeGet                                0x08002c13   Thumb Code    24  os_time.o(.text)
    OSTimeSet                                0x08002c2b   Thumb Code    24  os_time.o(.text)
    main                                     0x08002c61   Thumb Code    30  main.o(.text)
    NMI_Handler                              0x08002c89   Thumb Code     2  stm32f10x_it.o(.text)
    HardFault_Handler                        0x08002c8b   Thumb Code     4  stm32f10x_it.o(.text)
    MemManage_Handler                        0x08002c8f   Thumb Code     4  stm32f10x_it.o(.text)
    BusFault_Handler                         0x08002c93   Thumb Code     4  stm32f10x_it.o(.text)
    UsageFault_Handler                       0x08002c97   Thumb Code     4  stm32f10x_it.o(.text)
    SVC_Handler                              0x08002c9b   Thumb Code     2  stm32f10x_it.o(.text)
    DebugMon_Handler                         0x08002c9d   Thumb Code     2  stm32f10x_it.o(.text)
    PendSV_Handler                           0x08002c9f   Thumb Code     2  stm32f10x_it.o(.text)
    SysTick_Handler                          0x08002ca1   Thumb Code    16  stm32f10x_it.o(.text)
    USART1_IRQHandler                        0x08002cb1   Thumb Code    44  stm32f10x_it.o(.text)
    TIM7_IRQHandler                          0x08002cdd   Thumb Code    72  stm32f10x_it.o(.text)
    Reset_Handler                            0x08002d39   Thumb Code     8  startup_stm32f10x_hd.o(.text)
    ADC1_2_IRQHandler                        0x08002d53   Thumb Code     0  startup_stm32f10x_hd.o(.text)
    ADC3_IRQHandler                          0x08002d53   Thumb Code     0  startup_stm32f10x_hd.o(.text)
    CAN1_RX1_IRQHandler                      0x08002d53   Thumb Code     0  startup_stm32f10x_hd.o(.text)
    CAN1_SCE_IRQHandler                      0x08002d53   Thumb Code     0  startup_stm32f10x_hd.o(.text)
    DMA1_Channel1_IRQHandler                 0x08002d53   Thumb Code     0  startup_stm32f10x_hd.o(.text)
    DMA1_Channel2_IRQHandler                 0x08002d53   Thumb Code     0  startup_stm32f10x_hd.o(.text)
    DMA1_Channel3_IRQHandler                 0x08002d53   Thumb Code     0  startup_stm32f10x_hd.o(.text)
    DMA1_Channel4_IRQHandler                 0x08002d53   Thumb Code     0  startup_stm32f10x_hd.o(.text)
    DMA1_Channel5_IRQHandler                 0x08002d53   Thumb Code     0  startup_stm32f10x_hd.o(.text)
    DMA1_Channel6_IRQHandler                 0x08002d53   Thumb Code     0  startup_stm32f10x_hd.o(.text)
    DMA1_Channel7_IRQHandler                 0x08002d53   Thumb Code     0  startup_stm32f10x_hd.o(.text)
    DMA2_Channel1_IRQHandler                 0x08002d53   Thumb Code     0  startup_stm32f10x_hd.o(.text)
    DMA2_Channel2_IRQHandler                 0x08002d53   Thumb Code     0  startup_stm32f10x_hd.o(.text)
    DMA2_Channel3_IRQHandler                 0x08002d53   Thumb Code     0  startup_stm32f10x_hd.o(.text)
    DMA2_Channel4_5_IRQHandler               0x08002d53   Thumb Code     0  startup_stm32f10x_hd.o(.text)
    EXTI0_IRQHandler                         0x08002d53   Thumb Code     0  startup_stm32f10x_hd.o(.text)
    EXTI15_10_IRQHandler                     0x08002d53   Thumb Code     0  startup_stm32f10x_hd.o(.text)
    EXTI1_IRQHandler                         0x08002d53   Thumb Code     0  startup_stm32f10x_hd.o(.text)
    EXTI2_IRQHandler                         0x08002d53   Thumb Code     0  startup_stm32f10x_hd.o(.text)
    EXTI3_IRQHandler                         0x08002d53   Thumb Code     0  startup_stm32f10x_hd.o(.text)
    EXTI4_IRQHandler                         0x08002d53   Thumb Code     0  startup_stm32f10x_hd.o(.text)
    EXTI9_5_IRQHandler                       0x08002d53   Thumb Code     0  startup_stm32f10x_hd.o(.text)
    FLASH_IRQHandler                         0x08002d53   Thumb Code     0  startup_stm32f10x_hd.o(.text)
    FSMC_IRQHandler                          0x08002d53   Thumb Code     0  startup_stm32f10x_hd.o(.text)
    I2C1_ER_IRQHandler                       0x08002d53   Thumb Code     0  startup_stm32f10x_hd.o(.text)
    I2C1_EV_IRQHandler                       0x08002d53   Thumb Code     0  startup_stm32f10x_hd.o(.text)
    I2C2_ER_IRQHandler                       0x08002d53   Thumb Code     0  startup_stm32f10x_hd.o(.text)
    I2C2_EV_IRQHandler                       0x08002d53   Thumb Code     0  startup_stm32f10x_hd.o(.text)
    PVD_IRQHandler                           0x08002d53   Thumb Code     0  startup_stm32f10x_hd.o(.text)
    RCC_IRQHandler                           0x08002d53   Thumb Code     0  startup_stm32f10x_hd.o(.text)
    RTCAlarm_IRQHandler                      0x08002d53   Thumb Code     0  startup_stm32f10x_hd.o(.text)
    RTC_IRQHandler                           0x08002d53   Thumb Code     0  startup_stm32f10x_hd.o(.text)
    SDIO_IRQHandler                          0x08002d53   Thumb Code     0  startup_stm32f10x_hd.o(.text)
    SPI1_IRQHandler                          0x08002d53   Thumb Code     0  startup_stm32f10x_hd.o(.text)
    SPI2_IRQHandler                          0x08002d53   Thumb Code     0  startup_stm32f10x_hd.o(.text)
    SPI3_IRQHandler                          0x08002d53   Thumb Code     0  startup_stm32f10x_hd.o(.text)
    TAMPER_IRQHandler                        0x08002d53   Thumb Code     0  startup_stm32f10x_hd.o(.text)
    TIM1_BRK_IRQHandler                      0x08002d53   Thumb Code     0  startup_stm32f10x_hd.o(.text)
    TIM1_CC_IRQHandler                       0x08002d53   Thumb Code     0  startup_stm32f10x_hd.o(.text)
    TIM1_TRG_COM_IRQHandler                  0x08002d53   Thumb Code     0  startup_stm32f10x_hd.o(.text)
    TIM1_UP_IRQHandler                       0x08002d53   Thumb Code     0  startup_stm32f10x_hd.o(.text)
    TIM2_IRQHandler                          0x08002d53   Thumb Code     0  startup_stm32f10x_hd.o(.text)
    TIM3_IRQHandler                          0x08002d53   Thumb Code     0  startup_stm32f10x_hd.o(.text)
    TIM4_IRQHandler                          0x08002d53   Thumb Code     0  startup_stm32f10x_hd.o(.text)
    TIM5_IRQHandler                          0x08002d53   Thumb Code     0  startup_stm32f10x_hd.o(.text)
    TIM6_IRQHandler                          0x08002d53   Thumb Code     0  startup_stm32f10x_hd.o(.text)
    TIM8_BRK_IRQHandler                      0x08002d53   Thumb Code     0  startup_stm32f10x_hd.o(.text)
    TIM8_CC_IRQHandler                       0x08002d53   Thumb Code     0  startup_stm32f10x_hd.o(.text)
    TIM8_TRG_COM_IRQHandler                  0x08002d53   Thumb Code     0  startup_stm32f10x_hd.o(.text)
    TIM8_UP_IRQHandler                       0x08002d53   Thumb Code     0  startup_stm32f10x_hd.o(.text)
    UART4_IRQHandler                         0x08002d53   Thumb Code     0  startup_stm32f10x_hd.o(.text)
    UART5_IRQHandler                         0x08002d53   Thumb Code     0  startup_stm32f10x_hd.o(.text)
    USART2_IRQHandler                        0x08002d53   Thumb Code     0  startup_stm32f10x_hd.o(.text)
    USART3_IRQHandler                        0x08002d53   Thumb Code     0  startup_stm32f10x_hd.o(.text)
    USBWakeUp_IRQHandler                     0x08002d53   Thumb Code     0  startup_stm32f10x_hd.o(.text)
    USB_HP_CAN1_TX_IRQHandler                0x08002d53   Thumb Code     0  startup_stm32f10x_hd.o(.text)
    USB_LP_CAN1_RX0_IRQHandler               0x08002d53   Thumb Code     0  startup_stm32f10x_hd.o(.text)
    WWDG_IRQHandler                          0x08002d53   Thumb Code     0  startup_stm32f10x_hd.o(.text)
    SystemInit                               0x08002e3b   Thumb Code    78  system_stm32f10x.o(.text)
    SystemCoreClockUpdate                    0x08002e89   Thumb Code   142  system_stm32f10x.o(.text)
    NVIC_PriorityGroupConfig                 0x08002f3d   Thumb Code    10  misc.o(.text)
    NVIC_Init                                0x08002f47   Thumb Code   100  misc.o(.text)
    NVIC_SetVectorTable                      0x08002fab   Thumb Code    14  misc.o(.text)
    NVIC_SystemLPConfig                      0x08002fb9   Thumb Code    34  misc.o(.text)
    SysTick_CLKSourceConfig                  0x08002fdb   Thumb Code    40  misc.o(.text)
    FSMC_NORSRAMDeInit                       0x08003019   Thumb Code    54  stm32f10x_fsmc.o(.text)
    FSMC_NANDDeInit                          0x0800304f   Thumb Code    62  stm32f10x_fsmc.o(.text)
    FSMC_PCCARDDeInit                        0x0800308d   Thumb Code    36  stm32f10x_fsmc.o(.text)
    FSMC_NORSRAMInit                         0x080030b1   Thumb Code   230  stm32f10x_fsmc.o(.text)
    FSMC_NANDInit                            0x08003197   Thumb Code   132  stm32f10x_fsmc.o(.text)
    FSMC_PCCARDInit                          0x0800321b   Thumb Code   130  stm32f10x_fsmc.o(.text)
    FSMC_NORSRAMStructInit                   0x0800329d   Thumb Code   114  stm32f10x_fsmc.o(.text)
    FSMC_NANDStructInit                      0x0800330f   Thumb Code    54  stm32f10x_fsmc.o(.text)
    FSMC_PCCARDStructInit                    0x08003345   Thumb Code    60  stm32f10x_fsmc.o(.text)
    FSMC_NORSRAMCmd                          0x08003381   Thumb Code    46  stm32f10x_fsmc.o(.text)
    FSMC_NANDCmd                             0x080033af   Thumb Code    86  stm32f10x_fsmc.o(.text)
    FSMC_PCCARDCmd                           0x08003405   Thumb Code    44  stm32f10x_fsmc.o(.text)
    FSMC_NANDECCCmd                          0x08003431   Thumb Code    90  stm32f10x_fsmc.o(.text)
    FSMC_GetECC                              0x0800348b   Thumb Code    24  stm32f10x_fsmc.o(.text)
    FSMC_ITConfig                            0x080034a3   Thumb Code   128  stm32f10x_fsmc.o(.text)
    FSMC_GetFlagStatus                       0x08003523   Thumb Code    54  stm32f10x_fsmc.o(.text)
    FSMC_ClearFlag                           0x08003559   Thumb Code    62  stm32f10x_fsmc.o(.text)
    FSMC_GetITStatus                         0x08003597   Thumb Code    64  stm32f10x_fsmc.o(.text)
    FSMC_ClearITPendingBit                   0x080035d7   Thumb Code    68  stm32f10x_fsmc.o(.text)
    GPIO_DeInit                              0x08003625   Thumb Code   172  stm32f10x_gpio.o(.text)
    GPIO_AFIODeInit                          0x080036d1   Thumb Code    20  stm32f10x_gpio.o(.text)
    GPIO_Init                                0x080036e5   Thumb Code   278  stm32f10x_gpio.o(.text)
    GPIO_StructInit                          0x080037fb   Thumb Code    16  stm32f10x_gpio.o(.text)
    GPIO_ReadInputDataBit                    0x0800380b   Thumb Code    18  stm32f10x_gpio.o(.text)
    GPIO_ReadInputData                       0x0800381d   Thumb Code     8  stm32f10x_gpio.o(.text)
    GPIO_ReadOutputDataBit                   0x08003825   Thumb Code    18  stm32f10x_gpio.o(.text)
    GPIO_ReadOutputData                      0x08003837   Thumb Code     8  stm32f10x_gpio.o(.text)
    GPIO_SetBits                             0x0800383f   Thumb Code     4  stm32f10x_gpio.o(.text)
    GPIO_ResetBits                           0x08003843   Thumb Code     4  stm32f10x_gpio.o(.text)
    GPIO_WriteBit                            0x08003847   Thumb Code    10  stm32f10x_gpio.o(.text)
    GPIO_Write                               0x08003851   Thumb Code     4  stm32f10x_gpio.o(.text)
    GPIO_PinLockConfig                       0x08003855   Thumb Code    18  stm32f10x_gpio.o(.text)
    GPIO_EventOutputConfig                   0x08003867   Thumb Code    26  stm32f10x_gpio.o(.text)
    GPIO_EventOutputCmd                      0x08003881   Thumb Code     6  stm32f10x_gpio.o(.text)
    GPIO_PinRemapConfig                      0x08003887   Thumb Code   138  stm32f10x_gpio.o(.text)
    GPIO_EXTILineConfig                      0x08003911   Thumb Code    66  stm32f10x_gpio.o(.text)
    GPIO_ETH_MediaInterfaceConfig            0x08003953   Thumb Code     8  stm32f10x_gpio.o(.text)
    RCC_DeInit                               0x08003981   Thumb Code    64  stm32f10x_rcc.o(.text)
    RCC_HSEConfig                            0x080039c1   Thumb Code    70  stm32f10x_rcc.o(.text)
    RCC_GetFlagStatus                        0x08003a07   Thumb Code    56  stm32f10x_rcc.o(.text)
    RCC_WaitForHSEStartUp                    0x08003a3f   Thumb Code    56  stm32f10x_rcc.o(.text)
    RCC_AdjustHSICalibrationValue            0x08003a77   Thumb Code    20  stm32f10x_rcc.o(.text)
    RCC_HSICmd                               0x08003a8b   Thumb Code     6  stm32f10x_rcc.o(.text)
    RCC_PLLConfig                            0x08003a91   Thumb Code    24  stm32f10x_rcc.o(.text)
    RCC_PLLCmd                               0x08003aa9   Thumb Code     6  stm32f10x_rcc.o(.text)
    RCC_SYSCLKConfig                         0x08003aaf   Thumb Code    18  stm32f10x_rcc.o(.text)
    RCC_GetSYSCLKSource                      0x08003ac1   Thumb Code    10  stm32f10x_rcc.o(.text)
    RCC_HCLKConfig                           0x08003acb   Thumb Code    18  stm32f10x_rcc.o(.text)
    RCC_PCLK1Config                          0x08003add   Thumb Code    18  stm32f10x_rcc.o(.text)
    RCC_PCLK2Config                          0x08003aef   Thumb Code    20  stm32f10x_rcc.o(.text)
    RCC_ITConfig                             0x08003b03   Thumb Code    26  stm32f10x_rcc.o(.text)
    RCC_USBCLKConfig                         0x08003b1d   Thumb Code     8  stm32f10x_rcc.o(.text)
    RCC_ADCCLKConfig                         0x08003b25   Thumb Code    18  stm32f10x_rcc.o(.text)
    RCC_LSEConfig                            0x08003b37   Thumb Code    50  stm32f10x_rcc.o(.text)
    RCC_LSICmd                               0x08003b69   Thumb Code     6  stm32f10x_rcc.o(.text)
    RCC_RTCCLKConfig                         0x08003b6f   Thumb Code    12  stm32f10x_rcc.o(.text)
    RCC_RTCCLKCmd                            0x08003b7b   Thumb Code     8  stm32f10x_rcc.o(.text)
    RCC_GetClocksFreq                        0x08003b83   Thumb Code   192  stm32f10x_rcc.o(.text)
    RCC_AHBPeriphClockCmd                    0x08003c43   Thumb Code    26  stm32f10x_rcc.o(.text)
    RCC_APB2PeriphClockCmd                   0x08003c5d   Thumb Code    26  stm32f10x_rcc.o(.text)
    RCC_APB1PeriphClockCmd                   0x08003c77   Thumb Code    26  stm32f10x_rcc.o(.text)
    RCC_APB2PeriphResetCmd                   0x08003c91   Thumb Code    26  stm32f10x_rcc.o(.text)
    RCC_APB1PeriphResetCmd                   0x08003cab   Thumb Code    26  stm32f10x_rcc.o(.text)
    RCC_BackupResetCmd                       0x08003cc5   Thumb Code     8  stm32f10x_rcc.o(.text)
    RCC_ClockSecuritySystemCmd               0x08003ccd   Thumb Code     6  stm32f10x_rcc.o(.text)
    RCC_MCOConfig                            0x08003cd3   Thumb Code     6  stm32f10x_rcc.o(.text)
    RCC_ClearFlag                            0x08003cd9   Thumb Code    14  stm32f10x_rcc.o(.text)
    RCC_GetITStatus                          0x08003ce7   Thumb Code    20  stm32f10x_rcc.o(.text)
    RCC_ClearITPendingBit                    0x08003cfb   Thumb Code     6  stm32f10x_rcc.o(.text)
    TIM_DeInit                               0x08003d25   Thumb Code   424  stm32f10x_tim.o(.text)
    TIM_TimeBaseInit                         0x08003ecd   Thumb Code   122  stm32f10x_tim.o(.text)
    TIM_OC1Init                              0x08003f47   Thumb Code   132  stm32f10x_tim.o(.text)
    TIM_OC2Init                              0x08003fcb   Thumb Code   154  stm32f10x_tim.o(.text)
    TIM_OC3Init                              0x08004065   Thumb Code   150  stm32f10x_tim.o(.text)
    TIM_OC4Init                              0x080040fb   Thumb Code   182  stm32f10x_tim.o(.text)
    TIM_SetIC4Prescaler                      0x080041b1   Thumb Code    26  stm32f10x_tim.o(.text)
    TIM_SetIC3Prescaler                      0x0800424d   Thumb Code    18  stm32f10x_tim.o(.text)
    TIM_SetIC2Prescaler                      0x080042d9   Thumb Code    26  stm32f10x_tim.o(.text)
    TIM_SetIC1Prescaler                      0x08004375   Thumb Code    18  stm32f10x_tim.o(.text)
    TIM_ICInit                               0x080043f3   Thumb Code   150  stm32f10x_tim.o(.text)
    TIM_PWMIConfig                           0x08004489   Thumb Code   124  stm32f10x_tim.o(.text)
    TIM_BDTRConfig                           0x08004505   Thumb Code    32  stm32f10x_tim.o(.text)
    TIM_TimeBaseStructInit                   0x08004525   Thumb Code    18  stm32f10x_tim.o(.text)
    TIM_OCStructInit                         0x08004537   Thumb Code    20  stm32f10x_tim.o(.text)
    TIM_ICStructInit                         0x0800454b   Thumb Code    18  stm32f10x_tim.o(.text)
    TIM_BDTRStructInit                       0x0800455d   Thumb Code    40  stm32f10x_tim.o(.text)
    TIM_Cmd                                  0x08004585   Thumb Code    24  stm32f10x_tim.o(.text)
    TIM_CtrlPWMOutputs                       0x0800459d   Thumb Code    30  stm32f10x_tim.o(.text)
    TIM_ITConfig                             0x080045bb   Thumb Code    18  stm32f10x_tim.o(.text)
    TIM_GenerateEvent                        0x080045cd   Thumb Code     4  stm32f10x_tim.o(.text)
    TIM_DMAConfig                            0x080045d1   Thumb Code    10  stm32f10x_tim.o(.text)
    TIM_DMACmd                               0x080045db   Thumb Code    18  stm32f10x_tim.o(.text)
    TIM_InternalClockConfig                  0x080045ed   Thumb Code    12  stm32f10x_tim.o(.text)
    TIM_SelectInputTrigger                   0x080045f9   Thumb Code    18  stm32f10x_tim.o(.text)
    TIM_ITRxExternalClockConfig              0x0800460b   Thumb Code    24  stm32f10x_tim.o(.text)
    TIM_TIxExternalClockConfig               0x08004623   Thumb Code    62  stm32f10x_tim.o(.text)
    TIM_ETRConfig                            0x08004661   Thumb Code    28  stm32f10x_tim.o(.text)
    TIM_ETRClockMode1Config                  0x0800467d   Thumb Code    54  stm32f10x_tim.o(.text)
    TIM_ETRClockMode2Config                  0x080046b3   Thumb Code    32  stm32f10x_tim.o(.text)
    TIM_PrescalerConfig                      0x080046d3   Thumb Code     6  stm32f10x_tim.o(.text)
    TIM_CounterModeConfig                    0x080046d9   Thumb Code    18  stm32f10x_tim.o(.text)
    TIM_EncoderInterfaceConfig               0x080046eb   Thumb Code    66  stm32f10x_tim.o(.text)
    TIM_ForcedOC1Config                      0x0800472d   Thumb Code    18  stm32f10x_tim.o(.text)
    TIM_ForcedOC2Config                      0x0800473f   Thumb Code    26  stm32f10x_tim.o(.text)
    TIM_ForcedOC3Config                      0x08004759   Thumb Code    18  stm32f10x_tim.o(.text)
    TIM_ForcedOC4Config                      0x0800476b   Thumb Code    26  stm32f10x_tim.o(.text)
    TIM_ARRPreloadConfig                     0x08004785   Thumb Code    24  stm32f10x_tim.o(.text)
    TIM_SelectCOM                            0x0800479d   Thumb Code    24  stm32f10x_tim.o(.text)
    TIM_SelectCCDMA                          0x080047b5   Thumb Code    24  stm32f10x_tim.o(.text)
    TIM_CCPreloadControl                     0x080047cd   Thumb Code    24  stm32f10x_tim.o(.text)
    TIM_OC1PreloadConfig                     0x080047e5   Thumb Code    18  stm32f10x_tim.o(.text)
    TIM_OC2PreloadConfig                     0x080047f7   Thumb Code    26  stm32f10x_tim.o(.text)
    TIM_OC3PreloadConfig                     0x08004811   Thumb Code    18  stm32f10x_tim.o(.text)
    TIM_OC4PreloadConfig                     0x08004823   Thumb Code    26  stm32f10x_tim.o(.text)
    TIM_OC1FastConfig                        0x0800483d   Thumb Code    18  stm32f10x_tim.o(.text)
    TIM_OC2FastConfig                        0x0800484f   Thumb Code    26  stm32f10x_tim.o(.text)
    TIM_OC3FastConfig                        0x08004869   Thumb Code    18  stm32f10x_tim.o(.text)
    TIM_OC4FastConfig                        0x0800487b   Thumb Code    26  stm32f10x_tim.o(.text)
    TIM_ClearOC1Ref                          0x08004895   Thumb Code    18  stm32f10x_tim.o(.text)
    TIM_ClearOC2Ref                          0x080048a7   Thumb Code    24  stm32f10x_tim.o(.text)
    TIM_ClearOC3Ref                          0x080048bf   Thumb Code    18  stm32f10x_tim.o(.text)
    TIM_ClearOC4Ref                          0x080048d1   Thumb Code    24  stm32f10x_tim.o(.text)
    TIM_OC1PolarityConfig                    0x080048e9   Thumb Code    18  stm32f10x_tim.o(.text)
    TIM_OC1NPolarityConfig                   0x080048fb   Thumb Code    18  stm32f10x_tim.o(.text)
    TIM_OC2PolarityConfig                    0x0800490d   Thumb Code    26  stm32f10x_tim.o(.text)
    TIM_OC2NPolarityConfig                   0x08004927   Thumb Code    26  stm32f10x_tim.o(.text)
    TIM_OC3PolarityConfig                    0x08004941   Thumb Code    26  stm32f10x_tim.o(.text)
    TIM_OC3NPolarityConfig                   0x0800495b   Thumb Code    26  stm32f10x_tim.o(.text)
    TIM_OC4PolarityConfig                    0x08004975   Thumb Code    26  stm32f10x_tim.o(.text)
    TIM_CCxCmd                               0x0800498f   Thumb Code    30  stm32f10x_tim.o(.text)
    TIM_CCxNCmd                              0x080049ad   Thumb Code    30  stm32f10x_tim.o(.text)
    TIM_SelectOCxM                           0x080049cb   Thumb Code    82  stm32f10x_tim.o(.text)
    TIM_UpdateDisableConfig                  0x08004a1d   Thumb Code    24  stm32f10x_tim.o(.text)
    TIM_UpdateRequestConfig                  0x08004a35   Thumb Code    24  stm32f10x_tim.o(.text)
    TIM_SelectHallSensor                     0x08004a4d   Thumb Code    24  stm32f10x_tim.o(.text)
    TIM_SelectOnePulseMode                   0x08004a65   Thumb Code    18  stm32f10x_tim.o(.text)
    TIM_SelectOutputTrigger                  0x08004a77   Thumb Code    18  stm32f10x_tim.o(.text)
    TIM_SelectSlaveMode                      0x08004a89   Thumb Code    18  stm32f10x_tim.o(.text)
    TIM_SelectMasterSlaveMode                0x08004a9b   Thumb Code    18  stm32f10x_tim.o(.text)
    TIM_SetCounter                           0x08004aad   Thumb Code     4  stm32f10x_tim.o(.text)
    TIM_SetAutoreload                        0x08004ab1   Thumb Code     4  stm32f10x_tim.o(.text)
    TIM_SetCompare1                          0x08004ab5   Thumb Code     4  stm32f10x_tim.o(.text)
    TIM_SetCompare2                          0x08004ab9   Thumb Code     4  stm32f10x_tim.o(.text)
    TIM_SetCompare3                          0x08004abd   Thumb Code     4  stm32f10x_tim.o(.text)
    TIM_SetCompare4                          0x08004ac1   Thumb Code     6  stm32f10x_tim.o(.text)
    TIM_SetClockDivision                     0x08004ac7   Thumb Code    18  stm32f10x_tim.o(.text)
    TIM_GetCapture1                          0x08004ad9   Thumb Code     6  stm32f10x_tim.o(.text)
    TIM_GetCapture2                          0x08004adf   Thumb Code     6  stm32f10x_tim.o(.text)
    TIM_GetCapture3                          0x08004ae5   Thumb Code     6  stm32f10x_tim.o(.text)
    TIM_GetCapture4                          0x08004aeb   Thumb Code     8  stm32f10x_tim.o(.text)
    TIM_GetCounter                           0x08004af3   Thumb Code     6  stm32f10x_tim.o(.text)
    TIM_GetPrescaler                         0x08004af9   Thumb Code     6  stm32f10x_tim.o(.text)
    TIM_GetFlagStatus                        0x08004aff   Thumb Code    18  stm32f10x_tim.o(.text)
    TIM_ClearFlag                            0x08004b11   Thumb Code     6  stm32f10x_tim.o(.text)
    TIM_GetITStatus                          0x08004b17   Thumb Code    34  stm32f10x_tim.o(.text)
    TIM_ClearITPendingBit                    0x08004b39   Thumb Code     6  stm32f10x_tim.o(.text)
    USART_DeInit                             0x08004b41   Thumb Code   134  stm32f10x_usart.o(.text)
    USART_Init                               0x08004bc7   Thumb Code   210  stm32f10x_usart.o(.text)
    USART_StructInit                         0x08004c99   Thumb Code    24  stm32f10x_usart.o(.text)
    USART_ClockInit                          0x08004cb1   Thumb Code    34  stm32f10x_usart.o(.text)
    USART_ClockStructInit                    0x08004cd3   Thumb Code    12  stm32f10x_usart.o(.text)
    USART_Cmd                                0x08004cdf   Thumb Code    24  stm32f10x_usart.o(.text)
    USART_ITConfig                           0x08004cf7   Thumb Code    74  stm32f10x_usart.o(.text)
    USART_DMACmd                             0x08004d41   Thumb Code    18  stm32f10x_usart.o(.text)
    USART_SetAddress                         0x08004d53   Thumb Code    18  stm32f10x_usart.o(.text)
    USART_WakeUpConfig                       0x08004d65   Thumb Code    18  stm32f10x_usart.o(.text)
    USART_ReceiverWakeUpCmd                  0x08004d77   Thumb Code    24  stm32f10x_usart.o(.text)
    USART_LINBreakDetectLengthConfig         0x08004d8f   Thumb Code    18  stm32f10x_usart.o(.text)
    USART_LINCmd                             0x08004da1   Thumb Code    24  stm32f10x_usart.o(.text)
    USART_SendData                           0x08004db9   Thumb Code     8  stm32f10x_usart.o(.text)
    USART_ReceiveData                        0x08004dc1   Thumb Code    10  stm32f10x_usart.o(.text)
    USART_SendBreak                          0x08004dcb   Thumb Code    10  stm32f10x_usart.o(.text)
    USART_SetGuardTime                       0x08004dd5   Thumb Code    16  stm32f10x_usart.o(.text)
    USART_SetPrescaler                       0x08004de5   Thumb Code    16  stm32f10x_usart.o(.text)
    USART_SmartCardCmd                       0x08004df5   Thumb Code    24  stm32f10x_usart.o(.text)
    USART_SmartCardNACKCmd                   0x08004e0d   Thumb Code    24  stm32f10x_usart.o(.text)
    USART_HalfDuplexCmd                      0x08004e25   Thumb Code    24  stm32f10x_usart.o(.text)
    USART_OverSampling8Cmd                   0x08004e3d   Thumb Code    22  stm32f10x_usart.o(.text)
    USART_OneBitMethodCmd                    0x08004e53   Thumb Code    24  stm32f10x_usart.o(.text)
    USART_IrDAConfig                         0x08004e6b   Thumb Code    18  stm32f10x_usart.o(.text)
    USART_IrDACmd                            0x08004e7d   Thumb Code    24  stm32f10x_usart.o(.text)
    USART_GetFlagStatus                      0x08004e95   Thumb Code    26  stm32f10x_usart.o(.text)
    USART_ClearFlag                          0x08004eaf   Thumb Code    18  stm32f10x_usart.o(.text)
    USART_GetITStatus                        0x08004ec1   Thumb Code    84  stm32f10x_usart.o(.text)
    USART_ClearITPendingBit                  0x08004f15   Thumb Code    52  stm32f10x_usart.o(.text)
    __aeabi_uidiv                            0x08004f49   Thumb Code     0  uidiv.o(.text)
    __aeabi_uidivmod                         0x08004f49   Thumb Code    44  uidiv.o(.text)
    __scatterload                            0x08004f75   Thumb Code    28  init.o(.text)
    __scatterload_rt2                        0x08004f75   Thumb Code     0  init.o(.text)
    ILI9341_Read_Data                        0x08004f99   Thumb Code     6  bsp_ili9341_lcd.o(i.ILI9341_Read_Data)
    ILI9341_Write_Cmd                        0x08004fa5   Thumb Code     8  bsp_ili9341_lcd.o(i.ILI9341_Write_Cmd)
    ILI9341_Write_Data                       0x08004fad   Thumb Code     6  bsp_ili9341_lcd.o(i.ILI9341_Write_Data)
    __0sprintf$3                             0x08004fb9   Thumb Code    34  printf3.o(i.__0sprintf$3)
    __1sprintf$3                             0x08004fb9   Thumb Code     0  printf3.o(i.__0sprintf$3)
    __2sprintf                               0x08004fb9   Thumb Code     0  printf3.o(i.__0sprintf$3)
    __scatterload_copy                       0x08004fe1   Thumb Code    14  handlers.o(i.__scatterload_copy)
    __scatterload_null                       0x08004fef   Thumb Code     2  handlers.o(i.__scatterload_null)
    __scatterload_zeroinit                   0x08004ff1   Thumb Code    14  handlers.o(i.__scatterload_zeroinit)
    ASCII8x16_Table                          0x080051c2   Data        1520  fonts.o(.constdata)
    ASCII16x24_Table                         0x080057b2   Data        4560  fonts.o(.constdata)
    ASCII24x32_Table                         0x08006982   Data        9120  fonts.o(.constdata)
    auchCRCHi                                0x08008d22   Data         256  crc.o(.constdata)
    auchCRCLo                                0x08008e22   Data         256  crc.o(.constdata)
    OSUnMapTbl                               0x08008f22   Data         256  os_core.o(.constdata)
    Region$$Table$$Base                      0x08009024   Number         0  anon$$obj.o(Region$$Table)
    Region$$Table$$Limit                     0x08009044   Number         0  anon$$obj.o(Region$$Table)
    Usart_Send_Mbox                          0x20000000   Data           4  app.o(.data)
    Tim7_Analysis_Mbox                       0x20000004   Data           4  app.o(.data)
    RX_CNT                                   0x20000008   Data           2  app.o(.data)
    Font8x16                                 0x2000000c   Data           8  fonts.o(.data)
    Font16x24                                0x20000014   Data           8  fonts.o(.data)
    Font24x32                                0x2000001c   Data           8  fonts.o(.data)
    LCD_X_LENGTH                             0x20000024   Data           2  bsp_ili9341_lcd.o(.data)
    LCD_Y_LENGTH                             0x20000026   Data           2  bsp_ili9341_lcd.o(.data)
    LCD_SCAN_MODE                            0x20000028   Data           1  bsp_ili9341_lcd.o(.data)
    TX_EN                                    0x20000034   Data           1  modbus_m.o(.data)
    RX_EN                                    0x20000035   Data           1  modbus_m.o(.data)
    EXCEPTION_CODE                           0x20000036   Data           1  modbus_m.o(.data)
    SlaverAddr                               0x20000037   Data           1  modbus_m.o(.data)
    Fuction                                  0x20000038   Data           1  modbus_m.o(.data)
    StartAddr                                0x2000003a   Data           2  modbus_m.o(.data)
    ValueOrLenth                             0x2000003c   Data           2  modbus_m.o(.data)
    OSCtxSwCtr                               0x20000040   Data           4  os_core.o(.data)
    OSEventFreeList                          0x20000044   Data           4  os_core.o(.data)
    OSCPUUsage                               0x20000048   Data           1  os_core.o(.data)
    OSIdleCtrMax                             0x2000004c   Data           4  os_core.o(.data)
    OSIdleCtrRun                             0x20000050   Data           4  os_core.o(.data)
    OSStatRdy                                0x20000054   Data           1  os_core.o(.data)
    OSIntNesting                             0x20000055   Data           1  os_core.o(.data)
    OSLockNesting                            0x20000056   Data           1  os_core.o(.data)
    OSPrioCur                                0x20000057   Data           1  os_core.o(.data)
    OSPrioHighRdy                            0x20000058   Data           1  os_core.o(.data)
    OSRdyGrp                                 0x20000059   Data           1  os_core.o(.data)
    OSRdyTbl                                 0x2000005a   Data           8  os_core.o(.data)
    OSRunning                                0x20000062   Data           1  os_core.o(.data)
    OSTaskCtr                                0x20000063   Data           1  os_core.o(.data)
    OSIdleCtr                                0x20000064   Data           4  os_core.o(.data)
    OSTCBCur                                 0x20000068   Data           4  os_core.o(.data)
    OSTCBFreeList                            0x2000006c   Data           4  os_core.o(.data)
    OSTCBHighRdy                             0x20000070   Data           4  os_core.o(.data)
    OSTCBList                                0x20000074   Data           4  os_core.o(.data)
    OSTickStepState                          0x20000078   Data           1  os_core.o(.data)
    OSTime                                   0x2000007c   Data           4  os_core.o(.data)
    time                                     0x20000080   Data           4  stm32f10x_it.o(.data)
    SystemCoreClock                          0x20000084   Data           4  system_stm32f10x.o(.data)
    AHBPrescTable                            0x20000088   Data          16  system_stm32f10x.o(.data)
    send_task_stk                            0x200000ac   Data         320  app.o(.bss)
    receive_task_stk                         0x200001ec   Data         320  app.o(.bss)
    analysis_task_stk                        0x2000032c   Data         320  app.o(.bss)
    disp_task_stk                            0x2000046c   Data         320  app.o(.bss)
    TX_BUFF                                  0x200005ac   Data        2048  modbus_m.o(.bss)
    RX_BUFF                                  0x20000dac   Data        2048  modbus_m.o(.bss)
    MasterRead                               0x200015ac   Data        2000  modbus_m.o(.bss)
    OSEventTbl                               0x20001d7c   Data         240  os_core.o(.bss)
    OSTaskStatStk                            0x20001e6c   Data         512  os_core.o(.bss)
    OSTaskIdleStk                            0x2000206c   Data         512  os_core.o(.bss)
    OSTCBPrioTbl                             0x2000226c   Data         256  os_core.o(.bss)
    OSTCBTbl                                 0x2000236c   Data        1672  os_core.o(.bss)
    start_task_stk                           0x200029f4   Data         320  main.o(.bss)
    __initial_sp                             0x20002f38   Data           0  startup_stm32f10x_hd.o(STACK)



==============================================================================

Memory Map of the image

  Image Entry point : 0x08000131

  Load Region LR_IROM1 (Base: 0x08000000, Size: 0x000090f0, Max: 0x00080000, ABSOLUTE)

    Execution Region ER_IROM1 (Base: 0x08000000, Size: 0x00009044, Max: 0x00080000, ABSOLUTE)

    Base Addr    Size         Type   Attr      Idx    E Section Name        Object

    0x08000000   0x00000130   Data   RO          457    RESET               startup_stm32f10x_hd.o
    0x08000130   0x00000000   Code   RO          768  * .ARM.Collect$$$$00000000  mc_w.l(entry.o)
    0x08000130   0x00000004   Code   RO         1032    .ARM.Collect$$$$00000001  mc_w.l(entry2.o)
    0x08000134   0x00000004   Code   RO         1035    .ARM.Collect$$$$00000004  mc_w.l(entry5.o)
    0x08000138   0x00000000   Code   RO         1037    .ARM.Collect$$$$00000008  mc_w.l(entry7b.o)
    0x08000138   0x00000000   Code   RO         1039    .ARM.Collect$$$$0000000A  mc_w.l(entry8b.o)
    0x08000138   0x00000008   Code   RO         1040    .ARM.Collect$$$$0000000B  mc_w.l(entry9a.o)
    0x08000140   0x00000000   Code   RO         1042    .ARM.Collect$$$$0000000D  mc_w.l(entry10a.o)
    0x08000140   0x00000000   Code   RO         1044    .ARM.Collect$$$$0000000F  mc_w.l(entry11a.o)
    0x08000140   0x00000004   Code   RO         1033    .ARM.Collect$$$$00002712  mc_w.l(entry2.o)
    0x08000144   0x00000228   Code   RO            1    .text               app.o
    0x0800036c   0x00000080   Code   RO          158    .text               bsp.o
    0x080003ec   0x00000b38   Code   RO          187    .text               bsp_ili9341_lcd.o
    0x08000f24   0x00000060   Code   RO          229    .text               bsp_led.o
    0x08000f84   0x000001b0   Code   RO          241    .text               bsp_usart.o
    0x08001134   0x00000038   Code   RO          253    .text               crc.o
    0x0800116c   0x00000264   Code   RO          268    .text               modbus_m.o
    0x080013d0   0x00000080   Code   RO          288    .text               bsp_tim.o
    0x08001450   0x000000d4   Code   RO          300    .text               os_cpu_c.o
    0x08001524   0x000000a4   Code   RO          328    .text               os_cpu_a.o
    0x080015c8   0x00000954   Code   RO          332    .text               os_core.o
    0x08001f1c   0x000003e0   Code   RO          358    .text               os_mbox.o
    0x080022fc   0x000007b4   Code   RO          394    .text               os_task.o
    0x08002ab0   0x000001b0   Code   RO          406    .text               os_time.o
    0x08002c60   0x00000028   Code   RO          424    .text               main.o
    0x08002c88   0x000000b0   Code   RO          439    .text               stm32f10x_it.o
    0x08002d38   0x00000024   Code   RO          458    .text               startup_stm32f10x_hd.o
    0x08002d5c   0x000001e0   Code   RO          472    .text               system_stm32f10x.o
    0x08002f3c   0x000000dc   Code   RO          490    .text               misc.o
    0x08003018   0x0000060c   Code   RO          622    .text               stm32f10x_fsmc.o
    0x08003624   0x0000035c   Code   RO          634    .text               stm32f10x_gpio.o
    0x08003980   0x000003a4   Code   RO          682    .text               stm32f10x_rcc.o
    0x08003d24   0x00000e1a   Code   RO          732    .text               stm32f10x_tim.o
    0x08004b3e   0x00000002   PAD
    0x08004b40   0x00000408   Code   RO          744    .text               stm32f10x_usart.o
    0x08004f48   0x0000002c   Code   RO         1047    .text               mc_w.l(uidiv.o)
    0x08004f74   0x00000024   Code   RO         1062    .text               mc_w.l(init.o)
    0x08004f98   0x0000000c   Code   RO          209    i.ILI9341_Read_Data  bsp_ili9341_lcd.o
    0x08004fa4   0x00000008   Code   RO          199    i.ILI9341_Write_Cmd  bsp_ili9341_lcd.o
    0x08004fac   0x0000000c   Code   RO          204    i.ILI9341_Write_Data  bsp_ili9341_lcd.o
    0x08004fb8   0x00000028   Code   RO          862    i.__0sprintf$3      mc_w.l(printf3.o)
    0x08004fe0   0x0000000e   Code   RO         1074    i.__scatterload_copy  mc_w.l(handlers.o)
    0x08004fee   0x00000002   Code   RO         1075    i.__scatterload_null  mc_w.l(handlers.o)
    0x08004ff0   0x0000000e   Code   RO         1076    i.__scatterload_zeroinit  mc_w.l(handlers.o)
    0x08004ffe   0x00000002   PAD
    0x08005000   0x000001b8   Code   RO          867    i._printf_core      mc_w.l(printf3.o)
    0x080051b8   0x0000000a   Code   RO          869    i._sputc            mc_w.l(printf3.o)
    0x080051c2   0x00003b60   Data   RO          174    .constdata          fonts.o
    0x08008d22   0x00000200   Data   RO          254    .constdata          crc.o
    0x08008f22   0x00000100   Data   RO          334    .constdata          os_core.o
    0x08009022   0x00000002   PAD
    0x08009024   0x00000020   Data   RO         1072    Region$$Table       anon$$obj.o


    Execution Region RW_IRAM1 (Base: 0x20000000, Size: 0x00002f38, Max: 0x00010000, ABSOLUTE)

    Base Addr    Size         Type   Attr      Idx    E Section Name        Object

    0x20000000   0x0000000a   Data   RW            3    .data               app.o
    0x2000000a   0x00000002   PAD
    0x2000000c   0x00000018   Data   RW          175    .data               fonts.o
    0x20000024   0x00000010   Data   RW          188    .data               bsp_ili9341_lcd.o
    0x20000034   0x0000000b   Data   RW          270    .data               modbus_m.o
    0x2000003f   0x00000001   PAD
    0x20000040   0x00000040   Data   RW          335    .data               os_core.o
    0x20000080   0x00000004   Data   RW          440    .data               stm32f10x_it.o
    0x20000084   0x00000014   Data   RW          473    .data               system_stm32f10x.o
    0x20000098   0x00000014   Data   RW          683    .data               stm32f10x_rcc.o
    0x200000ac   0x00000500   Zero   RW            2    .bss                app.o
    0x200005ac   0x000017d0   Zero   RW          269    .bss                modbus_m.o
    0x20001d7c   0x00000c78   Zero   RW          333    .bss                os_core.o
    0x200029f4   0x00000140   Zero   RW          425    .bss                main.o
    0x20002b34   0x00000004   PAD
    0x20002b38   0x00000400   Zero   RW          455    STACK               startup_stm32f10x_hd.o


==============================================================================

Image component sizes


      Code (inc. data)   RO Data    RW Data    ZI Data      Debug   Object Name

       552         92          0         10       1280     272119   app.o
       128         12          0          0          0      15870   bsp.o
      2904         90          0         16          0      11945   bsp_ili9341_lcd.o
        96          6          0          0          0        514   bsp_led.o
       128          6          0          0          0        763   bsp_tim.o
       432         10          0          0          0       2602   bsp_usart.o
        56          8        512          0          0       1183   crc.o
         0          0      15200         24          0       1265   fonts.o
        40         10          0          0        320        956   main.o
       220         22          0          0          0       1797   misc.o
       612         46          0         11       6096       3698   modbus_m.o
      2388        238        256         64       3192      14761   os_core.o
       164         32          0          0          0        360   os_cpu_a.o
       212          4          0          0          0       9580   os_cpu_c.o
       992         22          0          0          0       4334   os_mbox.o
      1972         68          0          0          0       7749   os_task.o
       432         30          0          0          0       1850   os_time.o
        36          8        304          0       1024        828   startup_stm32f10x_hd.o
      1548         18          0          0          0       5371   stm32f10x_fsmc.o
       860         38          0          0          0       5725   stm32f10x_gpio.o
       176         20          0          4          0       2232   stm32f10x_it.o
       932         36          0         20          0       8896   stm32f10x_rcc.o
      3610         88          0          0          0      22836   stm32f10x_tim.o
      1032         22          0          0          0       8456   stm32f10x_usart.o
       480         38          0         20          0       1843   system_stm32f10x.o

    ----------------------------------------------------------------------
     20004        964      16306        172      11916     407533   Object Totals
         0          0         32          0          0          0   (incl. Generated)
         2          0          2          3          4          0   (incl. Padding)

    ----------------------------------------------------------------------

      Code (inc. data)   RO Data    RW Data    ZI Data      Debug   Library Member Name

         0          0          0          0          0          0   entry.o
         0          0          0          0          0          0   entry10a.o
         0          0          0          0          0          0   entry11a.o
         8          4          0          0          0          0   entry2.o
         4          0          0          0          0          0   entry5.o
         0          0          0          0          0          0   entry7b.o
         0          0          0          0          0          0   entry8b.o
         8          4          0          0          0          0   entry9a.o
        30          0          0          0          0          0   handlers.o
        36          8          0          0          0         68   init.o
       490         10          0          0          0        252   printf3.o
        44          0          0          0          0         80   uidiv.o

    ----------------------------------------------------------------------
       622         26          0          0          0        400   Library Totals
         2          0          0          0          0          0   (incl. Padding)

    ----------------------------------------------------------------------

      Code (inc. data)   RO Data    RW Data    ZI Data      Debug   Library Name

       620         26          0          0          0        400   mc_w.l

    ----------------------------------------------------------------------
       622         26          0          0          0        400   Library Totals

    ----------------------------------------------------------------------

==============================================================================


      Code (inc. data)   RO Data    RW Data    ZI Data      Debug   

     20626        990      16306        172      11916     405641   Grand Totals
     20626        990      16306        172      11916     405641   ELF Image Totals
     20626        990      16306        172          0          0   ROM Totals

==============================================================================

    Total RO  Size (Code + RO Data)                36932 (  36.07kB)
    Total RW  Size (RW Data + ZI Data)             12088 (  11.80kB)
    Total ROM Size (Code + RO Data + RW Data)      37104 (  36.23kB)

==============================================================================

