Component: ARM Compiler 5.05 update 2 (build 169) Tool: armlink [4d0f33]

==============================================================================

Section Cross References

    app.o(.text) refers to bsp_ili9341_lcd.o(.text) for LCD_SetFont
    app.o(.text) refers to os_time.o(.text) for OSTimeDlyHMSM
    app.o(.text) refers to os_mbox.o(.text) for OSMboxPend
    app.o(.text) refers to modbus_m.o(.text) for MasterAnalyService
    app.o(.text) refers to stm32f10x_rcc.o(.text) for RCC_APB1PeriphClockCmd
    app.o(.text) refers to os_task.o(.text) for OSTaskCreate
    app.o(.text) refers to fonts.o(.data) for Font8x16
    app.o(.text) refers to bsp_ili9341_lcd.o(.data) for LCD_Y_LENGTH
    app.o(.text) refers to modbus_m.o(.bss) for MasterRead
    app.o(.text) refers to app.o(.data) for RX_CNT
    app.o(.text) refers to stm32f10x_it.o(.data) for time
    app.o(.text) refers to app.o(.bss) for send_task_stk
    bsp.o(.text) refers to system_stm32f10x.o(.text) for SystemInit
    bsp.o(.text) refers to bsp_led.o(.text) for LED_GPIO_Config
    bsp.o(.text) refers to bsp_ili9341_lcd.o(.text) for ILI9341_Init
    bsp.o(.text) refers to bsp_usart.o(.text) for USART_Config
    bsp.o(.text) refers to system_stm32f10x.o(.data) for SystemCoreClock
    fonts.o(.data) refers to fonts.o(.constdata) for ASCII8x16_Table
    bsp_ili9341_lcd.o(.text) refers to stm32f10x_rcc.o(.text) for RCC_APB2PeriphClockCmd
    bsp_ili9341_lcd.o(.text) refers to stm32f10x_gpio.o(.text) for GPIO_Init
    bsp_ili9341_lcd.o(.text) refers to stm32f10x_fsmc.o(.text) for FSMC_NORSRAMInit
    bsp_ili9341_lcd.o(.text) refers to bsp_ili9341_lcd.o(i.ILI9341_Write_Cmd) for ILI9341_Write_Cmd
    bsp_ili9341_lcd.o(.text) refers to bsp_ili9341_lcd.o(i.ILI9341_Write_Data) for ILI9341_Write_Data
    bsp_ili9341_lcd.o(.text) refers to bsp_ili9341_lcd.o(i.ILI9341_Read_Data) for ILI9341_Read_Data
    bsp_ili9341_lcd.o(.text) refers to bsp_ili9341_lcd.o(.data) for LCD_SCAN_MODE
    bsp_ili9341_lcd.o(.text) refers to printf3.o(i.__0sprintf$3) for __2sprintf
    bsp_ili9341_lcd.o(.text) refers to fonts.o(.data) for Font16x24
    bsp_ili9341_lcd.o(.data) refers to fonts.o(.data) for Font8x16
    bsp_led.o(.text) refers to stm32f10x_rcc.o(.text) for RCC_APB2PeriphClockCmd
    bsp_led.o(.text) refers to stm32f10x_gpio.o(.text) for GPIO_Init
    bsp_usart.o(.text) refers to misc.o(.text) for NVIC_PriorityGroupConfig
    bsp_usart.o(.text) refers to stm32f10x_rcc.o(.text) for RCC_APB2PeriphClockCmd
    bsp_usart.o(.text) refers to stm32f10x_gpio.o(.text) for GPIO_Init
    bsp_usart.o(.text) refers to stm32f10x_usart.o(.text) for USART_Init
    crc.o(.text) refers to crc.o(.constdata) for auchCRCHi
    modbus_m.o(.text) refers to crc.o(.text) for CRCCompute
    modbus_m.o(.text) refers to bsp_usart.o(.text) for Usart_SendArray
    modbus_m.o(.text) refers to stm32f10x_usart.o(.text) for USART_ITConfig
    modbus_m.o(.text) refers to modbus_m.o(.bss) for TX_BUFF
    modbus_m.o(.text) refers to modbus_m.o(.data) for i
    modbus_m.o(.text) refers to app.o(.data) for RX_CNT
    bsp_tim.o(.text) refers to misc.o(.text) for NVIC_PriorityGroupConfig
    bsp_tim.o(.text) refers to stm32f10x_rcc.o(.text) for RCC_APB1PeriphClockCmd
    bsp_tim.o(.text) refers to stm32f10x_tim.o(.text) for TIM_TimeBaseInit
    os_cpu_c.o(.text) refers to os_cpu_a.o(.text) for OS_CPU_SR_Save
    os_cpu_c.o(.text) refers to os_core.o(.text) for OSTimeTick
    os_cpu_c.o(.text) refers to os_core.o(.data) for OSIntNesting
    os_cpu_a.o(.text) refers to os_core.o(.data) for OSRunning
    os_cpu_a.o(.text) refers to os_cpu_c.o(.text) for OSTaskSwHook
    os_core.o(.text) refers to os_cpu_a.o(.text) for OS_CPU_SR_Save
    os_core.o(.text) refers to os_task.o(.text) for OSTaskStkChk
    os_core.o(.text) refers to os_time.o(.text) for OSTimeDly
    os_core.o(.text) refers to os_cpu_c.o(.text) for OSTaskStatHook
    os_core.o(.text) refers to os_core.o(.data) for OSIntNesting
    os_core.o(.text) refers to os_core.o(.bss) for OSTCBPrioTbl
    os_core.o(.text) refers to os_core.o(.constdata) for OSUnMapTbl
    os_mbox.o(.text) refers to os_cpu_a.o(.text) for OS_CPU_SR_Save
    os_mbox.o(.text) refers to os_core.o(.text) for OS_EventWaitListInit
    os_mbox.o(.text) refers to os_core.o(.data) for OSIntNesting
    os_task.o(.text) refers to os_cpu_a.o(.text) for OS_CPU_SR_Save
    os_task.o(.text) refers to os_core.o(.text) for OS_Sched
    os_task.o(.text) refers to os_cpu_c.o(.text) for OSTaskStkInit
    os_task.o(.text) refers to os_core.o(.bss) for OSTCBPrioTbl
    os_task.o(.text) refers to os_core.o(.data) for OSTCBCur
    os_time.o(.text) refers to os_cpu_a.o(.text) for OS_CPU_SR_Save
    os_time.o(.text) refers to os_core.o(.text) for OS_Sched
    os_time.o(.text) refers to os_core.o(.data) for OSIntNesting
    os_time.o(.text) refers to os_core.o(.bss) for OSTCBPrioTbl
    main.o(.text) refers to bsp.o(.text) for BSPInit
    main.o(.text) refers to os_core.o(.text) for OSInit
[...]
    printf3.o(i.__0vprintf$3) refers to printf3.o(i._printf_core) for _printf_core
    printf3.o(i.__0vprintf$3) refers to bsp_usart.o(.text) for fputc
    printf3.o(i.__0vprintf$3) refers to stdout.o(.data) for __stdout
    printf3.o(i.__0vsnprintf$3) refers to printf3.o(i._printf_core) for _printf_core
    printf3.o(i.__0vsnprintf$3) refers to printf3.o(i._snputc) for _snputc
    printf3.o(i.__0vsprintf$3) refers to printf3.o(i._printf_core) for _printf_core
    printf3.o(i.__0vsprintf$3) refers to printf3.o(i._sputc) for _sputc
    printf3.o(i._printf_core) refers to uidiv.o(.text) for __aeabi_uidivmod
    printf4.o(i.__0fprintf$4) refers to printf4.o(i._printf_core) for _printf_core
    printf4.o(i.__0fprintf$4) refers to bsp_usart.o(.text) for fputc
    printf4.o(i.__0printf$4) refers to printf4.o(i._printf_core) for _printf_core
    printf4.o(i.__0printf$4) refers to bsp_usart.o(.text) for fputc
    printf4.o(i.__0printf$4) refers to stdout.o(.data) for __stdout
    printf4.o(i.__0snprintf$4) refers to printf4.o(i._printf_core) for _printf_core
    printf4.o(i.__0snprintf$4) refers to printf4.o(i._snputc) for _snputc
    printf4.o(i.__0sprintf$4) refers to printf4.o(i._printf_core) for _printf_core
    printf4.o(i.__0sprintf$4) refers to printf4.o(i._sputc) for _sputc
    printf4.o(i.__0vfprintf$4) refers to printf4.o(i._printf_core) for _printf_core
    printf4.o(i.__0vfprintf$4) refers to bsp_usart.o(.text) for fputc
    printf4.o(i.__0vprintf$4) refers to printf4.o(i._printf_core) for _printf_core
    printf4.o(i.__0vprintf$4) refers to bsp_usart.o(.text) for fputc
    printf4.o(i.__0vprintf$4) refers to stdout.o(.data) for __stdout
    printf4.o(i.__0vsnprintf$4) refers to printf4.o(i._printf_core) for _printf_core
    printf4.o(i.__0vsnprintf$4) refers to printf4.o(i._snputc) for _snputc
    printf4.o(i.__0vsprintf$4) refers to printf4.o(i._printf_core) for _printf_core
    printf4.o(i.__0vsprintf$4) refers to printf4.o(i._sputc) for _sputc
    printf4.o(i._printf_core) refers to uldiv.o(.text) for __aeabi_uldivmod
    printf5.o(i.__0fprintf$5) refers to printf5.o(i._printf_core) for _printf_core
    printf5.o(i.__0fprintf$5) refers to bsp_usart.o(.text) for fputc
    printf5.o(i.__0printf$5) refers to printf5.o(i._printf_core) for _printf_core
    printf5.o(i.__0printf$5) refers to bsp_usart.o(.text) for fputc
    printf5.o(i.__0printf$5) refers to stdout.o(.data) for __stdout
    printf5.o(i.__0snprintf$5) refers to printf5.o(i._printf_core) for _printf_core
    printf5.o(i.__0snprintf$5) refers to printf5.o(i._snputc) for _snputc
    printf5.o(i.__0sprintf$5) refers to printf5.o(i._printf_core) for _printf_core
    printf5.o(i.__0sprintf$5) refers to printf5.o(i._sputc) for _sputc
    printf5.o(i.__0vfprintf$5) refers to printf5.o(i._printf_core) for _printf_core
    printf5.o(i.__0vfprintf$5) refers to bsp_usart.o(.text) for fputc
    printf5.o(i.__0vprintf$5) refers to printf5.o(i._printf_core) for _printf_core
    printf5.o(i.__0vprintf$5) refers to bsp_usart.o(.text) for fputc
    printf5.o(i.__0vprintf$5) refers to stdout.o(.data) for __stdout
    printf5.o(i.__0vsnprintf$5) refers to printf5.o(i._printf_core) for _printf_core
    printf5.o(i.__0vsnprintf$5) refers to printf5.o(i._snputc) for _snputc
    printf5.o(i.__0vsprintf$5) refers to printf5.o(i._printf_core) for _printf_core
    printf5.o(i.__0vsprintf$5) refers to printf5.o(i._sputc) for _sputc
    printf5.o(i._printf_core) refers to uldiv.o(.text) for __aeabi_uldivmod
    printf6.o(i.__0fprintf$6) refers to printf6.o(i._printf_core) for _printf_core
    printf6.o(i.__0fprintf$6) refers to bsp_usart.o(.text) for fputc
    printf6.o(i.__0printf$6) refers to printf6.o(i._printf_core) for _printf_core
    printf6.o(i.__0printf$6) refers to bsp_usart.o(.text) for fputc
    printf6.o(i.__0printf$6) refers to stdout.o(.data) for __stdout
    printf6.o(i.__0snprintf$6) refers to printf6.o(i._printf_core) for _printf_core
    printf6.o(i.__0snprintf$6) refers to printf6.o(i._snputc) for _snputc
    printf6.o(i.__0sprintf$6) refers to printf6.o(i._printf_core) for _printf_core
    printf6.o(i.__0sprintf$6) refers to printf6.o(i._sputc) for _sputc
    printf6.o(i.__0vfprintf$6) refers to printf6.o(i._printf_core) for _printf_core
    printf6.o(i.__0vfprintf$6) refers to bsp_usart.o(.text) for fputc
    printf6.o(i.__0vprintf$6) refers to printf6.o(i._printf_core) for _printf_core
    printf6.o(i.__0vprintf$6) refers to bsp_usart.o(.text) for fputc
    printf6.o(i.__0vprintf$6) refers to stdout.o(.data) for __stdout
    printf6.o(i.__0vsnprintf$6) refers to printf6.o(i._printf_core) for _printf_core
    printf6.o(i.__0vsnprintf$6) refers to printf6.o(i._snputc) for _snputc
    printf6.o(i.__0vsprintf$6) refers to printf6.o(i._printf_core) for _printf_core
    printf6.o(i.__0vsprintf$6) refers to printf6.o(i._sputc) for _sputc
    printf6.o(i._printf_core) refers to printf6.o(i._printf_pre_padding) for _printf_pre_padding
    printf6.o(i._printf_core) refers to uidiv.o(.text) for __aeabi_uidivmod
    printf6.o(i._printf_core) refers to printf6.o(i._printf_post_padding) for _printf_post_padding
    printf7.o(i.__0fprintf$7) refers to printf7.o(i._printf_core) for _printf_core
    printf7.o(i.__0fprintf$7) refers to bsp_usart.o(.text) for fputc
    printf7.o(i.__0printf$7) refers to printf7.o(i._printf_core) for _printf_core
    printf7.o(i.__0printf$7) refers to bsp_usart.o(.text) for fputc
    printf7.o(i.__0printf$7) refers to stdout.o(.data) for __stdout
    printf7.o(i.__0snprintf$7) refers to printf7.o(i._printf_core) for _printf_core
    printf7.o(i.__0snprintf$7) refers to printf7.o(i._snputc) for _snputc
    printf7.o(i.__0sprintf$7) refers to printf7.o(i._printf_core) for _printf_core
    printf7.o(i.__0sprintf$7) refers to printf7.o(i._sputc) for _sputc
    printf7.o(i.__0vfprintf$7) refers to printf7.o(i._printf_core) for _printf_core
    printf7.o(i.__0vfprintf$7) refers to bsp_usart.o(.text) for fputc
    printf7.o(i.__0vprintf$7) refers to printf7.o(i._printf_core) for _printf_core
    printf7.o(i.__0vprintf$7) refers to bsp_usart.o(.text) for fputc
    printf7.o(i.__0vprintf$7) refers to stdout.o(.data) for __stdout
    printf7.o(i.__0vsnprintf$7) refers to printf7.o(i._printf_core) for _printf_core
    printf7.o(i.__0vsnprintf$7) refers to printf7.o(i._snputc) for _snputc
    printf7.o(i.__0vsprintf$7) refers to printf7.o(i._printf_core) for _printf_core
    printf7.o(i.__0vsprintf$7) refers to printf7.o(i._sputc) for _sputc
    printf7.o(i._printf_core) refers to printf7.o(i._printf_pre_padding) for _printf_pre_padding
    printf7.o(i._printf_core) refers to uldiv.o(.text) for __aeabi_uldivmod
    printf7.o(i._printf_core) refers to printf7.o(i._printf_post_padding) for _printf_post_padding
    printf8.o(i.__0fprintf$8) refers to printf8.o(i._printf_core) for _printf_core
    printf8.o(i.__0fprintf$8) refers to bsp_usart.o(.text) for fputc
    printf8.o(i.__0printf$8) refers to printf8.o(i._printf_core) for _printf_core
    printf8.o(i.__0printf$8) refers to bsp_usart.o(.text) for fputc
    printf8.o(i.__0printf$8) refers to stdout.o(.data) for __stdout
    printf8.o(i.__0snprintf$8) refers to printf8.o(i._printf_core) for _printf_core
    printf8.o(i.__0snprintf$8) refers to printf8.o(i._snputc) for _snputc
    printf8.o(i.__0sprintf$8) refers to printf8.o(i._printf_core) for _printf_core
    printf8.o(i.__0sprintf$8) refers to printf8.o(i._sputc) for _sputc
    printf8.o(i.__0vfprintf$8) refers to printf8.o(i._printf_core) for _printf_core
    printf8.o(i.__0vfprintf$8) refers to bsp_usart.o(.text) for fputc
    printf8.o(i.__0vprintf$8) refers to printf8.o(i._printf_core) for _printf_core
    printf8.o(i.__0vprintf$8) refers to bsp_usart.o(.text) for fputc
    printf8.o(i.__0vprintf$8) refers to stdout.o(.data) for __stdout
    printf8.o(i.__0vsnprintf$8) refers to printf8.o(i._printf_core) for _printf_core
    printf8.o(i.__0vsnprintf$8) refers to printf8.o(i._snputc) for _snputc
    printf8.o(i.__0vsprintf$8) refers to printf8.o(i._printf_core) for _printf_core
    printf8.o(i.__0vsprintf$8) refers to printf8.o(i._sputc) for _sputc
    printf8.o(i._printf_core) refers to printf8.o(i._printf_pre_padding) for _printf_pre_padding
    printf8.o(i._printf_core) refers to uldiv.o(.text) for __aeabi_uldivmod
    printf8.o(i._printf_core) refers to printf8.o(i._printf_post_padding) for _printf_post_padding
    printfa.o(i.__0fprintf) refers (Special) to iusefp.o(.text) for __I$use$fp
    printfa.o(i.__0fprintf) refers to printfa.o(i._printf_core) for _printf_core
    printfa.o(i.__0fprintf) refers to bsp_usart.o(.text) for fputc
    printfa.o(i.__0printf) refers (Special) to iusefp.o(.text) for __I$use$fp
    printfa.o(i.__0printf) refers to printfa.o(i._printf_core) for _printf_core
    printfa.o(i.__0printf) refers to bsp_usart.o(.text) for fputc
    printfa.o(i.__0printf) refers to stdout.o(.data) for __stdout
    printfa.o(i.__0snprintf) refers (Special) to iusefp.o(.text) for __I$use$fp
    printfa.o(i.__0snprintf) refers to printfa.o(i._printf_core) for _printf_core
    printfa.o(i.__0snprintf) refers to printfa.o(i._snputc) for _snputc
    printfa.o(i.__0sprintf) refers (Special) to iusefp.o(.text) for __I$use$fp
    printfa.o(i.__0sprintf) refers to printfa.o(i._printf_core) for _printf_core
    printfa.o(i.__0sprintf) refers to printfa.o(i._sputc) for _sputc
    printfa.o(i.__0vfprintf) refers (Special) to iusefp.o(.text) for __I$use$fp
    printfa.o(i.__0vfprintf) refers to printfa.o(i._printf_core) for _printf_core
    printfa.o(i.__0vfprintf) refers to bsp_usart.o(.text) for fputc
    printfa.o(i.__0vprintf) refers (Special) to iusefp.o(.text) for __I$use$fp
    printfa.o(i.__0vprintf) refers to printfa.o(i._printf_core) for _printf_core
    printfa.o(i.__0vprintf) refers to bsp_usart.o(.text) for fputc
    printfa.o(i.__0vprintf) refers to stdout.o(.data) for __stdout
    printfa.o(i.__0vsnprintf) refers (Special) to iusefp.o(.text) for __I$use$fp
    printfa.o(i.__0vsnprintf) refers to printfa.o(i._printf_core) for _printf_core
    printfa.o(i.__0vsnprintf) refers to printfa.o(i._snputc) for _snputc
    printfa.o(i.__0vsprintf) refers (Special) to iusefp.o(.text) for __I$use$fp
    printfa.o(i.__0vsprintf) refers to printfa.o(i._printf_core) for _printf_core
    printfa.o(i.__0vsprintf) refers to printfa.o(i._sputc) for _sputc
    printfa.o(i._fp_digits) refers (Special) to iusefp.o(.text) for __I$use$fp
    printfa.o(i._fp_digits) refers to dmul.o(.text) for __aeabi_dmul
    printfa.o(i._fp_digits) refers to ddiv.o(.text) for __aeabi_ddiv
    printfa.o(i._fp_digits) refers to cdrcmple.o(.text) for __aeabi_cdrcmple
    printfa.o(i._fp_digits) refers to dadd.o(.text) for __aeabi_dadd
    printfa.o(i._fp_digits) refers to dfixul.o(.text) for __aeabi_d2ulz
    printfa.o(i._fp_digits) refers to uldiv.o(.text) for __aeabi_uldivmod
    printfa.o(i._printf_core) refers (Special) to iusefp.o(.text) for __I$use$fp
    printfa.o(i._printf_core) refers to printfa.o(i._printf_pre_padding) for _printf_pre_padding
    printfa.o(i._printf_core) refers to uldiv.o(.text) for __aeabi_uldivmod
    printfa.o(i._printf_core) refers to printfa.o(i._printf_post_padding) for _printf_post_padding
    printfa.o(i._printf_core) refers to printfa.o(i._fp_digits) for _fp_digits
    printfa.o(i._printf_core) refers to uidiv.o(.text) for __aeabi_uidivmod
    printfa.o(i._printf_post_padding) refers (Special) to iusefp.o(.text) for __I$use$fp
    printfa.o(i._printf_pre_padding) refers (Special) to iusefp.o(.text) for __I$use$fp
    printfa.o(i._snputc) refers (Special) to iusefp.o(.text) for __I$use$fp
    printfa.o(i._sputc) refers (Special) to iusefp.o(.text) for __I$use$fp
    entry2.o(.ARM.Collect$$$$00000001) refers to entry2.o(.ARM.Collect$$$$00002712) for __lit__00000000
    entry2.o(.ARM.Collect$$$$00002712) refers to startup_stm32f10x_hd.o(STACK) for __initial_sp
    entry2.o(__vectab_stack_and_reset_area) refers to startup_stm32f10x_hd.o(STACK) for __initial_sp
    entry2.o(__vectab_stack_and_reset_area) refers to entry.o(.ARM.Collect$$$$00000000) for __main
    entry5.o(.ARM.Collect$$$$00000004) refers to init.o(.text) for __scatterload
    entry9a.o(.ARM.Collect$$$$0000000B) refers to main.o(.text) for main
    entry9b.o(.ARM.Collect$$$$0000000C) refers to main.o(.text) for main
    uldiv.o(.text) refers to llushr.o(.text) for __aeabi_llsr
    uldiv.o(.text) refers to llshl.o(.text) for __aeabi_llsl
    dadd.o(.text) refers to llshl.o(.text) for __aeabi_llsl
    dadd.o(.text) refers to llsshr.o(.text) for __aeabi_lasr
    dadd.o(.text) refers to depilogue.o(.text) for _double_epilogue
    dmul.o(.text) refers to depilogue.o(.text) for _double_epilogue
    ddiv.o(.text) refers to depilogue.o(.text) for _double_round
    dfixul.o(.text) refers to llushr.o(.text) for __aeabi_llsr
    dfixul.o(.text) refers to llshl.o(.text) for __aeabi_llsl
    init.o(.text) refers to entry5.o(.ARM.Collect$$$$00000004) for __main_after_scatterload
    depilogue.o(.text) refers to llshl.o(.text) for __aeabi_llsl
    depilogue.o(.text) refers to llushr.o(.text) for __aeabi_llsr


==============================================================================

Removing Unused input sections from the image.

    Removing bsp_tim.o(.text), (128 bytes).
    Removing os_dbg.o(.constdata), (2 bytes).
    Removing startup_stm32f10x_hd.o(HEAP), (512 bytes).
    Removing core_cm3.o(.emb_text), (32 bytes).
    Removing stm32f10x_adc.o(.text), (1102 bytes).
    Removing stm32f10x_bkp.o(.text), (196 bytes).
    Removing stm32f10x_can.o(.text), (2544 bytes).
    Removing stm32f10x_cec.o(.text), (288 bytes).
    Removing stm32f10x_crc.o(.text), (72 bytes).
    Removing stm32f10x_dac.o(.text), (396 bytes).
    Removing stm32f10x_dbgmcu.o(.text), (48 bytes).
    Removing stm32f10x_dma.o(.text), (596 bytes).
    Removing stm32f10x_exti.o(.text), (284 bytes).
    Removing stm32f10x_flash.o(.text), (1468 bytes).
    Removing stm32f10x_i2c.o(.text), (1028 bytes).
    Removing stm32f10x_iwdg.o(.text), (64 bytes).
    Removing stm32f10x_pwr.o(.text), (204 bytes).
    Removing stm32f10x_rtc.o(.text), (328 bytes).
    Removing stm32f10x_sdio.o(.text), (468 bytes).
    Removing stm32f10x_spi.o(.text), (780 bytes).
    Removing stm32f10x_wwdg.o(.text), (136 bytes).
    Removing dadd.o(.text), (334 bytes).
    Removing dmul.o(.text), (228 bytes).
    Removing ddiv.o(.text), (222 bytes).
    Removing dfixul.o(.text), (48 bytes).
    Removing cdrcmple.o(.text), (48 bytes).
    Removing depilogue.o(.text), (186 bytes).

27 unused section(s) (total 11742 bytes) removed from the image.

==============================================================================

Image Symbol Table

    Local Symbols

    Symbol Name                              Value     Ov Type        Size  Object(Section)

    ../clib/microlib/division.c              0x00000000   Number         0  uldiv.o ABSOLUTE
    ../clib/microlib/division.c              0x00000000   Number         0  uidiv.o ABSOLUTE
    ../clib/microlib/init/entry.s            0x00000000   Number         0  entry8a.o ABSOLUTE
    ../clib/microlib/init/entry.s            0x00000000   Number         0  entry9a.o ABSOLUTE
    ../clib/microlib/init/entry.s            0x00000000   Number         0  entry9b.o ABSOLUTE
    ../clib/microlib/init/entry.s            0x00000000   Number         0  entry.o ABSOLUTE
    ../clib/microlib/init/entry.s            0x00000000   Number         0  entry11b.o ABSOLUTE
    ../clib/microlib/init/entry.s            0x00000000   Number         0  entry11a.o ABSOLUTE
    ../clib/microlib/init/entry.s            0x00000000   Number         0  entry8b.o ABSOLUTE
    ../clib/microlib/init/entry.s            0x00000000   Number         0  entry10b.o ABSOLUTE
    ../clib/microlib/init/entry.s            0x00000000   Number         0  entry10a.o ABSOLUTE
    ../clib/microlib/init/entry.s            0x00000000   Number         0  entry2.o ABSOLUTE
    ../clib/microlib/init/entry.s            0x00000000   Number         0  entry5.o ABSOLUTE
    ../clib/microlib/init/entry.s            0x00000000   Number         0  entry7a.o ABSOLUTE
    ../clib/microlib/init/entry.s            0x00000000   Number         0  entry7b.o ABSOLUTE
    ../clib/microlib/longlong.c              0x00000000   Number         0  llshl.o ABSOLUTE
    ../clib/microlib/longlong.c              0x00000000   Number         0  llsshr.o ABSOLUTE
    ../clib/microlib/longlong.c              0x00000000   Number         0  llushr.o ABSOLUTE
    ../clib/microlib/printf/printf.c         0x00000000   Number         0  printf4.o ABSOLUTE
    ../clib/microlib/printf/printf.c         0x00000000   Number         0  printf5.o ABSOLUTE
    ../clib/microlib/printf/printf.c         0x00000000   Number         0  printf8.o ABSOLUTE
    ../clib/microlib/printf/printf.c         0x00000000   Number         0  printfa.o ABSOLUTE
    ../clib/microlib/printf/printf.c         0x00000000   Number         0  printf7.o ABSOLUTE
    ../clib/microlib/printf/printf.c         0x00000000   Number         0  printf6.o ABSOLUTE
    ../clib/microlib/printf/printf.c         0x00000000   Number         0  printf3.o ABSOLUTE
    ../clib/microlib/printf/printf.c         0x00000000   Number         0  printf2.o ABSOLUTE
    ../clib/microlib/printf/printf.c         0x00000000   Number         0  printf1.o ABSOLUTE
    ../clib/microlib/printf/printf.c         0x00000000   Number         0  printf0.o ABSOLUTE
    ../clib/microlib/printf/printf.c         0x00000000   Number         0  printfb.o ABSOLUTE
    ../clib/microlib/printf/stubs.s          0x00000000   Number         0  stubs.o ABSOLUTE
    ../clib/microlib/stdio/streams.c         0x00000000   Number         0  stdout.o ABSOLUTE
    ../clib/microlib/stubs.s                 0x00000000   Number         0  iusefp.o ABSOLUTE
    ../fplib/microlib/fpadd.c                0x00000000   Number         0  dadd.o ABSOLUTE
    ../fplib/microlib/fpdiv.c                0x00000000   Number         0  ddiv.o ABSOLUTE
    ../fplib/microlib/fpepilogue.c           0x00000000   Number         0  depilogue.o ABSOLUTE
    ../fplib/microlib/fpfix.c                0x00000000   Number         0  dfixul.o ABSOLUTE
    ../fplib/microlib/fpmul.c                0x00000000   Number         0  dmul.o ABSOLUTE
    ..\..\App\app.c                          0x00000000   Number         0  app.o ABSOLUTE
    ..\..\Bsp\BSP.c                          0x00000000   Number         0  bsp.o ABSOLUTE
    ..\..\Bsp\CRC\CRC.c                      0x00000000   Number         0  crc.o ABSOLUTE
    ..\..\Bsp\Modbus_master\Modbus_m.c       0x00000000   Number         0  modbus_m.o ABSOLUTE
    ..\..\Bsp\font\fonts.c                   0x00000000   Number         0  fonts.o ABSOLUTE
    ..\..\Bsp\lcd\bsp_ili9341_lcd.c          0x00000000   Number         0  bsp_ili9341_lcd.o ABSOLUTE
    ..\..\Bsp\led\bsp_led.c                  0x00000000   Number         0  bsp_led.o ABSOLUTE
    ..\..\Bsp\tim\bsp_Tim.c                  0x00000000   Number         0  bsp_tim.o ABSOLUTE
    ..\..\Bsp\usart\bsp_usart.c              0x00000000   Number         0  bsp_usart.o ABSOLUTE
    ..\..\Libraries\CMSIS\core_cm3.c         0x00000000   Number         0  core_cm3.o ABSOLUTE
    ..\..\Libraries\CMSIS\startup\startup_stm32f10x_hd.s 0x00000000   Number         0  startup_stm32f10x_hd.o ABSOLUTE
    ..\..\Libraries\CMSIS\system_stm32f10x.c 0x00000000   Number         0  system_stm32f10x.o ABSOLUTE
    ..\..\Libraries\FWlib\src\misc.c         0x00000000   Number         0  misc.o ABSOLUTE
    ..\..\Libraries\FWlib\src\stm32f10x_adc.c 0x00000000   Number         0  stm32f10x_adc.o ABSOLUTE
    ..\..\Libraries\FWlib\src\stm32f10x_bkp.c 0x00000000   Number         0  stm32f10x_bkp.o ABSOLUTE
    ..\..\Libraries\FWlib\src\stm32f10x_can.c 0x00000000   Number         0  stm32f10x_can.o ABSOLUTE
    ..\..\Libraries\FWlib\src\stm32f10x_cec.c 0x00000000   Number         0  stm32f10x_cec.o ABSOLUTE
    ..\..\Libraries\FWlib\src\stm32f10x_crc.c 0x00000000   Number         0  stm32f10x_crc.o ABSOLUTE
    ..\..\Libraries\FWlib\src\stm32f10x_dac.c 0x00000000   Number         0  stm32f10x_dac.o ABSOLUTE
    ..\..\Libraries\FWlib\src\stm32f10x_dbgmcu.c 0x00000000   Number         0  stm32f10x_dbgmcu.o ABSOLUTE
    ..\..\Libraries\FWlib\src\stm32f10x_dma.c 0x00000000   Number         0  stm32f10x_dma.o ABSOLUTE
    ..\..\Libraries\FWlib\src\stm32f10x_exti.c 0x00000000   Number         0  stm32f10x_exti.o ABSOLUTE
    ..\..\Libraries\FWlib\src\stm32f10x_flash.c 0x00000000   Number         0  stm32f10x_flash.o ABSOLUTE
    ..\..\Libraries\FWlib\src\stm32f10x_fsmc.c 0x00000000   Number         0  stm32f10x_fsmc.o ABSOLUTE
    ..\..\Libraries\FWlib\src\stm32f10x_gpio.c 0x00000000   Number         0  stm32f10x_gpio.o ABSOLUTE
    ..\..\Libraries\FWlib\src\stm32f10x_i2c.c 0x00000000   Number         0  stm32f10x_i2c.o ABSOLUTE
    ..\..\Libraries\FWlib\src\stm32f10x_iwdg.c 0x00000000   Number         0  stm32f10x_iwdg.o ABSOLUTE
    ..\..\Libraries\FWlib\src\stm32f10x_pwr.c 0x00000000   Number         0  stm32f10x_pwr.o ABSOLUTE
    ..\..\Libraries\FWlib\src\stm32f10x_rcc.c 0x00000000   Number         0  stm32f10x_rcc.o ABSOLUTE
    ..\..\Libraries\FWlib\src\stm32f10x_rtc.c 0x00000000   Number         0  stm32f10x_rtc.o ABSOLUTE
    ..\..\Libraries\FWlib\src\stm32f10x_sdio.c 0x00000000   Number         0  stm32f10x_sdio.o ABSOLUTE
    ..\..\Libraries\FWlib\src\stm32f10x_spi.c 0x00000000   Number         0  stm32f10x_spi.o ABSOLUTE
    ..\..\Libraries\FWlib\src\stm32f10x_tim.c 0x00000000   Number         0  stm32f10x_tim.o ABSOLUTE
    ..\..\Libraries\FWlib\src\stm32f10x_usart.c 0x00000000   Number         0  stm32f10x_usart.o ABSOLUTE
    ..\..\Libraries\FWlib\src\stm32f10x_wwdg.c 0x00000000   Number         0  stm32f10x_wwdg.o ABSOLUTE
    ..\..\Ucos-II\Ports\os_cpu_a.asm         0x00000000   Number         0  os_cpu_a.o ABSOLUTE
    ..\..\Ucos-II\Ports\os_cpu_c.c           0x00000000   Number         0  os_cpu_c.o ABSOLUTE
    ..\..\Ucos-II\Ports\os_dbg.c             0x00000000   Number         0  os_dbg.o ABSOLUTE
    ..\..\Ucos-II\Source\os_core.c           0x00000000   Number         0  os_core.o ABSOLUTE
    ..\..\Ucos-II\Source\os_flag.c           0x00000000   Number         0  os_flag.o ABSOLUTE
    ..\..\Ucos-II\Source\os_mbox.c           0x00000000   Number         0  os_mbox.o ABSOLUTE
    ..\..\Ucos-II\Source\os_mem.c            0x00000000   Number         0  os_mem.o ABSOLUTE
    ..\..\Ucos-II\Source\os_mutex.c          0x00000000   Number         0  os_mutex.o ABSOLUTE
    ..\..\Ucos-II\Source\os_q.c              0x00000000   Number         0  os_q.o ABSOLUTE
    ..\..\Ucos-II\Source\os_sem.c            0x00000000   Number         0  os_sem.o ABSOLUTE
    ..\..\Ucos-II\Source\os_task.c           0x00000000   Number         0  os_task.o ABSOLUTE
    ..\..\Ucos-II\Source\os_time.c           0x00000000   Number         0  os_time.o ABSOLUTE
    ..\..\Ucos-II\Source\os_tmr.c            0x00000000   Number         0  os_tmr.o ABSOLUTE
    ..\..\User\main.c                        0x00000000   Number         0  main.o ABSOLUTE
    ..\..\User\stm32f10x_it.c                0x00000000   Number         0  stm32f10x_it.o ABSOLUTE
    ..\\..\\Libraries\\CMSIS\\core_cm3.c     0x00000000   Number         0  core_cm3.o ABSOLUTE
    cdrcmple.s                               0x00000000   Number         0  cdrcmple.o ABSOLUTE
    dc.s                                     0x00000000   Number         0  dc.o ABSOLUTE
    handlers.s                               0x00000000   Number         0  handlers.o ABSOLUTE
    init.s                                   0x00000000   Number         0  init.o ABSOLUTE
    RESET                                    0x08000000   Section      304  startup_stm32f10x_hd.o(RESET)
    .ARM.Collect$$$$00000000                 0x08000130   Section        0  entry.o(.ARM.Collect$$$$00000000)
    .ARM.Collect$$$$00000001                 0x08000130   Section        4  entry2.o(.ARM.Collect$$$$00000001)
    .ARM.Collect$$$$00000004                 0x08000134   Section        4  entry5.o(.ARM.Collect$$$$00000004)
    .ARM.Collect$$$$00000008                 0x08000138   Section        0  entry7b.o(.ARM.Collect$$$$00000008)
    .ARM.Collect$$$$0000000A                 0x08000138   Section        0  entry8b.o(.ARM.Collect$$$$0000000A)
    .ARM.Collect$$$$0000000B                 0x08000138   Section        8  entry9a.o(.ARM.Collect$$$$0000000B)
    .ARM.Collect$$$$0000000D                 0x08000140   Section        0  entry10a.o(.ARM.Collect$$$$0000000D)
    .ARM.Collect$$$$0000000F                 0x08000140   Section        0  entry11a.o(.ARM.Collect$$$$0000000F)
    .ARM.Collect$$$$00002712                 0x08000140   Section        4  entry2.o(.ARM.Collect$$$$00002712)
    __lit__00000000                          0x08000140   Data           4  entry2.o(.ARM.Collect$$$$00002712)
    .text                                    0x08000144   Section        0  app.o(.text)
    .text                                    0x08000318   Section        0  bsp.o(.text)
    .text                                    0x08000394   Section        0  bsp_ili9341_lcd.o(.text)
    ILI9341_Delay                            0x08000395   Thumb Code    18  bsp_ili9341_lcd.o(.text)
    ILI9341_GPIO_Config                      0x080003a7   Thumb Code   398  bsp_ili9341_lcd.o(.text)
    ILI9341_FSMC_Config                      0x08000535   Thumb Code    94  bsp_ili9341_lcd.o(.text)
    ILI9341_REG_Config                       0x08000593   Thumb Code   570  bsp_ili9341_lcd.o(.text)
    ILI9341_SetCursor                        0x0800093d   Thumb Code    20  bsp_ili9341_lcd.o(.text)
    ILI9341_FillColor                        0x08000951   Thumb Code    32  bsp_ili9341_lcd.o(.text)
    ILI9341_Read_PixelData                   0x080009c3   Thumb Code    54  bsp_ili9341_lcd.o(.text)
    .text                                    0x08000ecc   Section        0  bsp_led.o(.text)
    .text                                    0x08000f2c   Section        0  bsp_usart.o(.text)
    NVIC_Configuration                       0x08000f2d   Thumb Code    42  bsp_usart.o(.text)
    .text                                    0x080010dc   Section        0  crc.o(.text)
    .text                                    0x08001114   Section        0  modbus_m.o(.text)
    .text                                    0x08001398   Section        0  os_cpu_c.o(.text)
    .text                                    0x0800146c   Section      164  os_cpu_a.o(.text)
    .text                                    0x08001510   Section        0  os_core.o(.text)
    OS_InitTaskStat                          0x08001685   Thumb Code    52  os_core.o(.text)
    OS_InitTaskIdle                          0x080016db   Thumb Code    52  os_core.o(.text)
    OS_InitEventList                         0x08001721   Thumb Code    82  os_core.o(.text)
    OS_InitTCBList                           0x08001773   Thumb Code   106  os_core.o(.text)
    OS_InitRdyList                           0x080017dd   Thumb Code    44  os_core.o(.text)
    OS_InitMisc                              0x08001809   Thumb Code    44  os_core.o(.text)
    OS_SchedNew                              0x08001875   Thumb Code    26  os_core.o(.text)
    .text                                    0x08001e64   Section        0  os_mbox.o(.text)
    .text                                    0x08002244   Section        0  os_task.o(.text)
    .text                                    0x080029f8   Section        0  os_time.o(.text)
    .text                                    0x08002ba8   Section        0  main.o(.text)
    .text                                    0x08002bd0   Section        0  stm32f10x_it.o(.text)
    .text                                    0x08002c8c   Section       36  startup_stm32f10x_hd.o(.text)
    .text                                    0x08002cb0   Section        0  system_stm32f10x.o(.text)
    SetSysClockTo72                          0x08002cb1   Thumb Code   214  system_stm32f10x.o(.text)
    SetSysClock                              0x08002d87   Thumb Code     8  system_stm32f10x.o(.text)
    .text                                    0x08002e90   Section        0  misc.o(.text)
    .text                                    0x08002f6c   Section        0  stm32f10x_fsmc.o(.text)
    .text                                    0x08003578   Section        0  stm32f10x_gpio.o(.text)
    .text                                    0x080038d4   Section        0  stm32f10x_rcc.o(.text)
    .text                                    0x08003c78   Section        0  stm32f10x_tim.o(.text)
    TI4_Config                               0x0800411f   Thumb Code   130  stm32f10x_tim.o(.text)
    TI3_Config                               0x080041b3   Thumb Code   122  stm32f10x_tim.o(.text)
    TI2_Config                               0x08004247   Thumb Code   130  stm32f10x_tim.o(.text)
    TI1_Config                               0x080042db   Thumb Code   108  stm32f10x_tim.o(.text)
    .text                                    0x08004a94   Section        0  stm32f10x_usart.o(.text)
    .text                                    0x08004e9c   Section        0  uidiv.o(.text)
    .text                                    0x08004ec8   Section       36  init.o(.text)
    i.ILI9341_Read_Data                      0x08004eec   Section        0  bsp_ili9341_lcd.o(i.ILI9341_Read_Data)
    i.ILI9341_Write_Cmd                      0x08004ef8   Section        0  bsp_ili9341_lcd.o(i.ILI9341_Write_Cmd)
    i.ILI9341_Write_Data                     0x08004f00   Section        0  bsp_ili9341_lcd.o(i.ILI9341_Write_Data)
    i.__0sprintf$3                           0x08004f0c   Section        0  printf3.o(i.__0sprintf$3)
    i.__scatterload_copy                     0x08004f34   Section       14  handlers.o(i.__scatterload_copy)
    i.__scatterload_null                     0x08004f42   Section        2  handlers.o(i.__scatterload_null)
    i.__scatterload_zeroinit                 0x08004f44   Section       14  handlers.o(i.__scatterload_zeroinit)
    i._printf_core                           0x08004f54   Section        0  printf3.o(i._printf_core)
    _printf_core                             0x08004f55   Thumb Code   436  printf3.o(i._printf_core)
    i._sputc                                 0x0800510c   Section        0  printf3.o(i._sputc)
    _sputc                                   0x0800510d   Thumb Code    10  printf3.o(i._sputc)
    .constdata                               0x08005116   Section    15200  fonts.o(.constdata)
    .constdata                               0x08008c76   Section      512  crc.o(.constdata)
    .constdata                               0x08008e76   Section      256  os_core.o(.constdata)
    .data                                    0x20000000   Section       10  app.o(.data)
    .data                                    0x2000000c   Section       24  fonts.o(.data)
    .data                                    0x20000024   Section       16  bsp_ili9341_lcd.o(.data)
    LCD_Currentfonts                         0x2000002c   Data           4  bsp_ili9341_lcd.o(.data)
    CurrentTextColor                         0x20000030   Data           2  bsp_ili9341_lcd.o(.data)
    CurrentBackColor                         0x20000032   Data           2  bsp_ili9341_lcd.o(.data)
    .data                                    0x20000034   Section       11  modbus_m.o(.data)
    i                                        0x2000003e   Data           1  modbus_m.o(.data)
    .data                                    0x20000040   Section       64  os_core.o(.data)
    .data                                    0x20000080   Section        4  stm32f10x_it.o(.data)
    .data                                    0x20000084   Section       20  system_stm32f10x.o(.data)
    .data                                    0x20000098   Section       20  stm32f10x_rcc.o(.data)
    APBAHBPrescTable                         0x20000098   Data          16  stm32f10x_rcc.o(.data)
    ADCPrescTable                            0x200000a8   Data           4  stm32f10x_rcc.o(.data)
    .bss                                     0x200000ac   Section     1280  app.o(.bss)
    .bss                                     0x200005ac   Section     6096  modbus_m.o(.bss)
    .bss                                     0x20001d7c   Section     3192  os_core.o(.bss)
    .bss                                     0x200029f4   Section      320  main.o(.bss)
    STACK                                    0x20002b38   Section     1024  startup_stm32f10x_hd.o(STACK)

    Global Symbols

    Symbol Name                              Value     Ov Type        Size  Object(Section)

    BuildAttributes$$THM_ISAv4$P$D$K$B$S$PE$A:L22UL41UL21$X:L11$S22US41US21$IEEE1$IW$USESV6$~STKCKD$USESV7$~SHL$OSPACE$ROPI$EBA8$MICROLIB$REQ8$PRES8$EABIv2 0x00000000   Number         0  anon$$obj.o ABSOLUTE
    __ARM_use_no_argv                        0x00000000   Number         0  main.o ABSOLUTE
    _printf_a                                0x00000000   Number         0  stubs.o ABSOLUTE
    _printf_c                                0x00000000   Number         0  stubs.o ABSOLUTE
    _printf_charcount                        0x00000000   Number         0  stubs.o ABSOLUTE
    _printf_d                                0x00000000   Number         0  stubs.o ABSOLUTE
    _printf_e                                0x00000000   Number         0  stubs.o ABSOLUTE
    _printf_f                                0x00000000   Number         0  stubs.o ABSOLUTE
    _printf_flags                            0x00000000   Number         0  stubs.o ABSOLUTE
    _printf_fp_dec                           0x00000000   Number         0  stubs.o ABSOLUTE
    _printf_fp_hex                           0x00000000   Number         0  stubs.o ABSOLUTE
    _printf_g                                0x00000000   Number         0  stubs.o ABSOLUTE
    _printf_i                                0x00000000   Number         0  stubs.o ABSOLUTE
    _printf_int_dec                          0x00000000   Number         0  stubs.o ABSOLUTE
    _printf_l                                0x00000000   Number         0  stubs.o ABSOLUTE
    _printf_lc                               0x00000000   Number         0  stubs.o ABSOLUTE
    _printf_ll                               0x00000000   Number         0  stubs.o ABSOLUTE
    _printf_lld                              0x00000000   Number         0  stubs.o ABSOLUTE
    _printf_lli                              0x00000000   Number         0  stubs.o ABSOLUTE
    _printf_llo                              0x00000000   Number         0  stubs.o ABSOLUTE
    _printf_llu                              0x00000000   Number         0  stubs.o ABSOLUTE
    _printf_llx                              0x00000000   Number         0  stubs.o ABSOLUTE
    _printf_longlong_dec                     0x00000000   Number         0  stubs.o ABSOLUTE
    _printf_longlong_hex                     0x00000000   Number         0  stubs.o ABSOLUTE
    _printf_longlong_oct                     0x00000000   Number         0  stubs.o ABSOLUTE
    _printf_ls                               0x00000000   Number         0  stubs.o ABSOLUTE
    _printf_mbtowc                           0x00000000   Number         0  stubs.o ABSOLUTE
    _printf_n                                0x00000000   Number         0  stubs.o ABSOLUTE
    _printf_o                                0x00000000   Number         0  stubs.o ABSOLUTE
    _printf_p                                0x00000000   Number         0  stubs.o ABSOLUTE
    _printf_percent                          0x00000000   Number         0  stubs.o ABSOLUTE
    _printf_pre_padding                      0x00000000   Number         0  stubs.o ABSOLUTE
    _printf_return_value                     0x00000000   Number         0  stubs.o ABSOLUTE
    _printf_s                                0x00000000   Number         0  stubs.o ABSOLUTE
    _printf_sizespec                         0x00000000   Number         0  stubs.o ABSOLUTE
    _printf_str                              0x00000000   Number         0  stubs.o ABSOLUTE
    _printf_truncate_signed                  0x00000000   Number         0  stubs.o ABSOLUTE
    _printf_truncate_unsigned                0x00000000   Number         0  stubs.o ABSOLUTE
    _printf_u                                0x00000000   Number         0  stubs.o ABSOLUTE
    _printf_wc                               0x00000000   Number         0  stubs.o ABSOLUTE
    _printf_wctomb                           0x00000000   Number         0  stubs.o ABSOLUTE
    _printf_widthprec                        0x00000000   Number         0  stubs.o ABSOLUTE
    _printf_x                                0x00000000   Number         0  stubs.o ABSOLUTE
    __cpp_initialize__aeabi_                  - Undefined Weak Reference
    __cxa_finalize                            - Undefined Weak Reference
    __decompress                              - Undefined Weak Reference
    _clock_init                               - Undefined Weak Reference
    _microlib_exit                            - Undefined Weak Reference
    __Vectors_Size                           0x00000130   Number         0  startup_stm32f10x_hd.o ABSOLUTE
    __Vectors                                0x08000000   Data           4  startup_stm32f10x_hd.o(RESET)
    __Vectors_End                            0x08000130   Data           0  startup_stm32f10x_hd.o(RESET)
    __main                                   0x08000131   Thumb Code     0  entry.o(.ARM.Collect$$$$00000000)
    _main_stk                                0x08000131   Thumb Code     0  entry2.o(.ARM.Collect$$$$00000001)
    _main_scatterload                        0x08000135   Thumb Code     0  entry5.o(.ARM.Collect$$$$00000004)
    __main_after_scatterload                 0x08000139   Thumb Code     0  entry5.o(.ARM.Collect$$$$00000004)
    _main_clock                              0x08000139   Thumb Code     0  entry7b.o(.ARM.Collect$$$$00000008)
    _main_cpp_init                           0x08000139   Thumb Code     0  entry8b.o(.ARM.Collect$$$$0000000A)
    _main_init                               0x08000139   Thumb Code     0  entry9a.o(.ARM.Collect$$$$0000000B)
    __rt_final_cpp                           0x08000141   Thumb Code     0  entry10a.o(.ARM.Collect$$$$0000000D)
    __rt_final_exit                          0x08000141   Thumb Code     0  entry11a.o(.ARM.Collect$$$$0000000F)
    Task_Disp                                0x08000145   Thumb Code   166  app.o(.text)
    Task_Analysis                            0x080001eb   Thumb Code    22  app.o(.text)
    Task_Receive                             0x08000201   Thumb Code    84  app.o(.text)
    Task_Send                                0x08000255   Thumb Code    20  app.o(.text)
    Task_Start                               0x08000269   Thumb Code    88  app.o(.text)
    SysTick_init                             0x08000319   Thumb Code    82  bsp.o(.text)
    BSPInit                                  0x0800036b   Thumb Code    30  bsp.o(.text)
    ILI9341_GramScan                         0x080007cd   Thumb Code   172  bsp_ili9341_lcd.o(.text)
    ILI9341_Rst                              0x08000879   Thumb Code    36  bsp_ili9341_lcd.o(.text)
    ILI9341_BackLed_Control                  0x0800089d   Thumb Code    30  bsp_ili9341_lcd.o(.text)
    ILI9341_Init                             0x080008bb   Thumb Code    34  bsp_ili9341_lcd.o(.text)
    ILI9341_OpenWindow                       0x080008dd   Thumb Code    96  bsp_ili9341_lcd.o(.text)
    ILI9341_Clear                            0x08000971   Thumb Code    40  bsp_ili9341_lcd.o(.text)
    ILI9341_SetPointPixel                    0x08000999   Thumb Code    42  bsp_ili9341_lcd.o(.text)
    ILI9341_GetPointPixel                    0x080009f9   Thumb Code    24  bsp_ili9341_lcd.o(.text)
    ILI9341_DrawLine                         0x08000a11   Thumb Code   160  bsp_ili9341_lcd.o(.text)
    ILI9341_DrawRectangle                    0x08000ab1   Thumb Code   132  bsp_ili9341_lcd.o(.text)
    ILI9341_DrawCircle                       0x08000b35   Thumb Code   344  bsp_ili9341_lcd.o(.text)
    ILI9341_DispChar_EN                      0x08000c8d   Thumb Code   138  bsp_ili9341_lcd.o(.text)
    ILI9341_DispStringLine_EN                0x08000d17   Thumb Code    92  bsp_ili9341_lcd.o(.text)
    ILI9341_DispString_EN                    0x08000d73   Thumb Code    92  bsp_ili9341_lcd.o(.text)
    ILI9341_DispString_EN_YDir               0x08000dcf   Thumb Code    92  bsp_ili9341_lcd.o(.text)
    LCD_SetFont                              0x08000e2b   Thumb Code     6  bsp_ili9341_lcd.o(.text)
    LCD_GetFont                              0x08000e31   Thumb Code     6  bsp_ili9341_lcd.o(.text)
    LCD_SetColors                            0x08000e37   Thumb Code    10  bsp_ili9341_lcd.o(.text)
    LCD_GetColors                            0x08000e41   Thumb Code    14  bsp_ili9341_lcd.o(.text)
    LCD_SetTextColor                         0x08000e4f   Thumb Code     6  bsp_ili9341_lcd.o(.text)
    LCD_SetBackColor                         0x08000e55   Thumb Code     6  bsp_ili9341_lcd.o(.text)
    LCD_ClearLine                            0x08000e5b   Thumb Code    26  bsp_ili9341_lcd.o(.text)
    ILI9341_DispVariable_EN                  0x08000e75   Thumb Code    54  bsp_ili9341_lcd.o(.text)
    LED_GPIO_Config                          0x08000ecd   Thumb Code    90  bsp_led.o(.text)
    USART_Config                             0x08000f57   Thumb Code   142  bsp_usart.o(.text)
    Usart_SendByte                           0x08000fe5   Thumb Code    30  bsp_usart.o(.text)
    Usart_SendArray                          0x08001003   Thumb Code    48  bsp_usart.o(.text)
    Usart_SendString                         0x08001033   Thumb Code    42  bsp_usart.o(.text)
    Usart_SendHalfWord                       0x0800105d   Thumb Code    60  bsp_usart.o(.text)
    fputc                                    0x08001099   Thumb Code    32  bsp_usart.o(.text)
    fgetc                                    0x080010b9   Thumb Code    26  bsp_usart.o(.text)
    CRCCompute                               0x080010dd   Thumb Code    48  crc.o(.text)
    Master_06                                0x08001115   Thumb Code    64  modbus_m.o(.text)
    Master_03                                0x08001155   Thumb Code    64  modbus_m.o(.text)
    MasterTService                           0x08001195   Thumb Code    54  modbus_m.o(.text)
    ModbusRTU                                0x080011cb   Thumb Code    58  modbus_m.o(.text)
    Master_04                                0x08001205   Thumb Code     2  modbus_m.o(.text)
    MasterAnaly06                            0x08001207   Thumb Code   110  modbus_m.o(.text)
    MasterAnaly03                            0x08001275   Thumb Code   160  modbus_m.o(.text)
    MasterAnalyService                       0x08001315   Thumb Code    82  modbus_m.o(.text)
    MasterAnaly04                            0x08001367   Thumb Code     2  modbus_m.o(.text)
    OSInitHookBegin                          0x08001399   Thumb Code     2  os_cpu_c.o(.text)
    OSInitHookEnd                            0x0800139b   Thumb Code     2  os_cpu_c.o(.text)
    OSTaskCreateHook                         0x0800139d   Thumb Code     2  os_cpu_c.o(.text)
    OSTaskDelHook                            0x0800139f   Thumb Code     2  os_cpu_c.o(.text)
    OSTaskIdleHook                           0x080013a1   Thumb Code     2  os_cpu_c.o(.text)
    OSTaskStatHook                           0x080013a3   Thumb Code     2  os_cpu_c.o(.text)
    OSTaskStkInit                            0x080013a5   Thumb Code   154  os_cpu_c.o(.text)
    OSTaskSwHook                             0x0800143f   Thumb Code     2  os_cpu_c.o(.text)
    OSTCBInitHook                            0x08001441   Thumb Code     2  os_cpu_c.o(.text)
    OSTimeTickHook                           0x08001443   Thumb Code     2  os_cpu_c.o(.text)
    OS_CPU_SysTickHandler                    0x08001445   Thumb Code    34  os_cpu_c.o(.text)
    OSTaskReturnHook                         0x08001467   Thumb Code     2  os_cpu_c.o(.text)
    OS_CPU_SR_Save                           0x0800146d   Thumb Code     0  os_cpu_a.o(.text)
    OS_CPU_SR_Restore                        0x08001475   Thumb Code     0  os_cpu_a.o(.text)
    OSStartHighRdy                           0x0800147b   Thumb Code     0  os_cpu_a.o(.text)
    OSCtxSw                                  0x0800149b   Thumb Code     0  os_cpu_a.o(.text)
    OSIntCtxSw                               0x080014a5   Thumb Code     0  os_cpu_a.o(.text)
    OS_CPU_PendSVHandler                     0x080014af   Thumb Code     0  os_cpu_a.o(.text)
    OS_StrLen                                0x08001511   Thumb Code    20  os_core.o(.text)
    OSEventNameGet                           0x08001525   Thumb Code    98  os_core.o(.text)
    OSEventNameSet                           0x08001587   Thumb Code    84  os_core.o(.text)
    OS_TaskStatStkChk                        0x080015db   Thumb Code    54  os_core.o(.text)
    OS_TaskStat                              0x08001611   Thumb Code   116  os_core.o(.text)
    OS_TaskIdle                              0x080016b9   Thumb Code    34  os_core.o(.text)
    OS_MemClr                                0x0800170f   Thumb Code    18  os_core.o(.text)
    OSInit                                   0x08001835   Thumb Code    36  os_core.o(.text)
    OSIntEnter                               0x08001859   Thumb Code    28  os_core.o(.text)
    OSIntExit                                0x0800188f   Thumb Code   112  os_core.o(.text)
    OSSchedLock                              0x080018ff   Thumb Code   204  os_core.o(.text)
    OS_Sched                                 0x080019cb   Thumb Code    88  os_core.o(.text)
    OSSchedUnlock                            0x08001a23   Thumb Code    82  os_core.o(.text)
    OSStart                                  0x08001a75   Thumb Code    48  os_core.o(.text)
    OSStatInit                               0x08001aa5   Thumb Code    62  os_core.o(.text)
    OSTimeTick                               0x08001ae3   Thumb Code   210  os_core.o(.text)
    OSVersion                                0x08001bb5   Thumb Code     6  os_core.o(.text)
    OS_Dummy                                 0x08001bbb   Thumb Code     2  os_core.o(.text)
    OS_EventTaskRemove                       0x08001bbd   Thumb Code    42  os_core.o(.text)
    OS_EventTaskRdy                          0x08001be7   Thumb Code   114  os_core.o(.text)
    OS_EventTaskWait                         0x08001c59   Thumb Code   112  os_core.o(.text)
    OS_EventWaitListInit                     0x08001cc9   Thumb Code    28  os_core.o(.text)
    OS_MemCopy                               0x08001ce5   Thumb Code    20  os_core.o(.text)
    OS_TCBInit                               0x08001cf9   Thumb Code   352  os_core.o(.text)
    OSMboxAccept                             0x08001e65   Thumb Code    38  os_mbox.o(.text)
    OSMboxCreate                             0x08001e8b   Thumb Code    72  os_mbox.o(.text)
    OSMboxDel                                0x08001ed3   Thumb Code   210  os_mbox.o(.text)
    OSMboxPend                               0x08001fa5   Thumb Code   246  os_mbox.o(.text)
    OSMboxPendAbort                          0x0800209b   Thumb Code   128  os_mbox.o(.text)
    OSMboxPost                               0x0800211b   Thumb Code    80  os_mbox.o(.text)
    OSMboxPostOpt                            0x0800216b   Thumb Code   120  os_mbox.o(.text)
    OSMboxQuery                              0x080021e3   Thumb Code    76  os_mbox.o(.text)
    OSTaskChangePrio                         0x08002245   Thumb Code   308  os_task.o(.text)
    OSTaskCreate                             0x08002379   Thumb Code   148  os_task.o(.text)
    OS_TaskStkClr                            0x0800240d   Thumb Code    26  os_task.o(.text)
    OSTaskCreateExt                          0x08002427   Thumb Code   170  os_task.o(.text)
    OSTaskDel                                0x080024d1   Thumb Code   280  os_task.o(.text)
    OSTaskDelReq                             0x080025e9   Thumb Code   144  os_task.o(.text)
    OSTaskNameGet                            0x08002679   Thumb Code   114  os_task.o(.text)
    OSTaskNameSet                            0x080026eb   Thumb Code    98  os_task.o(.text)
    OSTaskResume                             0x0800274d   Thumb Code   154  os_task.o(.text)
    OSTaskStkChk                             0x080027e7   Thumb Code   132  os_task.o(.text)
    OSTaskSuspend                            0x0800286b   Thumb Code   152  os_task.o(.text)
    OSTaskQuery                              0x08002903   Thumb Code    82  os_task.o(.text)
    OSTaskRegGet                             0x08002955   Thumb Code    60  os_task.o(.text)
    OSTaskRegSet                             0x08002991   Thumb Code    62  os_task.o(.text)
    OS_TaskReturn                            0x080029cf   Thumb Code    18  os_task.o(.text)
    OSTimeDly                                0x080029f9   Thumb Code   100  os_time.o(.text)
    OSTimeDlyHMSM                            0x08002a5d   Thumb Code    86  os_time.o(.text)
    OSTimeDlyResume                          0x08002ab3   Thumb Code   168  os_time.o(.text)
    OSTimeGet                                0x08002b5b   Thumb Code    24  os_time.o(.text)
    OSTimeSet                                0x08002b73   Thumb Code    24  os_time.o(.text)
    main                                     0x08002ba9   Thumb Code    30  main.o(.text)
    NMI_Handler                              0x08002bd1   Thumb Code     2  stm32f10x_it.o(.text)
    HardFault_Handler                        0x08002bd3   Thumb Code     4  stm32f10x_it.o(.text)
    MemManage_Handler                        0x08002bd7   Thumb Code     4  stm32f10x_it.o(.text)
    BusFault_Handler                         0x08002bdb   Thumb Code     4  stm32f10x_it.o(.text)
    UsageFault_Handler                       0x08002bdf   Thumb Code     4  stm32f10x_it.o(.text)
    SVC_Handler                              0x08002be3   Thumb Code     2  stm32f10x_it.o(.text)
    DebugMon_Handler                         0x08002be5   Thumb Code     2  stm32f10x_it.o(.text)
    PendSV_Handler                           0x08002be7   Thumb Code     2  stm32f10x_it.o(.text)
    SysTick_Handler                          0x08002be9   Thumb Code    16  stm32f10x_it.o(.text)
    USART1_IRQHandler                        0x08002bf9   Thumb Code    44  stm32f10x_it.o(.text)
    TIM6_IRQHandler                          0x08002c25   Thumb Code    78  stm32f10x_it.o(.text)
    Reset_Handler                            0x08002c8d   Thumb Code     8  startup_stm32f10x_hd.o(.text)
    ADC1_2_IRQHandler                        0x08002ca7   Thumb Code     0  startup_stm32f10x_hd.o(.text)
    ADC3_IRQHandler                          0x08002ca7   Thumb Code     0  startup_stm32f10x_hd.o(.text)
    CAN1_RX1_IRQHandler                      0x08002ca7   Thumb Code     0  startup_stm32f10x_hd.o(.text)
    CAN1_SCE_IRQHandler                      0x08002ca7   Thumb Code     0  startup_stm32f10x_hd.o(.text)
    DMA1_Channel1_IRQHandler                 0x08002ca7   Thumb Code     0  startup_stm32f10x_hd.o(.text)
    DMA1_Channel2_IRQHandler                 0x08002ca7   Thumb Code     0  startup_stm32f10x_hd.o(.text)
    DMA1_Channel3_IRQHandler                 0x08002ca7   Thumb Code     0  startup_stm32f10x_hd.o(.text)
    DMA1_Channel4_IRQHandler                 0x08002ca7   Thumb Code     0  startup_stm32f10x_hd.o(.text)
    DMA1_Channel5_IRQHandler                 0x08002ca7   Thumb Code     0  startup_stm32f10x_hd.o(.text)
    DMA1_Channel6_IRQHandler                 0x08002ca7   Thumb Code     0  startup_stm32f10x_hd.o(.text)
    DMA1_Channel7_IRQHandler                 0x08002ca7   Thumb Code     0  startup_stm32f10x_hd.o(.text)
    DMA2_Channel1_IRQHandler                 0x08002ca7   Thumb Code     0  startup_stm32f10x_hd.o(.text)
    DMA2_Channel2_IRQHandler                 0x08002ca7   Thumb Code     0  startup_stm32f10x_hd.o(.text)
    DMA2_Channel3_IRQHandler                 0x08002ca7   Thumb Code     0  startup_stm32f10x_hd.o(.text)
    DMA2_Channel4_5_IRQHandler               0x08002ca7   Thumb Code     0  startup_stm32f10x_hd.o(.text)
    EXTI0_IRQHandler                         0x08002ca7   Thumb Code     0  startup_stm32f10x_hd.o(.text)
    EXTI15_10_IRQHandler                     0x08002ca7   Thumb Code     0  startup_stm32f10x_hd.o(.text)
    EXTI1_IRQHandler                         0x08002ca7   Thumb Code     0  startup_stm32f10x_hd.o(.text)
    EXTI2_IRQHandler                         0x08002ca7   Thumb Code     0  startup_stm32f10x_hd.o(.text)
    EXTI3_IRQHandler                         0x08002ca7   Thumb Code     0  startup_stm32f10x_hd.o(.text)
    EXTI4_IRQHandler                         0x08002ca7   Thumb Code     0  startup_stm32f10x_hd.o(.text)
    EXTI9_5_IRQHandler                       0x08002ca7   Thumb Code     0  startup_stm32f10x_hd.o(.text)
    FLASH_IRQHandler                         0x08002ca7   Thumb Code     0  startup_stm32f10x_hd.o(.text)
    FSMC_IRQHandler                          0x08002ca7   Thumb Code     0  startup_stm32f10x_hd.o(.text)
    I2C1_ER_IRQHandler                       0x08002ca7   Thumb Code     0  startup_stm32f10x_hd.o(.text)
    I2C1_EV_IRQHandler                       0x08002ca7   Thumb Code     0  startup_stm32f10x_hd.o(.text)
    I2C2_ER_IRQHandler                       0x08002ca7   Thumb Code     0  startup_stm32f10x_hd.o(.text)
    I2C2_EV_IRQHandler                       0x08002ca7   Thumb Code     0  startup_stm32f10x_hd.o(.text)
    PVD_IRQHandler                           0x08002ca7   Thumb Code     0  startup_stm32f10x_hd.o(.text)
    RCC_IRQHandler                           0x08002ca7   Thumb Code     0  startup_stm32f10x_hd.o(.text)
    RTCAlarm_IRQHandler                      0x08002ca7   Thumb Code     0  startup_stm32f10x_hd.o(.text)
    RTC_IRQHandler                           0x08002ca7   Thumb Code     0  startup_stm32f10x_hd.o(.text)
    SDIO_IRQHandler                          0x08002ca7   Thumb Code     0  startup_stm32f10x_hd.o(.text)
    SPI1_IRQHandler                          0x08002ca7   Thumb Code     0  startup_stm32f10x_hd.o(.text)
    SPI2_IRQHandler                          0x08002ca7   Thumb Code     0  startup_stm32f10x_hd.o(.text)
    SPI3_IRQHandler                          0x08002ca7   Thumb Code     0  startup_stm32f10x_hd.o(.text)
    TAMPER_IRQHandler                        0x08002ca7   Thumb Code     0  startup_stm32f10x_hd.o(.text)
    TIM1_BRK_IRQHandler                      0x08002ca7   Thumb Code     0  startup_stm32f10x_hd.o(.text)
    TIM1_CC_IRQHandler                       0x08002ca7   Thumb Code     0  startup_stm32f10x_hd.o(.text)
    TIM1_TRG_COM_IRQHandler                  0x08002ca7   Thumb Code     0  startup_stm32f10x_hd.o(.text)
    TIM1_UP_IRQHandler                       0x08002ca7   Thumb Code     0  startup_stm32f10x_hd.o(.text)
    TIM2_IRQHandler                          0x08002ca7   Thumb Code     0  startup_stm32f10x_hd.o(.text)
    TIM3_IRQHandler                          0x08002ca7   Thumb Code     0  startup_stm32f10x_hd.o(.text)
    TIM4_IRQHandler                          0x08002ca7   Thumb Code     0  startup_stm32f10x_hd.o(.text)
    TIM5_IRQHandler                          0x08002ca7   Thumb Code     0  startup_stm32f10x_hd.o(.text)
    TIM7_IRQHandler                          0x08002ca7   Thumb Code     0  startup_stm32f10x_hd.o(.text)
    TIM8_BRK_IRQHandler                      0x08002ca7   Thumb Code     0  startup_stm32f10x_hd.o(.text)
    TIM8_CC_IRQHandler                       0x08002ca7   Thumb Code     0  startup_stm32f10x_hd.o(.text)
    TIM8_TRG_COM_IRQHandler                  0x08002ca7   Thumb Code     0  startup_stm32f10x_hd.o(.text)
    TIM8_UP_IRQHandler                       0x08002ca7   Thumb Code     0  startup_stm32f10x_hd.o(.text)
    UART4_IRQHandler                         0x08002ca7   Thumb Code     0  startup_stm32f10x_hd.o(.text)
    UART5_IRQHandler                         0x08002ca7   Thumb Code     0  startup_stm32f10x_hd.o(.text)
    USART2_IRQHandler                        0x08002ca7   Thumb Code     0  startup_stm32f10x_hd.o(.text)
    USART3_IRQHandler                        0x08002ca7   Thumb Code     0  startup_stm32f10x_hd.o(.text)
    USBWakeUp_IRQHandler                     0x08002ca7   Thumb Code     0  startup_stm32f10x_hd.o(.text)
    USB_HP_CAN1_TX_IRQHandler                0x08002ca7   Thumb Code     0  startup_stm32f10x_hd.o(.text)
    USB_LP_CAN1_RX0_IRQHandler               0x08002ca7   Thumb Code     0  startup_stm32f10x_hd.o(.text)
    WWDG_IRQHandler                          0x08002ca7   Thumb Code     0  startup_stm32f10x_hd.o(.text)
    SystemInit                               0x08002d8f   Thumb Code    78  system_stm32f10x.o(.text)
    SystemCoreClockUpdate                    0x08002ddd   Thumb Code   142  system_stm32f10x.o(.text)
    NVIC_PriorityGroupConfig                 0x08002e91   Thumb Code    10  misc.o(.text)
    NVIC_Init                                0x08002e9b   Thumb Code   100  misc.o(.text)
    NVIC_SetVectorTable                      0x08002eff   Thumb Code    14  misc.o(.text)
    NVIC_SystemLPConfig                      0x08002f0d   Thumb Code    34  misc.o(.text)
    SysTick_CLKSourceConfig                  0x08002f2f   Thumb Code    40  misc.o(.text)
    FSMC_NORSRAMDeInit                       0x08002f6d   Thumb Code    54  stm32f10x_fsmc.o(.text)
    FSMC_NANDDeInit                          0x08002fa3   Thumb Code    62  stm32f10x_fsmc.o(.text)
    FSMC_PCCARDDeInit                        0x08002fe1   Thumb Code    36  stm32f10x_fsmc.o(.text)
    FSMC_NORSRAMInit                         0x08003005   Thumb Code   230  stm32f10x_fsmc.o(.text)
    FSMC_NANDInit                            0x080030eb   Thumb Code   132  stm32f10x_fsmc.o(.text)
    FSMC_PCCARDInit                          0x0800316f   Thumb Code   130  stm32f10x_fsmc.o(.text)
    FSMC_NORSRAMStructInit                   0x080031f1   Thumb Code   114  stm32f10x_fsmc.o(.text)
    FSMC_NANDStructInit                      0x08003263   Thumb Code    54  stm32f10x_fsmc.o(.text)
    FSMC_PCCARDStructInit                    0x08003299   Thumb Code    60  stm32f10x_fsmc.o(.text)
    FSMC_NORSRAMCmd                          0x080032d5   Thumb Code    46  stm32f10x_fsmc.o(.text)
    FSMC_NANDCmd                             0x08003303   Thumb Code    86  stm32f10x_fsmc.o(.text)
    FSMC_PCCARDCmd                           0x08003359   Thumb Code    44  stm32f10x_fsmc.o(.text)
    FSMC_NANDECCCmd                          0x08003385   Thumb Code    90  stm32f10x_fsmc.o(.text)
    FSMC_GetECC                              0x080033df   Thumb Code    24  stm32f10x_fsmc.o(.text)
    FSMC_ITConfig                            0x080033f7   Thumb Code   128  stm32f10x_fsmc.o(.text)
    FSMC_GetFlagStatus                       0x08003477   Thumb Code    54  stm32f10x_fsmc.o(.text)
    FSMC_ClearFlag                           0x080034ad   Thumb Code    62  stm32f10x_fsmc.o(.text)
    FSMC_GetITStatus                         0x080034eb   Thumb Code    64  stm32f10x_fsmc.o(.text)
    FSMC_ClearITPendingBit                   0x0800352b   Thumb Code    68  stm32f10x_fsmc.o(.text)
    GPIO_DeInit                              0x08003579   Thumb Code   172  stm32f10x_gpio.o(.text)
    GPIO_AFIODeInit                          0x08003625   Thumb Code    20  stm32f10x_gpio.o(.text)
    GPIO_Init                                0x08003639   Thumb Code   278  stm32f10x_gpio.o(.text)
    GPIO_StructInit                          0x0800374f   Thumb Code    16  stm32f10x_gpio.o(.text)
    GPIO_ReadInputDataBit                    0x0800375f   Thumb Code    18  stm32f10x_gpio.o(.text)
    GPIO_ReadInputData                       0x08003771   Thumb Code     8  stm32f10x_gpio.o(.text)
    GPIO_ReadOutputDataBit                   0x08003779   Thumb Code    18  stm32f10x_gpio.o(.text)
    GPIO_ReadOutputData                      0x0800378b   Thumb Code     8  stm32f10x_gpio.o(.text)
    GPIO_SetBits                             0x08003793   Thumb Code     4  stm32f10x_gpio.o(.text)
    GPIO_ResetBits                           0x08003797   Thumb Code     4  stm32f10x_gpio.o(.text)
    GPIO_WriteBit                            0x0800379b   Thumb Code    10  stm32f10x_gpio.o(.text)
    GPIO_Write                               0x080037a5   Thumb Code     4  stm32f10x_gpio.o(.text)
    GPIO_PinLockConfig                       0x080037a9   Thumb Code    18  stm32f10x_gpio.o(.text)
    GPIO_EventOutputConfig                   0x080037bb   Thumb Code    26  stm32f10x_gpio.o(.text)
    GPIO_EventOutputCmd                      0x080037d5   Thumb Code     6  stm32f10x_gpio.o(.text)
    GPIO_PinRemapConfig                      0x080037db   Thumb Code   138  stm32f10x_gpio.o(.text)
    GPIO_EXTILineConfig                      0x08003865   Thumb Code    66  stm32f10x_gpio.o(.text)
    GPIO_ETH_MediaInterfaceConfig            0x080038a7   Thumb Code     8  stm32f10x_gpio.o(.text)
    RCC_DeInit                               0x080038d5   Thumb Code    64  stm32f10x_rcc.o(.text)
    RCC_HSEConfig                            0x08003915   Thumb Code    70  stm32f10x_rcc.o(.text)
    RCC_GetFlagStatus                        0x0800395b   Thumb Code    56  stm32f10x_rcc.o(.text)
    RCC_WaitForHSEStartUp                    0x08003993   Thumb Code    56  stm32f10x_rcc.o(.text)
    RCC_AdjustHSICalibrationValue            0x080039cb   Thumb Code    20  stm32f10x_rcc.o(.text)
    RCC_HSICmd                               0x080039df   Thumb Code     6  stm32f10x_rcc.o(.text)
    RCC_PLLConfig                            0x080039e5   Thumb Code    24  stm32f10x_rcc.o(.text)
    RCC_PLLCmd                               0x080039fd   Thumb Code     6  stm32f10x_rcc.o(.text)
    RCC_SYSCLKConfig                         0x08003a03   Thumb Code    18  stm32f10x_rcc.o(.text)
    RCC_GetSYSCLKSource                      0x08003a15   Thumb Code    10  stm32f10x_rcc.o(.text)
    RCC_HCLKConfig                           0x08003a1f   Thumb Code    18  stm32f10x_rcc.o(.text)
    RCC_PCLK1Config                          0x08003a31   Thumb Code    18  stm32f10x_rcc.o(.text)
    RCC_PCLK2Config                          0x08003a43   Thumb Code    20  stm32f10x_rcc.o(.text)
    RCC_ITConfig                             0x08003a57   Thumb Code    26  stm32f10x_rcc.o(.text)
    RCC_USBCLKConfig                         0x08003a71   Thumb Code     8  stm32f10x_rcc.o(.text)
    RCC_ADCCLKConfig                         0x08003a79   Thumb Code    18  stm32f10x_rcc.o(.text)
    RCC_LSEConfig                            0x08003a8b   Thumb Code    50  stm32f10x_rcc.o(.text)
    RCC_LSICmd                               0x08003abd   Thumb Code     6  stm32f10x_rcc.o(.text)
    RCC_RTCCLKConfig                         0x08003ac3   Thumb Code    12  stm32f10x_rcc.o(.text)
    RCC_RTCCLKCmd                            0x08003acf   Thumb Code     8  stm32f10x_rcc.o(.text)
    RCC_GetClocksFreq                        0x08003ad7   Thumb Code   192  stm32f10x_rcc.o(.text)
    RCC_AHBPeriphClockCmd                    0x08003b97   Thumb Code    26  stm32f10x_rcc.o(.text)
    RCC_APB2PeriphClockCmd                   0x08003bb1   Thumb Code    26  stm32f10x_rcc.o(.text)
    RCC_APB1PeriphClockCmd                   0x08003bcb   Thumb Code    26  stm32f10x_rcc.o(.text)
    RCC_APB2PeriphResetCmd                   0x08003be5   Thumb Code    26  stm32f10x_rcc.o(.text)
    RCC_APB1PeriphResetCmd                   0x08003bff   Thumb Code    26  stm32f10x_rcc.o(.text)
    RCC_BackupResetCmd                       0x08003c19   Thumb Code     8  stm32f10x_rcc.o(.text)
    RCC_ClockSecuritySystemCmd               0x08003c21   Thumb Code     6  stm32f10x_rcc.o(.text)
    RCC_MCOConfig                            0x08003c27   Thumb Code     6  stm32f10x_rcc.o(.text)
    RCC_ClearFlag                            0x08003c2d   Thumb Code    14  stm32f10x_rcc.o(.text)
    RCC_GetITStatus                          0x08003c3b   Thumb Code    20  stm32f10x_rcc.o(.text)
    RCC_ClearITPendingBit                    0x08003c4f   Thumb Code     6  stm32f10x_rcc.o(.text)
    TIM_DeInit                               0x08003c79   Thumb Code   424  stm32f10x_tim.o(.text)
    TIM_TimeBaseInit                         0x08003e21   Thumb Code   122  stm32f10x_tim.o(.text)
    TIM_OC1Init                              0x08003e9b   Thumb Code   132  stm32f10x_tim.o(.text)
    TIM_OC2Init                              0x08003f1f   Thumb Code   154  stm32f10x_tim.o(.text)
    TIM_OC3Init                              0x08003fb9   Thumb Code   150  stm32f10x_tim.o(.text)
    TIM_OC4Init                              0x0800404f   Thumb Code   182  stm32f10x_tim.o(.text)
    TIM_SetIC4Prescaler                      0x08004105   Thumb Code    26  stm32f10x_tim.o(.text)
    TIM_SetIC3Prescaler                      0x080041a1   Thumb Code    18  stm32f10x_tim.o(.text)
    TIM_SetIC2Prescaler                      0x0800422d   Thumb Code    26  stm32f10x_tim.o(.text)
    TIM_SetIC1Prescaler                      0x080042c9   Thumb Code    18  stm32f10x_tim.o(.text)
    TIM_ICInit                               0x08004347   Thumb Code   150  stm32f10x_tim.o(.text)
    TIM_PWMIConfig                           0x080043dd   Thumb Code   124  stm32f10x_tim.o(.text)
    TIM_BDTRConfig                           0x08004459   Thumb Code    32  stm32f10x_tim.o(.text)
    TIM_TimeBaseStructInit                   0x08004479   Thumb Code    18  stm32f10x_tim.o(.text)
    TIM_OCStructInit                         0x0800448b   Thumb Code    20  stm32f10x_tim.o(.text)
    TIM_ICStructInit                         0x0800449f   Thumb Code    18  stm32f10x_tim.o(.text)
    TIM_BDTRStructInit                       0x080044b1   Thumb Code    40  stm32f10x_tim.o(.text)
    TIM_Cmd                                  0x080044d9   Thumb Code    24  stm32f10x_tim.o(.text)
    TIM_CtrlPWMOutputs                       0x080044f1   Thumb Code    30  stm32f10x_tim.o(.text)
    TIM_ITConfig                             0x0800450f   Thumb Code    18  stm32f10x_tim.o(.text)
    TIM_GenerateEvent                        0x08004521   Thumb Code     4  stm32f10x_tim.o(.text)
    TIM_DMAConfig                            0x08004525   Thumb Code    10  stm32f10x_tim.o(.text)
    TIM_DMACmd                               0x0800452f   Thumb Code    18  stm32f10x_tim.o(.text)
    TIM_InternalClockConfig                  0x08004541   Thumb Code    12  stm32f10x_tim.o(.text)
    TIM_SelectInputTrigger                   0x0800454d   Thumb Code    18  stm32f10x_tim.o(.text)
    TIM_ITRxExternalClockConfig              0x0800455f   Thumb Code    24  stm32f10x_tim.o(.text)
    TIM_TIxExternalClockConfig               0x08004577   Thumb Code    62  stm32f10x_tim.o(.text)
    TIM_ETRConfig                            0x080045b5   Thumb Code    28  stm32f10x_tim.o(.text)
    TIM_ETRClockMode1Config                  0x080045d1   Thumb Code    54  stm32f10x_tim.o(.text)
    TIM_ETRClockMode2Config                  0x08004607   Thumb Code    32  stm32f10x_tim.o(.text)
    TIM_PrescalerConfig                      0x08004627   Thumb Code     6  stm32f10x_tim.o(.text)
    TIM_CounterModeConfig                    0x0800462d   Thumb Code    18  stm32f10x_tim.o(.text)
    TIM_EncoderInterfaceConfig               0x0800463f   Thumb Code    66  stm32f10x_tim.o(.text)
    TIM_ForcedOC1Config                      0x08004681   Thumb Code    18  stm32f10x_tim.o(.text)
    TIM_ForcedOC2Config                      0x08004693   Thumb Code    26  stm32f10x_tim.o(.text)
    TIM_ForcedOC3Config                      0x080046ad   Thumb Code    18  stm32f10x_tim.o(.text)
    TIM_ForcedOC4Config                      0x080046bf   Thumb Code    26  stm32f10x_tim.o(.text)
    TIM_ARRPreloadConfig                     0x080046d9   Thumb Code    24  stm32f10x_tim.o(.text)
    TIM_SelectCOM                            0x080046f1   Thumb Code    24  stm32f10x_tim.o(.text)
    TIM_SelectCCDMA                          0x08004709   Thumb Code    24  stm32f10x_tim.o(.text)
    TIM_CCPreloadControl                     0x08004721   Thumb Code    24  stm32f10x_tim.o(.text)
    TIM_OC1PreloadConfig                     0x08004739   Thumb Code    18  stm32f10x_tim.o(.text)
    TIM_OC2PreloadConfig                     0x0800474b   Thumb Code    26  stm32f10x_tim.o(.text)
    TIM_OC3PreloadConfig                     0x08004765   Thumb Code    18  stm32f10x_tim.o(.text)
    TIM_OC4PreloadConfig                     0x08004777   Thumb Code    26  stm32f10x_tim.o(.text)
    TIM_OC1FastConfig                        0x08004791   Thumb Code    18  stm32f10x_tim.o(.text)
    TIM_OC2FastConfig                        0x080047a3   Thumb Code    26  stm32f10x_tim.o(.text)
    TIM_OC3FastConfig                        0x080047bd   Thumb Code    18  stm32f10x_tim.o(.text)
    TIM_OC4FastConfig                        0x080047cf   Thumb Code    26  stm32f10x_tim.o(.text)
    TIM_ClearOC1Ref                          0x080047e9   Thumb Code    18  stm32f10x_tim.o(.text)
    TIM_ClearOC2Ref                          0x080047fb   Thumb Code    24  stm32f10x_tim.o(.text)
    TIM_ClearOC3Ref                          0x08004813   Thumb Code    18  stm32f10x_tim.o(.text)
    TIM_ClearOC4Ref                          0x08004825   Thumb Code    24  stm32f10x_tim.o(.text)
    TIM_OC1PolarityConfig                    0x0800483d   Thumb Code    18  stm32f10x_tim.o(.text)
    TIM_OC1NPolarityConfig                   0x0800484f   Thumb Code    18  stm32f10x_tim.o(.text)
    TIM_OC2PolarityConfig                    0x08004861   Thumb Code    26  stm32f10x_tim.o(.text)
    TIM_OC2NPolarityConfig                   0x0800487b   Thumb Code    26  stm32f10x_tim.o(.text)
    TIM_OC3PolarityConfig                    0x08004895   Thumb Code    26  stm32f10x_tim.o(.text)
    TIM_OC3NPolarityConfig                   0x080048af   Thumb Code    26  stm32f10x_tim.o(.text)
    TIM_OC4PolarityConfig                    0x080048c9   Thumb Code    26  stm32f10x_tim.o(.text)
    TIM_CCxCmd                               0x080048e3   Thumb Code    30  stm32f10x_tim.o(.text)
    TIM_CCxNCmd                              0x08004901   Thumb Code    30  stm32f10x_tim.o(.text)
    TIM_SelectOCxM                           0x0800491f   Thumb Code    82  stm32f10x_tim.o(.text)
    TIM_UpdateDisableConfig                  0x08004971   Thumb Code    24  stm32f10x_tim.o(.text)
    TIM_UpdateRequestConfig                  0x08004989   Thumb Code    24  stm32f10x_tim.o(.text)
    TIM_SelectHallSensor                     0x080049a1   Thumb Code    24  stm32f10x_tim.o(.text)
    TIM_SelectOnePulseMode                   0x080049b9   Thumb Code    18  stm32f10x_tim.o(.text)
    TIM_SelectOutputTrigger                  0x080049cb   Thumb Code    18  stm32f10x_tim.o(.text)
    TIM_SelectSlaveMode                      0x080049dd   Thumb Code    18  stm32f10x_tim.o(.text)
    TIM_SelectMasterSlaveMode                0x080049ef   Thumb Code    18  stm32f10x_tim.o(.text)
    TIM_SetCounter                           0x08004a01   Thumb Code     4  stm32f10x_tim.o(.text)
    TIM_SetAutoreload                        0x08004a05   Thumb Code     4  stm32f10x_tim.o(.text)
    TIM_SetCompare1                          0x08004a09   Thumb Code     4  stm32f10x_tim.o(.text)
    TIM_SetCompare2                          0x08004a0d   Thumb Code     4  stm32f10x_tim.o(.text)
    TIM_SetCompare3                          0x08004a11   Thumb Code     4  stm32f10x_tim.o(.text)
    TIM_SetCompare4                          0x08004a15   Thumb Code     6  stm32f10x_tim.o(.text)
    TIM_SetClockDivision                     0x08004a1b   Thumb Code    18  stm32f10x_tim.o(.text)
    TIM_GetCapture1                          0x08004a2d   Thumb Code     6  stm32f10x_tim.o(.text)
    TIM_GetCapture2                          0x08004a33   Thumb Code     6  stm32f10x_tim.o(.text)
    TIM_GetCapture3                          0x08004a39   Thumb Code     6  stm32f10x_tim.o(.text)
    TIM_GetCapture4                          0x08004a3f   Thumb Code     8  stm32f10x_tim.o(.text)
    TIM_GetCounter                           0x08004a47   Thumb Code     6  stm32f10x_tim.o(.text)
    TIM_GetPrescaler                         0x08004a4d   Thumb Code     6  stm32f10x_tim.o(.text)
    TIM_GetFlagStatus                        0x08004a53   Thumb Code    18  stm32f10x_tim.o(.text)
    TIM_ClearFlag                            0x08004a65   Thumb Code     6  stm32f10x_tim.o(.text)
    TIM_GetITStatus                          0x08004a6b   Thumb Code    34  stm32f10x_tim.o(.text)
    TIM_ClearITPendingBit                    0x08004a8d   Thumb Code     6  stm32f10x_tim.o(.text)
    USART_DeInit                             0x08004a95   Thumb Code   134  stm32f10x_usart.o(.text)
    USART_Init                               0x08004b1b   Thumb Code   210  stm32f10x_usart.o(.text)
    USART_StructInit                         0x08004bed   Thumb Code    24  stm32f10x_usart.o(.text)
    USART_ClockInit                          0x08004c05   Thumb Code    34  stm32f10x_usart.o(.text)
    USART_ClockStructInit                    0x08004c27   Thumb Code    12  stm32f10x_usart.o(.text)
    USART_Cmd                                0x08004c33   Thumb Code    24  stm32f10x_usart.o(.text)
    USART_ITConfig                           0x08004c4b   Thumb Code    74  stm32f10x_usart.o(.text)
    USART_DMACmd                             0x08004c95   Thumb Code    18  stm32f10x_usart.o(.text)
    USART_SetAddress                         0x08004ca7   Thumb Code    18  stm32f10x_usart.o(.text)
    USART_WakeUpConfig                       0x08004cb9   Thumb Code    18  stm32f10x_usart.o(.text)
    USART_ReceiverWakeUpCmd                  0x08004ccb   Thumb Code    24  stm32f10x_usart.o(.text)
    USART_LINBreakDetectLengthConfig         0x08004ce3   Thumb Code    18  stm32f10x_usart.o(.text)
    USART_LINCmd                             0x08004cf5   Thumb Code    24  stm32f10x_usart.o(.text)
    USART_SendData                           0x08004d0d   Thumb Code     8  stm32f10x_usart.o(.text)
    USART_ReceiveData                        0x08004d15   Thumb Code    10  stm32f10x_usart.o(.text)
    USART_SendBreak                          0x08004d1f   Thumb Code    10  stm32f10x_usart.o(.text)
    USART_SetGuardTime                       0x08004d29   Thumb Code    16  stm32f10x_usart.o(.text)
    USART_SetPrescaler                       0x08004d39   Thumb Code    16  stm32f10x_usart.o(.text)
    USART_SmartCardCmd                       0x08004d49   Thumb Code    24  stm32f10x_usart.o(.text)
    USART_SmartCardNACKCmd                   0x08004d61   Thumb Code    24  stm32f10x_usart.o(.text)
    USART_HalfDuplexCmd                      0x08004d79   Thumb Code    24  stm32f10x_usart.o(.text)
    USART_OverSampling8Cmd                   0x08004d91   Thumb Code    22  stm32f10x_usart.o(.text)
    USART_OneBitMethodCmd                    0x08004da7   Thumb Code    24  stm32f10x_usart.o(.text)
    USART_IrDAConfig                         0x08004dbf   Thumb Code    18  stm32f10x_usart.o(.text)
    USART_IrDACmd                            0x08004dd1   Thumb Code    24  stm32f10x_usart.o(.text)
    USART_GetFlagStatus                      0x08004de9   Thumb Code    26  stm32f10x_usart.o(.text)
    USART_ClearFlag                          0x08004e03   Thumb Code    18  stm32f10x_usart.o(.text)
    USART_GetITStatus                        0x08004e15   Thumb Code    84  stm32f10x_usart.o(.text)
    USART_ClearITPendingBit                  0x08004e69   Thumb Code    52  stm32f10x_usart.o(.text)
    __aeabi_uidiv                            0x08004e9d   Thumb Code     0  uidiv.o(.text)
    __aeabi_uidivmod                         0x08004e9d   Thumb Code    44  uidiv.o(.text)
    __scatterload                            0x08004ec9   Thumb Code    28  init.o(.text)
    __scatterload_rt2                        0x08004ec9   Thumb Code     0  init.o(.text)
    ILI9341_Read_Data                        0x08004eed   Thumb Code     6  bsp_ili9341_lcd.o(i.ILI9341_Read_Data)
    ILI9341_Write_Cmd                        0x08004ef9   Thumb Code     8  bsp_ili9341_lcd.o(i.ILI9341_Write_Cmd)
    ILI9341_Write_Data                       0x08004f01   Thumb Code     6  bsp_ili9341_lcd.o(i.ILI9341_Write_Data)
    __0sprintf$3                             0x08004f0d   Thumb Code    34  printf3.o(i.__0sprintf$3)
    __1sprintf$3                             0x08004f0d   Thumb Code     0  printf3.o(i.__0sprintf$3)
    __2sprintf                               0x08004f0d   Thumb Code     0  printf3.o(i.__0sprintf$3)
    __scatterload_copy                       0x08004f35   Thumb Code    14  handlers.o(i.__scatterload_copy)
    __scatterload_null                       0x08004f43   Thumb Code     2  handlers.o(i.__scatterload_null)
    __scatterload_zeroinit                   0x08004f45   Thumb Code    14  handlers.o(i.__scatterload_zeroinit)
    ASCII8x16_Table                          0x08005116   Data        1520  fonts.o(.constdata)
    ASCII16x24_Table                         0x08005706   Data        4560  fonts.o(.constdata)
    ASCII24x32_Table                         0x080068d6   Data        9120  fonts.o(.constdata)
    auchCRCHi                                0x08008c76   Data         256  crc.o(.constdata)
    auchCRCLo                                0x08008d76   Data         256  crc.o(.constdata)
    OSUnMapTbl                               0x08008e76   Data         256  os_core.o(.constdata)
    Region$$Table$$Base                      0x08008f78   Number         0  anon$$obj.o(Region$$Table)
    Region$$Table$$Limit                     0x08008f98   Number         0  anon$$obj.o(Region$$Table)
    Usart_Send_Mbox                          0x20000000   Data           4  app.o(.data)
    Tim6_Analysis_Mbox                       0x20000004   Data           4  app.o(.data)
    RX_CNT                                   0x20000008   Data           2  app.o(.data)
    Font8x16                                 0x2000000c   Data           8  fonts.o(.data)
    Font16x24                                0x20000014   Data           8  fonts.o(.data)
    Font24x32                                0x2000001c   Data           8  fonts.o(.data)
    LCD_X_LENGTH                             0x20000024   Data           2  bsp_ili9341_lcd.o(.data)
    LCD_Y_LENGTH                             0x20000026   Data           2  bsp_ili9341_lcd.o(.data)
    LCD_SCAN_MODE                            0x20000028   Data           1  bsp_ili9341_lcd.o(.data)
    TX_EN                                    0x20000034   Data           1  modbus_m.o(.data)
    RX_EN                                    0x20000035   Data           1  modbus_m.o(.data)
    RxOverFlag                               0x20000036   Data           1  modbus_m.o(.data)
    EXCEPTION_CODE                           0x20000037   Data           1  modbus_m.o(.data)
    SlaverAddr                               0x20000038   Data           1  modbus_m.o(.data)
    Fuction                                  0x20000039   Data           1  modbus_m.o(.data)
    StartAddr                                0x2000003a   Data           2  modbus_m.o(.data)
    ValueOrLenth                             0x2000003c   Data           2  modbus_m.o(.data)
    OSCtxSwCtr                               0x20000040   Data           4  os_core.o(.data)
    OSEventFreeList                          0x20000044   Data           4  os_core.o(.data)
    OSCPUUsage                               0x20000048   Data           1  os_core.o(.data)
    OSIdleCtrMax                             0x2000004c   Data           4  os_core.o(.data)
    OSIdleCtrRun                             0x20000050   Data           4  os_core.o(.data)
    OSStatRdy                                0x20000054   Data           1  os_core.o(.data)
    OSIntNesting                             0x20000055   Data           1  os_core.o(.data)
    OSLockNesting                            0x20000056   Data           1  os_core.o(.data)
    OSPrioCur                                0x20000057   Data           1  os_core.o(.data)
    OSPrioHighRdy                            0x20000058   Data           1  os_core.o(.data)
    OSRdyGrp                                 0x20000059   Data           1  os_core.o(.data)
    OSRdyTbl                                 0x2000005a   Data           8  os_core.o(.data)
    OSRunning                                0x20000062   Data           1  os_core.o(.data)
    OSTaskCtr                                0x20000063   Data           1  os_core.o(.data)
    OSIdleCtr                                0x20000064   Data           4  os_core.o(.data)
    OSTCBCur                                 0x20000068   Data           4  os_core.o(.data)
    OSTCBFreeList                            0x2000006c   Data           4  os_core.o(.data)
    OSTCBHighRdy                             0x20000070   Data           4  os_core.o(.data)
    OSTCBList                                0x20000074   Data           4  os_core.o(.data)
    OSTickStepState                          0x20000078   Data           1  os_core.o(.data)
    OSTime                                   0x2000007c   Data           4  os_core.o(.data)
    time                                     0x20000080   Data           4  stm32f10x_it.o(.data)
    SystemCoreClock                          0x20000084   Data           4  system_stm32f10x.o(.data)
    AHBPrescTable                            0x20000088   Data          16  system_stm32f10x.o(.data)
    send_task_stk                            0x200000ac   Data         320  app.o(.bss)
    receive_task_stk                         0x200001ec   Data         320  app.o(.bss)
    analysis_task_stk                        0x2000032c   Data         320  app.o(.bss)
    disp_task_stk                            0x2000046c   Data         320  app.o(.bss)
    TX_BUFF                                  0x200005ac   Data        2048  modbus_m.o(.bss)
    RX_BUFF                                  0x20000dac   Data        2048  modbus_m.o(.bss)
    MasterRead                               0x200015ac   Data        2000  modbus_m.o(.bss)
    OSEventTbl                               0x20001d7c   Data         240  os_core.o(.bss)
    OSTaskStatStk                            0x20001e6c   Data         512  os_core.o(.bss)
    OSTaskIdleStk                            0x2000206c   Data         512  os_core.o(.bss)
    OSTCBPrioTbl                             0x2000226c   Data         256  os_core.o(.bss)
    OSTCBTbl                                 0x2000236c   Data        1672  os_core.o(.bss)
    start_task_stk                           0x200029f4   Data         320  main.o(.bss)
    __initial_sp                             0x20002f38   Data           0  startup_stm32f10x_hd.o(STACK)



==============================================================================

Memory Map of the image

  Image Entry point : 0x08000131

  Load Region LR_IROM1 (Base: 0x08000000, Size: 0x00009044, Max: 0x00080000, ABSOLUTE)

    Execution Region ER_IROM1 (Base: 0x08000000, Size: 0x00008f98, Max: 0x00080000, ABSOLUTE)

    Base Addr    Size         Type   Attr      Idx    E Section Name        Object

    0x08000000   0x00000130   Data   RO          457    RESET               startup_stm32f10x_hd.o
    0x08000130   0x00000000   Code   RO          768  * .ARM.Collect$$$$00000000  mc_w.l(entry.o)
    0x08000130   0x00000004   Code   RO         1032    .ARM.Collect$$$$00000001  mc_w.l(entry2.o)
    0x08000134   0x00000004   Code   RO         1035    .ARM.Collect$$$$00000004  mc_w.l(entry5.o)
    0x08000138   0x00000000   Code   RO         1037    .ARM.Collect$$$$00000008  mc_w.l(entry7b.o)
    0x08000138   0x00000000   Code   RO         1039    .ARM.Collect$$$$0000000A  mc_w.l(entry8b.o)
    0x08000138   0x00000008   Code   RO         1040    .ARM.Collect$$$$0000000B  mc_w.l(entry9a.o)
    0x08000140   0x00000000   Code   RO         1042    .ARM.Collect$$$$0000000D  mc_w.l(entry10a.o)
    0x08000140   0x00000000   Code   RO         1044    .ARM.Collect$$$$0000000F  mc_w.l(entry11a.o)
    0x08000140   0x00000004   Code   RO         1033    .ARM.Collect$$$$00002712  mc_w.l(entry2.o)
    0x08000144   0x000001d4   Code   RO            1    .text               app.o
    0x08000318   0x0000007c   Code   RO          158    .text               bsp.o
    0x08000394   0x00000b38   Code   RO          187    .text               bsp_ili9341_lcd.o
    0x08000ecc   0x00000060   Code   RO          229    .text               bsp_led.o
    0x08000f2c   0x000001b0   Code   RO          241    .text               bsp_usart.o
    0x080010dc   0x00000038   Code   RO          253    .text               crc.o
    0x08001114   0x00000284   Code   RO          268    .text               modbus_m.o
    0x08001398   0x000000d4   Code   RO          300    .text               os_cpu_c.o
    0x0800146c   0x000000a4   Code   RO          328    .text               os_cpu_a.o
    0x08001510   0x00000954   Code   RO          332    .text               os_core.o
    0x08001e64   0x000003e0   Code   RO          358    .text               os_mbox.o
    0x08002244   0x000007b4   Code   RO          394    .text               os_task.o
    0x080029f8   0x000001b0   Code   RO          406    .text               os_time.o
    0x08002ba8   0x00000028   Code   RO          424    .text               main.o
    0x08002bd0   0x000000bc   Code   RO          439    .text               stm32f10x_it.o
    0x08002c8c   0x00000024   Code   RO          458    .text               startup_stm32f10x_hd.o
    0x08002cb0   0x000001e0   Code   RO          472    .text               system_stm32f10x.o
    0x08002e90   0x000000dc   Code   RO          490    .text               misc.o
    0x08002f6c   0x0000060c   Code   RO          622    .text               stm32f10x_fsmc.o
    0x08003578   0x0000035c   Code   RO          634    .text               stm32f10x_gpio.o
    0x080038d4   0x000003a4   Code   RO          682    .text               stm32f10x_rcc.o
    0x08003c78   0x00000e1a   Code   RO          732    .text               stm32f10x_tim.o
    0x08004a92   0x00000002   PAD
    0x08004a94   0x00000408   Code   RO          744    .text               stm32f10x_usart.o
    0x08004e9c   0x0000002c   Code   RO         1047    .text               mc_w.l(uidiv.o)
    0x08004ec8   0x00000024   Code   RO         1062    .text               mc_w.l(init.o)
    0x08004eec   0x0000000c   Code   RO          209    i.ILI9341_Read_Data  bsp_ili9341_lcd.o
    0x08004ef8   0x00000008   Code   RO          199    i.ILI9341_Write_Cmd  bsp_ili9341_lcd.o
    0x08004f00   0x0000000c   Code   RO          204    i.ILI9341_Write_Data  bsp_ili9341_lcd.o
    0x08004f0c   0x00000028   Code   RO          862    i.__0sprintf$3      mc_w.l(printf3.o)
    0x08004f34   0x0000000e   Code   RO         1074    i.__scatterload_copy  mc_w.l(handlers.o)
    0x08004f42   0x00000002   Code   RO         1075    i.__scatterload_null  mc_w.l(handlers.o)
    0x08004f44   0x0000000e   Code   RO         1076    i.__scatterload_zeroinit  mc_w.l(handlers.o)
    0x08004f52   0x00000002   PAD
    0x08004f54   0x000001b8   Code   RO          867    i._printf_core      mc_w.l(printf3.o)
    0x0800510c   0x0000000a   Code   RO          869    i._sputc            mc_w.l(printf3.o)
    0x08005116   0x00003b60   Data   RO          174    .constdata          fonts.o
    0x08008c76   0x00000200   Data   RO          254    .constdata          crc.o
    0x08008e76   0x00000100   Data   RO          334    .constdata          os_core.o
    0x08008f76   0x00000002   PAD
    0x08008f78   0x00000020   Data   RO         1072    Region$$Table       anon$$obj.o


    Execution Region RW_IRAM1 (Base: 0x20000000, Size: 0x00002f38, Max: 0x00010000, ABSOLUTE)

    Base Addr    Size         Type   Attr      Idx    E Section Name        Object

    0x20000000   0x0000000a   Data   RW            3    .data               app.o
    0x2000000a   0x00000002   PAD
    0x2000000c   0x00000018   Data   RW          175    .data               fonts.o
    0x20000024   0x00000010   Data   RW          188    .data               bsp_ili9341_lcd.o
    0x20000034   0x0000000b   Data   RW          270    .data               modbus_m.o
    0x2000003f   0x00000001   PAD
    0x20000040   0x00000040   Data   RW          335    .data               os_core.o
    0x20000080   0x00000004   Data   RW          440    .data               stm32f10x_it.o
    0x20000084   0x00000014   Data   RW          473    .data               system_stm32f10x.o
    0x20000098   0x00000014   Data   RW          683    .data               stm32f10x_rcc.o
    0x200000ac   0x00000500   Zero   RW            2    .bss                app.o
    0x200005ac   0x000017d0   Zero   RW          269    .bss                modbus_m.o
    0x20001d7c   0x00000c78   Zero   RW          333    .bss                os_core.o
    0x200029f4   0x00000140   Zero   RW          425    .bss                main.o
    0x20002b34   0x00000004   PAD
    0x20002b38   0x00000400   Zero   RW          455    STACK               startup_stm32f10x_hd.o


==============================================================================

Image component sizes


      Code (inc. data)   RO Data    RW Data    ZI Data      Debug   Object Name

       468         88          0         10       1280     271883   app.o
       124         12          0          0          0      15850   bsp.o
      2904         90          0         16          0      11377   bsp_ili9341_lcd.o
        96          6          0          0          0        506   bsp_led.o
       432         10          0          0          0       2454   bsp_usart.o
        56          8        512          0          0       1139   crc.o
         0          0      15200         24          0       1241   fonts.o
        40         10          0          0        320        932   main.o
       220         22          0          0          0       1781   misc.o
       644         48          0         11       6096       3505   modbus_m.o
      2388        238        256         64       3192      14513   os_core.o
       164         32          0          0          0        352   os_cpu_a.o
       212          4          0          0          0       9536   os_cpu_c.o
       992         22          0          0          0       4118   os_mbox.o
      1972         68          0          0          0       7389   os_task.o
       432         30          0          0          0       1766   os_time.o
        36          8        304          0       1024        820   startup_stm32f10x_hd.o
      1548         18          0          0          0       5323   stm32f10x_fsmc.o
       860         38          0          0          0       5621   stm32f10x_gpio.o
       188         26          0          4          0       2216   stm32f10x_it.o
       932         36          0         20          0       8776   stm32f10x_rcc.o
      3610         88          0          0          0      22108   stm32f10x_tim.o
      1032         22          0          0          0       8352   stm32f10x_usart.o
       480         38          0         20          0       1819   system_stm32f10x.o

    ----------------------------------------------------------------------
     19832        962      16306        172      11916     403377   Object Totals
         0          0         32          0          0          0   (incl. Generated)
         2          0          2          3          4          0   (incl. Padding)

    ----------------------------------------------------------------------

      Code (inc. data)   RO Data    RW Data    ZI Data      Debug   Library Member Name

         0          0          0          0          0          0   entry.o
         0          0          0          0          0          0   entry10a.o
         0          0          0          0          0          0   entry11a.o
         8          4          0          0          0          0   entry2.o
         4          0          0          0          0          0   entry5.o
         0          0          0          0          0          0   entry7b.o
         0          0          0          0          0          0   entry8b.o
         8          4          0          0          0          0   entry9a.o
        30          0          0          0          0          0   handlers.o
        36          8          0          0          0         68   init.o
       490         10          0          0          0        252   printf3.o
        44          0          0          0          0         80   uidiv.o

    ----------------------------------------------------------------------
       622         26          0          0          0        400   Library Totals
         2          0          0          0          0          0   (incl. Padding)

    ----------------------------------------------------------------------

      Code (inc. data)   RO Data    RW Data    ZI Data      Debug   Library Name

       620         26          0          0          0        400   mc_w.l

    ----------------------------------------------------------------------
       622         26          0          0          0        400   Library Totals

    ----------------------------------------------------------------------

==============================================================================


      Code (inc. data)   RO Data    RW Data    ZI Data      Debug   

     20454        988      16306        172      11916     401537   Grand Totals
     20454        988      16306        172      11916     401537   ELF Image Totals
     20454        988      16306        172          0          0   ROM Totals

==============================================================================

    Total RO  Size (Code + RO Data)                36760 (  35.90kB)
    Total RW  Size (RW Data + ZI Data)             12088 (  11.80kB)
    Total ROM Size (Code + RO Data + RW Data)      36932 (  36.07kB)

==============================================================================

